Archive member included because of file (symbol)

/Users/dasvaclav/Documents/workspace/arduino-base/Release/libarduino-base.a(wiring.o)
                              ./cvToSolenoid.o (millis)
/Users/dasvaclav/Documents/workspace/arduino-base/Release/libarduino-base.a(wiring_analog.o)
                              ./cvToSolenoid.o (analogRead)
/Users/dasvaclav/Documents/workspace/arduino-base/Release/libarduino-base.a(wiring_digital.o)
                              ./cvToSolenoid.o (pinMode)
/usr/local/CrossPack-AVR-20131128/lib/gcc/avr/4.7.2/../../../../avr/lib/avr5/libc.a(exit.o)
                              /usr/local/CrossPack-AVR-20131128/lib/gcc/avr/4.7.2/../../../../avr/lib/avr5/crtm328p.o (exit)
/usr/local/CrossPack-AVR-20131128/lib/gcc/avr/4.7.2/avr5/libgcc.a(_exit.o)
                              /usr/local/CrossPack-AVR-20131128/lib/gcc/avr/4.7.2/../../../../avr/lib/avr5/libc.a(exit.o) (_exit)
/usr/local/CrossPack-AVR-20131128/lib/gcc/avr/4.7.2/avr5/libgcc.a(_copy_data.o)
                              ./cvToSolenoid.o (__do_copy_data)
/usr/local/CrossPack-AVR-20131128/lib/gcc/avr/4.7.2/avr5/libgcc.a(_clear_bss.o)
                              ./cvToSolenoid.o (__do_clear_bss)

Discarded input sections

 .bss           0x00000000        0x0 /usr/local/CrossPack-AVR-20131128/lib/gcc/avr/4.7.2/../../../../avr/lib/avr5/crtm328p.o
 .text          0x00000000        0x0 ./cvToSolenoid.o
 .bss           0x00000000        0x0 ./cvToSolenoid.o
 .text          0x00000000        0x0 /Users/dasvaclav/Documents/workspace/arduino-base/Release/libarduino-base.a(wiring.o)
 .bss           0x00000000        0x0 /Users/dasvaclav/Documents/workspace/arduino-base/Release/libarduino-base.a(wiring.o)
 .text.micros   0x00000000       0x54 /Users/dasvaclav/Documents/workspace/arduino-base/Release/libarduino-base.a(wiring.o)
 .text.delay    0x00000000       0x4c /Users/dasvaclav/Documents/workspace/arduino-base/Release/libarduino-base.a(wiring.o)
 .text.delayMicroseconds
                0x00000000       0x14 /Users/dasvaclav/Documents/workspace/arduino-base/Release/libarduino-base.a(wiring.o)
 .text          0x00000000        0x0 /Users/dasvaclav/Documents/workspace/arduino-base/Release/libarduino-base.a(wiring_analog.o)
 .bss           0x00000000        0x0 /Users/dasvaclav/Documents/workspace/arduino-base/Release/libarduino-base.a(wiring_analog.o)
 .text.analogReference
                0x00000000        0x6 /Users/dasvaclav/Documents/workspace/arduino-base/Release/libarduino-base.a(wiring_analog.o)
 .text.analogWrite
                0x00000000       0xc2 /Users/dasvaclav/Documents/workspace/arduino-base/Release/libarduino-base.a(wiring_analog.o)
 .text          0x00000000        0x0 /Users/dasvaclav/Documents/workspace/arduino-base/Release/libarduino-base.a(wiring_digital.o)
 .bss           0x00000000        0x0 /Users/dasvaclav/Documents/workspace/arduino-base/Release/libarduino-base.a(wiring_digital.o)
 .text          0x00000000        0x0 /usr/local/CrossPack-AVR-20131128/lib/gcc/avr/4.7.2/../../../../avr/lib/avr5/libc.a(exit.o)
 .bss           0x00000000        0x0 /usr/local/CrossPack-AVR-20131128/lib/gcc/avr/4.7.2/../../../../avr/lib/avr5/libc.a(exit.o)
 .text          0x00000000        0x0 /usr/local/CrossPack-AVR-20131128/lib/gcc/avr/4.7.2/avr5/libgcc.a(_exit.o)
 .bss           0x00000000        0x0 /usr/local/CrossPack-AVR-20131128/lib/gcc/avr/4.7.2/avr5/libgcc.a(_exit.o)
 .text.libgcc.mul
                0x00000000        0x0 /usr/local/CrossPack-AVR-20131128/lib/gcc/avr/4.7.2/avr5/libgcc.a(_exit.o)
 .text.libgcc.div
                0x00000000        0x0 /usr/local/CrossPack-AVR-20131128/lib/gcc/avr/4.7.2/avr5/libgcc.a(_exit.o)
 .text.libgcc   0x00000000        0x0 /usr/local/CrossPack-AVR-20131128/lib/gcc/avr/4.7.2/avr5/libgcc.a(_exit.o)
 .text.libgcc.prologue
                0x00000000        0x0 /usr/local/CrossPack-AVR-20131128/lib/gcc/avr/4.7.2/avr5/libgcc.a(_exit.o)
 .text.libgcc.builtins
                0x00000000        0x0 /usr/local/CrossPack-AVR-20131128/lib/gcc/avr/4.7.2/avr5/libgcc.a(_exit.o)
 .text.libgcc.fmul
                0x00000000        0x0 /usr/local/CrossPack-AVR-20131128/lib/gcc/avr/4.7.2/avr5/libgcc.a(_exit.o)
 .text          0x00000000        0x0 /usr/local/CrossPack-AVR-20131128/lib/gcc/avr/4.7.2/avr5/libgcc.a(_copy_data.o)
 .bss           0x00000000        0x0 /usr/local/CrossPack-AVR-20131128/lib/gcc/avr/4.7.2/avr5/libgcc.a(_copy_data.o)
 .text.libgcc.mul
                0x00000000        0x0 /usr/local/CrossPack-AVR-20131128/lib/gcc/avr/4.7.2/avr5/libgcc.a(_copy_data.o)
 .text.libgcc.div
                0x00000000        0x0 /usr/local/CrossPack-AVR-20131128/lib/gcc/avr/4.7.2/avr5/libgcc.a(_copy_data.o)
 .text.libgcc   0x00000000        0x0 /usr/local/CrossPack-AVR-20131128/lib/gcc/avr/4.7.2/avr5/libgcc.a(_copy_data.o)
 .text.libgcc.prologue
                0x00000000        0x0 /usr/local/CrossPack-AVR-20131128/lib/gcc/avr/4.7.2/avr5/libgcc.a(_copy_data.o)
 .text.libgcc.builtins
                0x00000000        0x0 /usr/local/CrossPack-AVR-20131128/lib/gcc/avr/4.7.2/avr5/libgcc.a(_copy_data.o)
 .text.libgcc.fmul
                0x00000000        0x0 /usr/local/CrossPack-AVR-20131128/lib/gcc/avr/4.7.2/avr5/libgcc.a(_copy_data.o)
 .text          0x00000000        0x0 /usr/local/CrossPack-AVR-20131128/lib/gcc/avr/4.7.2/avr5/libgcc.a(_clear_bss.o)
 .bss           0x00000000        0x0 /usr/local/CrossPack-AVR-20131128/lib/gcc/avr/4.7.2/avr5/libgcc.a(_clear_bss.o)
 .text.libgcc.mul
                0x00000000        0x0 /usr/local/CrossPack-AVR-20131128/lib/gcc/avr/4.7.2/avr5/libgcc.a(_clear_bss.o)
 .text.libgcc.div
                0x00000000        0x0 /usr/local/CrossPack-AVR-20131128/lib/gcc/avr/4.7.2/avr5/libgcc.a(_clear_bss.o)
 .text.libgcc   0x00000000        0x0 /usr/local/CrossPack-AVR-20131128/lib/gcc/avr/4.7.2/avr5/libgcc.a(_clear_bss.o)
 .text.libgcc.prologue
                0x00000000        0x0 /usr/local/CrossPack-AVR-20131128/lib/gcc/avr/4.7.2/avr5/libgcc.a(_clear_bss.o)
 .text.libgcc.builtins
                0x00000000        0x0 /usr/local/CrossPack-AVR-20131128/lib/gcc/avr/4.7.2/avr5/libgcc.a(_clear_bss.o)
 .text.libgcc.fmul
                0x00000000        0x0 /usr/local/CrossPack-AVR-20131128/lib/gcc/avr/4.7.2/avr5/libgcc.a(_clear_bss.o)

Memory Configuration

Name             Origin             Length             Attributes
text             0x00000000         0x00020000         xr
data             0x00800060         0x0000ffa0         rw !x
eeprom           0x00810000         0x00010000         rw !x
fuse             0x00820000         0x00000400         rw !x
lock             0x00830000         0x00000400         rw !x
signature        0x00840000         0x00000400         rw !x
user_signatures  0x00850000         0x00000400         rw !x
*default*        0x00000000         0xffffffff

Linker script and memory map

Address of section .data set to 0x800100
LOAD /usr/local/CrossPack-AVR-20131128/lib/gcc/avr/4.7.2/../../../../avr/lib/avr5/crtm328p.o
LOAD ./cvToSolenoid.o
LOAD /Users/dasvaclav/Documents/workspace/arduino-base/Release/libarduino-base.a
LOAD /usr/local/CrossPack-AVR-20131128/lib/gcc/avr/4.7.2/../../../../avr/lib/avr5/libc.a
LOAD /usr/local/CrossPack-AVR-20131128/lib/gcc/avr/4.7.2/avr5/libgcc.a
LOAD /usr/local/CrossPack-AVR-20131128/lib/gcc/avr/4.7.2/../../../../avr/lib/avr5/libm.a
LOAD /usr/local/CrossPack-AVR-20131128/lib/gcc/avr/4.7.2/../../../../avr/lib/avr5/libc.a
START GROUP
LOAD /usr/local/CrossPack-AVR-20131128/lib/gcc/avr/4.7.2/avr5/libgcc.a
LOAD /usr/local/CrossPack-AVR-20131128/lib/gcc/avr/4.7.2/../../../../avr/lib/avr5/libm.a
LOAD /usr/local/CrossPack-AVR-20131128/lib/gcc/avr/4.7.2/../../../../avr/lib/avr5/libc.a
END GROUP

.hash
 *(.hash)

.dynsym
 *(.dynsym)

.dynstr
 *(.dynstr)

.gnu.version
 *(.gnu.version)

.gnu.version_d
 *(.gnu.version_d)

.gnu.version_r
 *(.gnu.version_r)

.rel.init
 *(.rel.init)

.rela.init
 *(.rela.init)

.rel.text
 *(.rel.text)
 *(.rel.text.*)
 *(.rel.gnu.linkonce.t*)

.rela.text
 *(.rela.text)
 *(.rela.text.*)
 *(.rela.gnu.linkonce.t*)

.rel.fini
 *(.rel.fini)

.rela.fini
 *(.rela.fini)

.rel.rodata
 *(.rel.rodata)
 *(.rel.rodata.*)
 *(.rel.gnu.linkonce.r*)

.rela.rodata
 *(.rela.rodata)
 *(.rela.rodata.*)
 *(.rela.gnu.linkonce.r*)

.rel.data
 *(.rel.data)
 *(.rel.data.*)
 *(.rel.gnu.linkonce.d*)

.rela.data
 *(.rela.data)
 *(.rela.data.*)
 *(.rela.gnu.linkonce.d*)

.rel.ctors
 *(.rel.ctors)

.rela.ctors
 *(.rela.ctors)

.rel.dtors
 *(.rel.dtors)

.rela.dtors
 *(.rela.dtors)

.rel.got
 *(.rel.got)

.rela.got
 *(.rela.got)

.rel.bss
 *(.rel.bss)

.rela.bss
 *(.rela.bss)

.rel.plt
 *(.rel.plt)

.rela.plt
 *(.rela.plt)

.text           0x00000000      0x5d6
 *(.vectors)
 .vectors       0x00000000       0x68 /usr/local/CrossPack-AVR-20131128/lib/gcc/avr/4.7.2/../../../../avr/lib/avr5/crtm328p.o
                0x00000000                __vectors
                0x00000000                __vector_default
 *(.vectors)
 *(.progmem.gcc*)
 *(.progmem*)
 .progmem.data.digital_pin_to_timer_PGM
                0x00000068       0x14 /Users/dasvaclav/Documents/workspace/arduino-base/Release/libarduino-base.a(wiring_digital.o)
                0x00000068                digital_pin_to_timer_PGM
 .progmem.data.digital_pin_to_bit_mask_PGM
                0x0000007c       0x14 /Users/dasvaclav/Documents/workspace/arduino-base/Release/libarduino-base.a(wiring_digital.o)
                0x0000007c                digital_pin_to_bit_mask_PGM
 .progmem.data.digital_pin_to_port_PGM
                0x00000090       0x14 /Users/dasvaclav/Documents/workspace/arduino-base/Release/libarduino-base.a(wiring_digital.o)
                0x00000090                digital_pin_to_port_PGM
 .progmem.data.port_to_input_PGM
                0x000000a4        0xa /Users/dasvaclav/Documents/workspace/arduino-base/Release/libarduino-base.a(wiring_digital.o)
                0x000000a4                port_to_input_PGM
 .progmem.data.port_to_output_PGM
                0x000000ae        0xa /Users/dasvaclav/Documents/workspace/arduino-base/Release/libarduino-base.a(wiring_digital.o)
                0x000000ae                port_to_output_PGM
 .progmem.data.port_to_mode_PGM
                0x000000b8        0xa /Users/dasvaclav/Documents/workspace/arduino-base/Release/libarduino-base.a(wiring_digital.o)
                0x000000b8                port_to_mode_PGM
                0x000000c2                . = ALIGN (0x2)
                0x000000c2                __trampolines_start = .
 *(.trampolines)
 .trampolines   0x000000c2        0x0 linker stubs
 *(.trampolines*)
                0x000000c2                __trampolines_end = .
 *(.jumptables)
 *(.jumptables*)
 *(.lowtext)
 *(.lowtext*)
                0x000000c2                __ctors_start = .
 *(.ctors)
                0x000000c2                __ctors_end = .
                0x000000c2                __dtors_start = .
 *(.dtors)
                0x000000c2                __dtors_end = .
 SORT(*)(.ctors)
 SORT(*)(.dtors)
 *(.init0)
 .init0         0x000000c2        0x0 /usr/local/CrossPack-AVR-20131128/lib/gcc/avr/4.7.2/../../../../avr/lib/avr5/crtm328p.o
                0x000000c2                __init
 *(.init0)
 *(.init1)
 *(.init1)
 *(.init2)
 .init2         0x000000c2        0xc /usr/local/CrossPack-AVR-20131128/lib/gcc/avr/4.7.2/../../../../avr/lib/avr5/crtm328p.o
 *(.init2)
 *(.init3)
 *(.init3)
 *(.init4)
 .init4         0x000000ce       0x16 /usr/local/CrossPack-AVR-20131128/lib/gcc/avr/4.7.2/avr5/libgcc.a(_copy_data.o)
                0x000000ce                __do_copy_data
 .init4         0x000000e4       0x10 /usr/local/CrossPack-AVR-20131128/lib/gcc/avr/4.7.2/avr5/libgcc.a(_clear_bss.o)
                0x000000e4                __do_clear_bss
 *(.init4)
 *(.init5)
 *(.init5)
 *(.init6)
 *(.init6)
 *(.init7)
 *(.init7)
 *(.init8)
 *(.init8)
 *(.init9)
 .init9         0x000000f4        0x4 /usr/local/CrossPack-AVR-20131128/lib/gcc/avr/4.7.2/../../../../avr/lib/avr5/crtm328p.o
 *(.init9)
 *(.text)
 .text          0x000000f8        0x2 /usr/local/CrossPack-AVR-20131128/lib/gcc/avr/4.7.2/../../../../avr/lib/avr5/crtm328p.o
                0x000000f8                __vector_20
                0x000000f8                __vector_1
                0x000000f8                __vector_24
                0x000000f8                __vector_12
                0x000000f8                __bad_interrupt
                0x000000f8                __vector_6
                0x000000f8                __vector_3
                0x000000f8                __vector_23
                0x000000f8                __vector_25
                0x000000f8                __vector_11
                0x000000f8                __vector_13
                0x000000f8                __vector_17
                0x000000f8                __vector_19
                0x000000f8                __vector_7
                0x000000f8                __vector_5
                0x000000f8                __vector_4
                0x000000f8                __vector_9
                0x000000f8                __vector_2
                0x000000f8                __vector_21
                0x000000f8                __vector_15
                0x000000f8                __vector_8
                0x000000f8                __vector_14
                0x000000f8                __vector_10
                0x000000f8                __vector_18
                0x000000f8                __vector_22
                0x000000fa                . = ALIGN (0x2)
 *(.text.*)
 .text.setup    0x000000fa       0x54 ./cvToSolenoid.o
                0x000000fa                setup
 .text.loop     0x0000014e      0x188 ./cvToSolenoid.o
                0x0000014e                loop
 .text.startup.main
                0x000002d6        0x8 ./cvToSolenoid.o
                0x000002d6                main
 .text.__vector_16
                0x000002de       0x94 /Users/dasvaclav/Documents/workspace/arduino-base/Release/libarduino-base.a(wiring.o)
                0x000002de                __vector_16
 .text.millis   0x00000372       0x24 /Users/dasvaclav/Documents/workspace/arduino-base/Release/libarduino-base.a(wiring.o)
                0x00000372                millis
 .text.init     0x00000396       0x76 /Users/dasvaclav/Documents/workspace/arduino-base/Release/libarduino-base.a(wiring.o)
                0x00000396                init
 .text.analogRead
                0x0000040c       0x42 /Users/dasvaclav/Documents/workspace/arduino-base/Release/libarduino-base.a(wiring_analog.o)
                0x0000040c                analogRead
 .text.turnOffPWM
                0x0000044e       0x54 /Users/dasvaclav/Documents/workspace/arduino-base/Release/libarduino-base.a(wiring_digital.o)
 .text.pinMode  0x000004a2       0x70 /Users/dasvaclav/Documents/workspace/arduino-base/Release/libarduino-base.a(wiring_digital.o)
                0x000004a2                pinMode
 .text.digitalWrite
                0x00000512       0x6c /Users/dasvaclav/Documents/workspace/arduino-base/Release/libarduino-base.a(wiring_digital.o)
                0x00000512                digitalWrite
 .text.digitalRead
                0x0000057e       0x50 /Users/dasvaclav/Documents/workspace/arduino-base/Release/libarduino-base.a(wiring_digital.o)
                0x0000057e                digitalRead
 .text.avr-libc
                0x000005ce        0x4 /usr/local/CrossPack-AVR-20131128/lib/gcc/avr/4.7.2/../../../../avr/lib/avr5/libc.a(exit.o)
                0x000005ce                exit
                0x000005d2                . = ALIGN (0x2)
 *(.fini9)
 .fini9         0x000005d2        0x0 /usr/local/CrossPack-AVR-20131128/lib/gcc/avr/4.7.2/avr5/libgcc.a(_exit.o)
                0x000005d2                _exit
 *(.fini9)
 *(.fini8)
 *(.fini8)
 *(.fini7)
 *(.fini7)
 *(.fini6)
 *(.fini6)
 *(.fini5)
 *(.fini5)
 *(.fini4)
 *(.fini4)
 *(.fini3)
 *(.fini3)
 *(.fini2)
 *(.fini2)
 *(.fini1)
 *(.fini1)
 *(.fini0)
 .fini0         0x000005d2        0x4 /usr/local/CrossPack-AVR-20131128/lib/gcc/avr/4.7.2/avr5/libgcc.a(_exit.o)
 *(.fini0)
                0x000005d6                _etext = .

.data           0x00800100        0xa load address 0x000005d6
                0x00800100                PROVIDE (__data_start, .)
 *(.data)
 .data          0x00800100        0x0 /usr/local/CrossPack-AVR-20131128/lib/gcc/avr/4.7.2/../../../../avr/lib/avr5/crtm328p.o
 .data          0x00800100        0x0 ./cvToSolenoid.o
 .data          0x00800100        0x0 /Users/dasvaclav/Documents/workspace/arduino-base/Release/libarduino-base.a(wiring.o)
 .data          0x00800100        0x0 /Users/dasvaclav/Documents/workspace/arduino-base/Release/libarduino-base.a(wiring_analog.o)
 .data          0x00800100        0x0 /Users/dasvaclav/Documents/workspace/arduino-base/Release/libarduino-base.a(wiring_digital.o)
 .data          0x00800100        0x0 /usr/local/CrossPack-AVR-20131128/lib/gcc/avr/4.7.2/../../../../avr/lib/avr5/libc.a(exit.o)
 .data          0x00800100        0x0 /usr/local/CrossPack-AVR-20131128/lib/gcc/avr/4.7.2/avr5/libgcc.a(_exit.o)
 .data          0x00800100        0x0 /usr/local/CrossPack-AVR-20131128/lib/gcc/avr/4.7.2/avr5/libgcc.a(_copy_data.o)
 .data          0x00800100        0x0 /usr/local/CrossPack-AVR-20131128/lib/gcc/avr/4.7.2/avr5/libgcc.a(_clear_bss.o)
 *(.data*)
 .data.analog_reference
                0x00800100        0x1 /Users/dasvaclav/Documents/workspace/arduino-base/Release/libarduino-base.a(wiring_analog.o)
                0x00800100                analog_reference
 *(.rodata)
 *(.rodata*)
 .rodata._ZL5input
                0x00800101        0x4 ./cvToSolenoid.o
 .rodata._ZL6output
                0x00800105        0x4 ./cvToSolenoid.o
 *(.gnu.linkonce.d*)
                0x0080010a                . = ALIGN (0x2)
 *fill*         0x00800109        0x1 
                0x0080010a                _edata = .
                0x0080010a                PROVIDE (__data_end, .)

.bss            0x0080010a       0x25
                0x0080010a                PROVIDE (__bss_start, .)
 *(.bss)
 *(.bss*)
 .bss.triggerLength
                0x0080010a        0x4 ./cvToSolenoid.o
                0x0080010a                triggerLength
 .bss.outputState
                0x0080010e        0x4 ./cvToSolenoid.o
                0x0080010e                outputState
 .bss.triggerTime
                0x00800112       0x10 ./cvToSolenoid.o
                0x00800112                triggerTime
 .bss.triggerState
                0x00800122        0x4 ./cvToSolenoid.o
                0x00800122                triggerState
 .bss.timer0_millis
                0x00800126        0x4 /Users/dasvaclav/Documents/workspace/arduino-base/Release/libarduino-base.a(wiring.o)
                0x00800126                timer0_millis
 .bss.timer0_overflow_count
                0x0080012a        0x4 /Users/dasvaclav/Documents/workspace/arduino-base/Release/libarduino-base.a(wiring.o)
                0x0080012a                timer0_overflow_count
 .bss.timer0_fract
                0x0080012e        0x1 /Users/dasvaclav/Documents/workspace/arduino-base/Release/libarduino-base.a(wiring.o)
 *(COMMON)
                0x0080012f                PROVIDE (__bss_end, .)
                0x000005d6                __data_load_start = LOADADDR (.data)
                0x000005e0                __data_load_end = (__data_load_start + SIZEOF (.data))

.noinit         0x0080012f        0x0
                0x0080012f                PROVIDE (__noinit_start, .)
 *(.noinit*)
                0x0080012f                PROVIDE (__noinit_end, .)
                0x0080012f                _end = .
                0x0080012f                PROVIDE (__heap_start, .)

.eeprom         0x00810000        0x0
 *(.eeprom*)
                0x00810000                __eeprom_end = .

.fuse
 *(.fuse)
 *(.lfuse)
 *(.hfuse)
 *(.efuse)

.lock
 *(.lock*)

.signature
 *(.signature*)

.user_signatures
 *(.user_signatures*)

.stab           0x00000000      0x6fc
 *(.stab)
 .stab          0x00000000      0x6cc /usr/local/CrossPack-AVR-20131128/lib/gcc/avr/4.7.2/../../../../avr/lib/avr5/crtm328p.o
 .stab          0x000006cc       0x30 /usr/local/CrossPack-AVR-20131128/lib/gcc/avr/4.7.2/../../../../avr/lib/avr5/libc.a(exit.o)
                                 0x3c (size before relaxing)

.stabstr        0x00000000       0xda
 *(.stabstr)
 .stabstr       0x00000000       0xda /usr/local/CrossPack-AVR-20131128/lib/gcc/avr/4.7.2/../../../../avr/lib/avr5/crtm328p.o

.stab.excl
 *(.stab.excl)

.stab.exclstr
 *(.stab.exclstr)

.stab.index
 *(.stab.index)

.stab.indexstr
 *(.stab.indexstr)

.comment        0x00000000       0x11
 *(.comment)
 .comment       0x00000000       0x11 ./cvToSolenoid.o
                                 0x12 (size before relaxing)
 .comment       0x00000000       0x12 /Users/dasvaclav/Documents/workspace/arduino-base/Release/libarduino-base.a(wiring.o)
 .comment       0x00000000       0x12 /Users/dasvaclav/Documents/workspace/arduino-base/Release/libarduino-base.a(wiring_analog.o)
 .comment       0x00000000       0x12 /Users/dasvaclav/Documents/workspace/arduino-base/Release/libarduino-base.a(wiring_digital.o)

.debug
 *(.debug)

.line
 *(.line)

.debug_srcinfo
 *(.debug_srcinfo)

.debug_sfnames
 *(.debug_sfnames)

.debug_aranges  0x00000000       0x60
 *(.debug_aranges)
 .debug_aranges
                0x00000000       0x20 /usr/local/CrossPack-AVR-20131128/lib/gcc/avr/4.7.2/avr5/libgcc.a(_exit.o)
 .debug_aranges
                0x00000020       0x20 /usr/local/CrossPack-AVR-20131128/lib/gcc/avr/4.7.2/avr5/libgcc.a(_copy_data.o)
 .debug_aranges
                0x00000040       0x20 /usr/local/CrossPack-AVR-20131128/lib/gcc/avr/4.7.2/avr5/libgcc.a(_clear_bss.o)

.debug_pubnames
 *(.debug_pubnames)

.debug_info     0x00000000      0x23a
 *(.debug_info)
 .debug_info    0x00000000       0xbe /usr/local/CrossPack-AVR-20131128/lib/gcc/avr/4.7.2/avr5/libgcc.a(_exit.o)
 .debug_info    0x000000be       0xbe /usr/local/CrossPack-AVR-20131128/lib/gcc/avr/4.7.2/avr5/libgcc.a(_copy_data.o)
 .debug_info    0x0000017c       0xbe /usr/local/CrossPack-AVR-20131128/lib/gcc/avr/4.7.2/avr5/libgcc.a(_clear_bss.o)
 *(.gnu.linkonce.wi.*)

.debug_abbrev   0x00000000       0x3c
 *(.debug_abbrev)
 .debug_abbrev  0x00000000       0x14 /usr/local/CrossPack-AVR-20131128/lib/gcc/avr/4.7.2/avr5/libgcc.a(_exit.o)
 .debug_abbrev  0x00000014       0x14 /usr/local/CrossPack-AVR-20131128/lib/gcc/avr/4.7.2/avr5/libgcc.a(_copy_data.o)
 .debug_abbrev  0x00000028       0x14 /usr/local/CrossPack-AVR-20131128/lib/gcc/avr/4.7.2/avr5/libgcc.a(_clear_bss.o)

.debug_line     0x00000000      0x117
 *(.debug_line)
 .debug_line    0x00000000       0x58 /usr/local/CrossPack-AVR-20131128/lib/gcc/avr/4.7.2/avr5/libgcc.a(_exit.o)
 .debug_line    0x00000058       0x61 /usr/local/CrossPack-AVR-20131128/lib/gcc/avr/4.7.2/avr5/libgcc.a(_copy_data.o)
 .debug_line    0x000000b9       0x5e /usr/local/CrossPack-AVR-20131128/lib/gcc/avr/4.7.2/avr5/libgcc.a(_clear_bss.o)

.debug_frame
 *(.debug_frame)

.debug_str
 *(.debug_str)

.debug_loc
 *(.debug_loc)

.debug_macinfo
 *(.debug_macinfo)

.debug_pubtypes
 *(.debug_pubtypes)

.debug_ranges
 *(.debug_ranges)

.debug_macro
 *(.debug_macro)
OUTPUT(cvToSolenoid.elf elf32-avr)
LOAD linker stubs

Cross Reference Table

Symbol                                            File
__bad_interrupt                                   /usr/local/CrossPack-AVR-20131128/lib/gcc/avr/4.7.2/../../../../avr/lib/avr5/crtm328p.o
__bss_end                                         /usr/local/CrossPack-AVR-20131128/lib/gcc/avr/4.7.2/avr5/libgcc.a(_clear_bss.o)
__bss_start                                       /usr/local/CrossPack-AVR-20131128/lib/gcc/avr/4.7.2/avr5/libgcc.a(_clear_bss.o)
__data_end                                        /usr/local/CrossPack-AVR-20131128/lib/gcc/avr/4.7.2/avr5/libgcc.a(_copy_data.o)
__data_load_start                                 /usr/local/CrossPack-AVR-20131128/lib/gcc/avr/4.7.2/avr5/libgcc.a(_copy_data.o)
__data_start                                      /usr/local/CrossPack-AVR-20131128/lib/gcc/avr/4.7.2/avr5/libgcc.a(_copy_data.o)
__do_clear_bss                                    /usr/local/CrossPack-AVR-20131128/lib/gcc/avr/4.7.2/avr5/libgcc.a(_clear_bss.o)
                                                  /Users/dasvaclav/Documents/workspace/arduino-base/Release/libarduino-base.a(wiring.o)
                                                  ./cvToSolenoid.o
__do_copy_data                                    /usr/local/CrossPack-AVR-20131128/lib/gcc/avr/4.7.2/avr5/libgcc.a(_copy_data.o)
                                                  /Users/dasvaclav/Documents/workspace/arduino-base/Release/libarduino-base.a(wiring_analog.o)
                                                  ./cvToSolenoid.o
__heap_end                                        /usr/local/CrossPack-AVR-20131128/lib/gcc/avr/4.7.2/../../../../avr/lib/avr5/crtm328p.o
__init                                            /usr/local/CrossPack-AVR-20131128/lib/gcc/avr/4.7.2/../../../../avr/lib/avr5/crtm328p.o
__stack                                           /usr/local/CrossPack-AVR-20131128/lib/gcc/avr/4.7.2/../../../../avr/lib/avr5/crtm328p.o
__vector_1                                        /usr/local/CrossPack-AVR-20131128/lib/gcc/avr/4.7.2/../../../../avr/lib/avr5/crtm328p.o
__vector_10                                       /usr/local/CrossPack-AVR-20131128/lib/gcc/avr/4.7.2/../../../../avr/lib/avr5/crtm328p.o
__vector_11                                       /usr/local/CrossPack-AVR-20131128/lib/gcc/avr/4.7.2/../../../../avr/lib/avr5/crtm328p.o
__vector_12                                       /usr/local/CrossPack-AVR-20131128/lib/gcc/avr/4.7.2/../../../../avr/lib/avr5/crtm328p.o
__vector_13                                       /usr/local/CrossPack-AVR-20131128/lib/gcc/avr/4.7.2/../../../../avr/lib/avr5/crtm328p.o
__vector_14                                       /usr/local/CrossPack-AVR-20131128/lib/gcc/avr/4.7.2/../../../../avr/lib/avr5/crtm328p.o
__vector_15                                       /usr/local/CrossPack-AVR-20131128/lib/gcc/avr/4.7.2/../../../../avr/lib/avr5/crtm328p.o
__vector_16                                       /Users/dasvaclav/Documents/workspace/arduino-base/Release/libarduino-base.a(wiring.o)
                                                  /usr/local/CrossPack-AVR-20131128/lib/gcc/avr/4.7.2/../../../../avr/lib/avr5/crtm328p.o
__vector_17                                       /usr/local/CrossPack-AVR-20131128/lib/gcc/avr/4.7.2/../../../../avr/lib/avr5/crtm328p.o
__vector_18                                       /usr/local/CrossPack-AVR-20131128/lib/gcc/avr/4.7.2/../../../../avr/lib/avr5/crtm328p.o
__vector_19                                       /usr/local/CrossPack-AVR-20131128/lib/gcc/avr/4.7.2/../../../../avr/lib/avr5/crtm328p.o
__vector_2                                        /usr/local/CrossPack-AVR-20131128/lib/gcc/avr/4.7.2/../../../../avr/lib/avr5/crtm328p.o
__vector_20                                       /usr/local/CrossPack-AVR-20131128/lib/gcc/avr/4.7.2/../../../../avr/lib/avr5/crtm328p.o
__vector_21                                       /usr/local/CrossPack-AVR-20131128/lib/gcc/avr/4.7.2/../../../../avr/lib/avr5/crtm328p.o
__vector_22                                       /usr/local/CrossPack-AVR-20131128/lib/gcc/avr/4.7.2/../../../../avr/lib/avr5/crtm328p.o
__vector_23                                       /usr/local/CrossPack-AVR-20131128/lib/gcc/avr/4.7.2/../../../../avr/lib/avr5/crtm328p.o
__vector_24                                       /usr/local/CrossPack-AVR-20131128/lib/gcc/avr/4.7.2/../../../../avr/lib/avr5/crtm328p.o
__vector_25                                       /usr/local/CrossPack-AVR-20131128/lib/gcc/avr/4.7.2/../../../../avr/lib/avr5/crtm328p.o
__vector_3                                        /usr/local/CrossPack-AVR-20131128/lib/gcc/avr/4.7.2/../../../../avr/lib/avr5/crtm328p.o
__vector_4                                        /usr/local/CrossPack-AVR-20131128/lib/gcc/avr/4.7.2/../../../../avr/lib/avr5/crtm328p.o
__vector_5                                        /usr/local/CrossPack-AVR-20131128/lib/gcc/avr/4.7.2/../../../../avr/lib/avr5/crtm328p.o
__vector_6                                        /usr/local/CrossPack-AVR-20131128/lib/gcc/avr/4.7.2/../../../../avr/lib/avr5/crtm328p.o
__vector_7                                        /usr/local/CrossPack-AVR-20131128/lib/gcc/avr/4.7.2/../../../../avr/lib/avr5/crtm328p.o
__vector_8                                        /usr/local/CrossPack-AVR-20131128/lib/gcc/avr/4.7.2/../../../../avr/lib/avr5/crtm328p.o
__vector_9                                        /usr/local/CrossPack-AVR-20131128/lib/gcc/avr/4.7.2/../../../../avr/lib/avr5/crtm328p.o
__vector_default                                  /usr/local/CrossPack-AVR-20131128/lib/gcc/avr/4.7.2/../../../../avr/lib/avr5/crtm328p.o
__vectors                                         /usr/local/CrossPack-AVR-20131128/lib/gcc/avr/4.7.2/../../../../avr/lib/avr5/crtm328p.o
_exit                                             /usr/local/CrossPack-AVR-20131128/lib/gcc/avr/4.7.2/avr5/libgcc.a(_exit.o)
                                                  /usr/local/CrossPack-AVR-20131128/lib/gcc/avr/4.7.2/../../../../avr/lib/avr5/libc.a(exit.o)
analogRead                                        /Users/dasvaclav/Documents/workspace/arduino-base/Release/libarduino-base.a(wiring_analog.o)
                                                  ./cvToSolenoid.o
analogReference                                   /Users/dasvaclav/Documents/workspace/arduino-base/Release/libarduino-base.a(wiring_analog.o)
analogWrite                                       /Users/dasvaclav/Documents/workspace/arduino-base/Release/libarduino-base.a(wiring_analog.o)
analog_reference                                  /Users/dasvaclav/Documents/workspace/arduino-base/Release/libarduino-base.a(wiring_analog.o)
delay                                             /Users/dasvaclav/Documents/workspace/arduino-base/Release/libarduino-base.a(wiring.o)
delayMicroseconds                                 /Users/dasvaclav/Documents/workspace/arduino-base/Release/libarduino-base.a(wiring.o)
digitalRead                                       /Users/dasvaclav/Documents/workspace/arduino-base/Release/libarduino-base.a(wiring_digital.o)
                                                  ./cvToSolenoid.o
digitalWrite                                      /Users/dasvaclav/Documents/workspace/arduino-base/Release/libarduino-base.a(wiring_digital.o)
                                                  /Users/dasvaclav/Documents/workspace/arduino-base/Release/libarduino-base.a(wiring_analog.o)
                                                  ./cvToSolenoid.o
digital_pin_to_bit_mask_PGM                       /Users/dasvaclav/Documents/workspace/arduino-base/Release/libarduino-base.a(wiring_digital.o)
digital_pin_to_port_PGM                           /Users/dasvaclav/Documents/workspace/arduino-base/Release/libarduino-base.a(wiring_digital.o)
digital_pin_to_timer_PGM                          /Users/dasvaclav/Documents/workspace/arduino-base/Release/libarduino-base.a(wiring_digital.o)
                                                  /Users/dasvaclav/Documents/workspace/arduino-base/Release/libarduino-base.a(wiring_analog.o)
exit                                              /usr/local/CrossPack-AVR-20131128/lib/gcc/avr/4.7.2/../../../../avr/lib/avr5/libc.a(exit.o)
                                                  /usr/local/CrossPack-AVR-20131128/lib/gcc/avr/4.7.2/../../../../avr/lib/avr5/crtm328p.o
init                                              /Users/dasvaclav/Documents/workspace/arduino-base/Release/libarduino-base.a(wiring.o)
                                                  ./cvToSolenoid.o
loop                                              ./cvToSolenoid.o
main                                              ./cvToSolenoid.o
                                                  /usr/local/CrossPack-AVR-20131128/lib/gcc/avr/4.7.2/../../../../avr/lib/avr5/crtm328p.o
micros                                            /Users/dasvaclav/Documents/workspace/arduino-base/Release/libarduino-base.a(wiring.o)
millis                                            /Users/dasvaclav/Documents/workspace/arduino-base/Release/libarduino-base.a(wiring.o)
                                                  ./cvToSolenoid.o
outputState                                       ./cvToSolenoid.o
pinMode                                           /Users/dasvaclav/Documents/workspace/arduino-base/Release/libarduino-base.a(wiring_digital.o)
                                                  /Users/dasvaclav/Documents/workspace/arduino-base/Release/libarduino-base.a(wiring_analog.o)
                                                  ./cvToSolenoid.o
port_to_input_PGM                                 /Users/dasvaclav/Documents/workspace/arduino-base/Release/libarduino-base.a(wiring_digital.o)
port_to_mode_PGM                                  /Users/dasvaclav/Documents/workspace/arduino-base/Release/libarduino-base.a(wiring_digital.o)
port_to_output_PGM                                /Users/dasvaclav/Documents/workspace/arduino-base/Release/libarduino-base.a(wiring_digital.o)
setup                                             ./cvToSolenoid.o
timer0_millis                                     /Users/dasvaclav/Documents/workspace/arduino-base/Release/libarduino-base.a(wiring.o)
timer0_overflow_count                             /Users/dasvaclav/Documents/workspace/arduino-base/Release/libarduino-base.a(wiring.o)
triggerLength                                     ./cvToSolenoid.o
triggerState                                      ./cvToSolenoid.o
triggerTime                                       ./cvToSolenoid.o
