Archive member included because of file (symbol)

/Users/dasvaclav/Documents/workspace/arduino-base/Release/libarduino-base.a(wiring.o)
                              ./cvToServo.o (init)
/usr/local/CrossPack-AVR-20131128/lib/gcc/avr/4.7.2/../../../../avr/lib/avr5/libc.a(exit.o)
                              /usr/local/CrossPack-AVR-20131128/lib/gcc/avr/4.7.2/../../../../avr/lib/avr5/crtm328p.o (exit)
/usr/local/CrossPack-AVR-20131128/lib/gcc/avr/4.7.2/avr5/libgcc.a(_exit.o)
                              /usr/local/CrossPack-AVR-20131128/lib/gcc/avr/4.7.2/../../../../avr/lib/avr5/libc.a(exit.o) (_exit)
/usr/local/CrossPack-AVR-20131128/lib/gcc/avr/4.7.2/avr5/libgcc.a(_clear_bss.o)
                              /Users/dasvaclav/Documents/workspace/arduino-base/Release/libarduino-base.a(wiring.o) (__do_clear_bss)

Discarded input sections

 .bss           0x00000000        0x0 /usr/local/CrossPack-AVR-20131128/lib/gcc/avr/4.7.2/../../../../avr/lib/avr5/crtm328p.o
 .text          0x00000000        0x0 ./cvToServo.o
 .bss           0x00000000        0x0 ./cvToServo.o
 .text.setup    0x00000000        0x2 ./cvToServo.o
 .text.loop     0x00000000        0x2 ./cvToServo.o
 .text          0x00000000        0x0 /Users/dasvaclav/Documents/workspace/arduino-base/Release/libarduino-base.a(wiring.o)
 .bss           0x00000000        0x0 /Users/dasvaclav/Documents/workspace/arduino-base/Release/libarduino-base.a(wiring.o)
 .text.millis   0x00000000       0x24 /Users/dasvaclav/Documents/workspace/arduino-base/Release/libarduino-base.a(wiring.o)
 .text.micros   0x00000000       0x54 /Users/dasvaclav/Documents/workspace/arduino-base/Release/libarduino-base.a(wiring.o)
 .text.delay    0x00000000       0x4c /Users/dasvaclav/Documents/workspace/arduino-base/Release/libarduino-base.a(wiring.o)
 .text.delayMicroseconds
                0x00000000       0x14 /Users/dasvaclav/Documents/workspace/arduino-base/Release/libarduino-base.a(wiring.o)
 .text          0x00000000        0x0 /usr/local/CrossPack-AVR-20131128/lib/gcc/avr/4.7.2/../../../../avr/lib/avr5/libc.a(exit.o)
 .bss           0x00000000        0x0 /usr/local/CrossPack-AVR-20131128/lib/gcc/avr/4.7.2/../../../../avr/lib/avr5/libc.a(exit.o)
 .text          0x00000000        0x0 /usr/local/CrossPack-AVR-20131128/lib/gcc/avr/4.7.2/avr5/libgcc.a(_exit.o)
 .bss           0x00000000        0x0 /usr/local/CrossPack-AVR-20131128/lib/gcc/avr/4.7.2/avr5/libgcc.a(_exit.o)
 .text.libgcc.mul
                0x00000000        0x0 /usr/local/CrossPack-AVR-20131128/lib/gcc/avr/4.7.2/avr5/libgcc.a(_exit.o)
 .text.libgcc.div
                0x00000000        0x0 /usr/local/CrossPack-AVR-20131128/lib/gcc/avr/4.7.2/avr5/libgcc.a(_exit.o)
 .text.libgcc   0x00000000        0x0 /usr/local/CrossPack-AVR-20131128/lib/gcc/avr/4.7.2/avr5/libgcc.a(_exit.o)
 .text.libgcc.prologue
                0x00000000        0x0 /usr/local/CrossPack-AVR-20131128/lib/gcc/avr/4.7.2/avr5/libgcc.a(_exit.o)
 .text.libgcc.builtins
                0x00000000        0x0 /usr/local/CrossPack-AVR-20131128/lib/gcc/avr/4.7.2/avr5/libgcc.a(_exit.o)
 .text.libgcc.fmul
                0x00000000        0x0 /usr/local/CrossPack-AVR-20131128/lib/gcc/avr/4.7.2/avr5/libgcc.a(_exit.o)
 .text          0x00000000        0x0 /usr/local/CrossPack-AVR-20131128/lib/gcc/avr/4.7.2/avr5/libgcc.a(_clear_bss.o)
 .bss           0x00000000        0x0 /usr/local/CrossPack-AVR-20131128/lib/gcc/avr/4.7.2/avr5/libgcc.a(_clear_bss.o)
 .text.libgcc.mul
                0x00000000        0x0 /usr/local/CrossPack-AVR-20131128/lib/gcc/avr/4.7.2/avr5/libgcc.a(_clear_bss.o)
 .text.libgcc.div
                0x00000000        0x0 /usr/local/CrossPack-AVR-20131128/lib/gcc/avr/4.7.2/avr5/libgcc.a(_clear_bss.o)
 .text.libgcc   0x00000000        0x0 /usr/local/CrossPack-AVR-20131128/lib/gcc/avr/4.7.2/avr5/libgcc.a(_clear_bss.o)
 .text.libgcc.prologue
                0x00000000        0x0 /usr/local/CrossPack-AVR-20131128/lib/gcc/avr/4.7.2/avr5/libgcc.a(_clear_bss.o)
 .text.libgcc.builtins
                0x00000000        0x0 /usr/local/CrossPack-AVR-20131128/lib/gcc/avr/4.7.2/avr5/libgcc.a(_clear_bss.o)
 .text.libgcc.fmul
                0x00000000        0x0 /usr/local/CrossPack-AVR-20131128/lib/gcc/avr/4.7.2/avr5/libgcc.a(_clear_bss.o)

Memory Configuration

Name             Origin             Length             Attributes
text             0x00000000         0x00020000         xr
data             0x00800060         0x0000ffa0         rw !x
eeprom           0x00810000         0x00010000         rw !x
fuse             0x00820000         0x00000400         rw !x
lock             0x00830000         0x00000400         rw !x
signature        0x00840000         0x00000400         rw !x
user_signatures  0x00850000         0x00000400         rw !x
*default*        0x00000000         0xffffffff

Linker script and memory map

Address of section .data set to 0x800100
LOAD /usr/local/CrossPack-AVR-20131128/lib/gcc/avr/4.7.2/../../../../avr/lib/avr5/crtm328p.o
LOAD ./cvToServo.o
LOAD /Users/dasvaclav/Documents/workspace/arduino-base/Release/libarduino-base.a
LOAD /usr/local/CrossPack-AVR-20131128/lib/gcc/avr/4.7.2/../../../../avr/lib/avr5/libc.a
LOAD /usr/local/CrossPack-AVR-20131128/lib/gcc/avr/4.7.2/avr5/libgcc.a
LOAD /usr/local/CrossPack-AVR-20131128/lib/gcc/avr/4.7.2/../../../../avr/lib/avr5/libm.a
LOAD /usr/local/CrossPack-AVR-20131128/lib/gcc/avr/4.7.2/../../../../avr/lib/avr5/libc.a
START GROUP
LOAD /usr/local/CrossPack-AVR-20131128/lib/gcc/avr/4.7.2/avr5/libgcc.a
LOAD /usr/local/CrossPack-AVR-20131128/lib/gcc/avr/4.7.2/../../../../avr/lib/avr5/libm.a
LOAD /usr/local/CrossPack-AVR-20131128/lib/gcc/avr/4.7.2/../../../../avr/lib/avr5/libc.a
END GROUP

.hash
 *(.hash)

.dynsym
 *(.dynsym)

.dynstr
 *(.dynstr)

.gnu.version
 *(.gnu.version)

.gnu.version_d
 *(.gnu.version_d)

.gnu.version_r
 *(.gnu.version_r)

.rel.init
 *(.rel.init)

.rela.init
 *(.rela.init)

.rel.text
 *(.rel.text)
 *(.rel.text.*)
 *(.rel.gnu.linkonce.t*)

.rela.text
 *(.rela.text)
 *(.rela.text.*)
 *(.rela.gnu.linkonce.t*)

.rel.fini
 *(.rel.fini)

.rela.fini
 *(.rela.fini)

.rel.rodata
 *(.rel.rodata)
 *(.rel.rodata.*)
 *(.rel.gnu.linkonce.r*)

.rela.rodata
 *(.rela.rodata)
 *(.rela.rodata.*)
 *(.rela.gnu.linkonce.r*)

.rel.data
 *(.rel.data)
 *(.rel.data.*)
 *(.rel.gnu.linkonce.d*)

.rela.data
 *(.rela.data)
 *(.rela.data.*)
 *(.rela.gnu.linkonce.d*)

.rel.ctors
 *(.rel.ctors)

.rela.ctors
 *(.rela.ctors)

.rel.dtors
 *(.rel.dtors)

.rela.dtors
 *(.rela.dtors)

.rel.got
 *(.rel.got)

.rela.got
 *(.rela.got)

.rel.bss
 *(.rel.bss)

.rela.bss
 *(.rela.bss)

.rel.plt
 *(.rel.plt)

.rela.plt
 *(.rela.plt)

.text           0x00000000      0x1a0
 *(.vectors)
 .vectors       0x00000000       0x68 /usr/local/CrossPack-AVR-20131128/lib/gcc/avr/4.7.2/../../../../avr/lib/avr5/crtm328p.o
                0x00000000                __vectors
                0x00000000                __vector_default
 *(.vectors)
 *(.progmem.gcc*)
 *(.progmem*)
                0x00000068                . = ALIGN (0x2)
                0x00000068                __trampolines_start = .
 *(.trampolines)
 .trampolines   0x00000068        0x0 linker stubs
 *(.trampolines*)
                0x00000068                __trampolines_end = .
 *(.jumptables)
 *(.jumptables*)
 *(.lowtext)
 *(.lowtext*)
                0x00000068                __ctors_start = .
 *(.ctors)
                0x00000068                __ctors_end = .
                0x00000068                __dtors_start = .
 *(.dtors)
                0x00000068                __dtors_end = .
 SORT(*)(.ctors)
 SORT(*)(.dtors)
 *(.init0)
 .init0         0x00000068        0x0 /usr/local/CrossPack-AVR-20131128/lib/gcc/avr/4.7.2/../../../../avr/lib/avr5/crtm328p.o
                0x00000068                __init
 *(.init0)
 *(.init1)
 *(.init1)
 *(.init2)
 .init2         0x00000068        0xc /usr/local/CrossPack-AVR-20131128/lib/gcc/avr/4.7.2/../../../../avr/lib/avr5/crtm328p.o
 *(.init2)
 *(.init3)
 *(.init3)
 *(.init4)
 .init4         0x00000074       0x10 /usr/local/CrossPack-AVR-20131128/lib/gcc/avr/4.7.2/avr5/libgcc.a(_clear_bss.o)
                0x00000074                __do_clear_bss
 *(.init4)
 *(.init5)
 *(.init5)
 *(.init6)
 *(.init6)
 *(.init7)
 *(.init7)
 *(.init8)
 *(.init8)
 *(.init9)
 .init9         0x00000084        0x4 /usr/local/CrossPack-AVR-20131128/lib/gcc/avr/4.7.2/../../../../avr/lib/avr5/crtm328p.o
 *(.init9)
 *(.text)
 .text          0x00000088        0x2 /usr/local/CrossPack-AVR-20131128/lib/gcc/avr/4.7.2/../../../../avr/lib/avr5/crtm328p.o
                0x00000088                __vector_20
                0x00000088                __vector_1
                0x00000088                __vector_24
                0x00000088                __vector_12
                0x00000088                __bad_interrupt
                0x00000088                __vector_6
                0x00000088                __vector_3
                0x00000088                __vector_23
                0x00000088                __vector_25
                0x00000088                __vector_11
                0x00000088                __vector_13
                0x00000088                __vector_17
                0x00000088                __vector_19
                0x00000088                __vector_7
                0x00000088                __vector_5
                0x00000088                __vector_4
                0x00000088                __vector_9
                0x00000088                __vector_2
                0x00000088                __vector_21
                0x00000088                __vector_15
                0x00000088                __vector_8
                0x00000088                __vector_14
                0x00000088                __vector_10
                0x00000088                __vector_18
                0x00000088                __vector_22
                0x0000008a                . = ALIGN (0x2)
 *(.text.*)
 .text.startup.main
                0x0000008a        0x4 ./cvToServo.o
                0x0000008a                main
 .text.__vector_16
                0x0000008e       0x94 /Users/dasvaclav/Documents/workspace/arduino-base/Release/libarduino-base.a(wiring.o)
                0x0000008e                __vector_16
 .text.init     0x00000122       0x76 /Users/dasvaclav/Documents/workspace/arduino-base/Release/libarduino-base.a(wiring.o)
                0x00000122                init
 .text.avr-libc
                0x00000198        0x4 /usr/local/CrossPack-AVR-20131128/lib/gcc/avr/4.7.2/../../../../avr/lib/avr5/libc.a(exit.o)
                0x00000198                exit
                0x0000019c                . = ALIGN (0x2)
 *(.fini9)
 .fini9         0x0000019c        0x0 /usr/local/CrossPack-AVR-20131128/lib/gcc/avr/4.7.2/avr5/libgcc.a(_exit.o)
                0x0000019c                _exit
 *(.fini9)
 *(.fini8)
 *(.fini8)
 *(.fini7)
 *(.fini7)
 *(.fini6)
 *(.fini6)
 *(.fini5)
 *(.fini5)
 *(.fini4)
 *(.fini4)
 *(.fini3)
 *(.fini3)
 *(.fini2)
 *(.fini2)
 *(.fini1)
 *(.fini1)
 *(.fini0)
 .fini0         0x0000019c        0x4 /usr/local/CrossPack-AVR-20131128/lib/gcc/avr/4.7.2/avr5/libgcc.a(_exit.o)
 *(.fini0)
                0x000001a0                _etext = .

.data           0x00800100        0x0 load address 0x000001a0
                0x00800100                PROVIDE (__data_start, .)
 *(.data)
 .data          0x00800100        0x0 /usr/local/CrossPack-AVR-20131128/lib/gcc/avr/4.7.2/../../../../avr/lib/avr5/crtm328p.o
 .data          0x00800100        0x0 ./cvToServo.o
 .data          0x00800100        0x0 /Users/dasvaclav/Documents/workspace/arduino-base/Release/libarduino-base.a(wiring.o)
 .data          0x00800100        0x0 /usr/local/CrossPack-AVR-20131128/lib/gcc/avr/4.7.2/../../../../avr/lib/avr5/libc.a(exit.o)
 .data          0x00800100        0x0 /usr/local/CrossPack-AVR-20131128/lib/gcc/avr/4.7.2/avr5/libgcc.a(_exit.o)
 .data          0x00800100        0x0 /usr/local/CrossPack-AVR-20131128/lib/gcc/avr/4.7.2/avr5/libgcc.a(_clear_bss.o)
 *(.data*)
 *(.rodata)
 *(.rodata*)
 *(.gnu.linkonce.d*)
                0x00800100                . = ALIGN (0x2)
                0x00800100                _edata = .
                0x00800100                PROVIDE (__data_end, .)

.bss            0x00800100        0x9
                0x00800100                PROVIDE (__bss_start, .)
 *(.bss)
 *(.bss*)
 .bss.timer0_millis
                0x00800100        0x4 /Users/dasvaclav/Documents/workspace/arduino-base/Release/libarduino-base.a(wiring.o)
                0x00800100                timer0_millis
 .bss.timer0_overflow_count
                0x00800104        0x4 /Users/dasvaclav/Documents/workspace/arduino-base/Release/libarduino-base.a(wiring.o)
                0x00800104                timer0_overflow_count
 .bss.timer0_fract
                0x00800108        0x1 /Users/dasvaclav/Documents/workspace/arduino-base/Release/libarduino-base.a(wiring.o)
 *(COMMON)
                0x00800109                PROVIDE (__bss_end, .)
                0x000001a0                __data_load_start = LOADADDR (.data)
                0x000001a0                __data_load_end = (__data_load_start + SIZEOF (.data))

.noinit         0x00800109        0x0
                0x00800109                PROVIDE (__noinit_start, .)
 *(.noinit*)
                0x00800109                PROVIDE (__noinit_end, .)
                0x00800109                _end = .
                0x00800109                PROVIDE (__heap_start, .)

.eeprom         0x00810000        0x0
 *(.eeprom*)
                0x00810000                __eeprom_end = .

.fuse
 *(.fuse)
 *(.lfuse)
 *(.hfuse)
 *(.efuse)

.lock
 *(.lock*)

.signature
 *(.signature*)

.user_signatures
 *(.user_signatures*)

.stab           0x00000000      0x6fc
 *(.stab)
 .stab          0x00000000      0x6cc /usr/local/CrossPack-AVR-20131128/lib/gcc/avr/4.7.2/../../../../avr/lib/avr5/crtm328p.o
 .stab          0x000006cc       0x30 /usr/local/CrossPack-AVR-20131128/lib/gcc/avr/4.7.2/../../../../avr/lib/avr5/libc.a(exit.o)
                                 0x3c (size before relaxing)

.stabstr        0x00000000       0xda
 *(.stabstr)
 .stabstr       0x00000000       0xda /usr/local/CrossPack-AVR-20131128/lib/gcc/avr/4.7.2/../../../../avr/lib/avr5/crtm328p.o

.stab.excl
 *(.stab.excl)

.stab.exclstr
 *(.stab.exclstr)

.stab.index
 *(.stab.index)

.stab.indexstr
 *(.stab.indexstr)

.comment        0x00000000       0x11
 *(.comment)
 .comment       0x00000000       0x11 ./cvToServo.o
                                 0x12 (size before relaxing)
 .comment       0x00000000       0x12 /Users/dasvaclav/Documents/workspace/arduino-base/Release/libarduino-base.a(wiring.o)

.debug
 *(.debug)

.line
 *(.line)

.debug_srcinfo
 *(.debug_srcinfo)

.debug_sfnames
 *(.debug_sfnames)

.debug_aranges  0x00000000       0x40
 *(.debug_aranges)
 .debug_aranges
                0x00000000       0x20 /usr/local/CrossPack-AVR-20131128/lib/gcc/avr/4.7.2/avr5/libgcc.a(_exit.o)
 .debug_aranges
                0x00000020       0x20 /usr/local/CrossPack-AVR-20131128/lib/gcc/avr/4.7.2/avr5/libgcc.a(_clear_bss.o)

.debug_pubnames
 *(.debug_pubnames)

.debug_info     0x00000000      0x17c
 *(.debug_info)
 .debug_info    0x00000000       0xbe /usr/local/CrossPack-AVR-20131128/lib/gcc/avr/4.7.2/avr5/libgcc.a(_exit.o)
 .debug_info    0x000000be       0xbe /usr/local/CrossPack-AVR-20131128/lib/gcc/avr/4.7.2/avr5/libgcc.a(_clear_bss.o)
 *(.gnu.linkonce.wi.*)

.debug_abbrev   0x00000000       0x28
 *(.debug_abbrev)
 .debug_abbrev  0x00000000       0x14 /usr/local/CrossPack-AVR-20131128/lib/gcc/avr/4.7.2/avr5/libgcc.a(_exit.o)
 .debug_abbrev  0x00000014       0x14 /usr/local/CrossPack-AVR-20131128/lib/gcc/avr/4.7.2/avr5/libgcc.a(_clear_bss.o)

.debug_line     0x00000000       0xb6
 *(.debug_line)
 .debug_line    0x00000000       0x58 /usr/local/CrossPack-AVR-20131128/lib/gcc/avr/4.7.2/avr5/libgcc.a(_exit.o)
 .debug_line    0x00000058       0x5e /usr/local/CrossPack-AVR-20131128/lib/gcc/avr/4.7.2/avr5/libgcc.a(_clear_bss.o)

.debug_frame
 *(.debug_frame)

.debug_str
 *(.debug_str)

.debug_loc
 *(.debug_loc)

.debug_macinfo
 *(.debug_macinfo)

.debug_pubtypes
 *(.debug_pubtypes)

.debug_ranges
 *(.debug_ranges)

.debug_macro
 *(.debug_macro)
OUTPUT(cvToServo.elf elf32-avr)
LOAD linker stubs

Cross Reference Table

Symbol                                            File
__bad_interrupt                                   /usr/local/CrossPack-AVR-20131128/lib/gcc/avr/4.7.2/../../../../avr/lib/avr5/crtm328p.o
__bss_end                                         /usr/local/CrossPack-AVR-20131128/lib/gcc/avr/4.7.2/avr5/libgcc.a(_clear_bss.o)
__bss_start                                       /usr/local/CrossPack-AVR-20131128/lib/gcc/avr/4.7.2/avr5/libgcc.a(_clear_bss.o)
__do_clear_bss                                    /usr/local/CrossPack-AVR-20131128/lib/gcc/avr/4.7.2/avr5/libgcc.a(_clear_bss.o)
                                                  /Users/dasvaclav/Documents/workspace/arduino-base/Release/libarduino-base.a(wiring.o)
__heap_end                                        /usr/local/CrossPack-AVR-20131128/lib/gcc/avr/4.7.2/../../../../avr/lib/avr5/crtm328p.o
__init                                            /usr/local/CrossPack-AVR-20131128/lib/gcc/avr/4.7.2/../../../../avr/lib/avr5/crtm328p.o
__stack                                           /usr/local/CrossPack-AVR-20131128/lib/gcc/avr/4.7.2/../../../../avr/lib/avr5/crtm328p.o
__vector_1                                        /usr/local/CrossPack-AVR-20131128/lib/gcc/avr/4.7.2/../../../../avr/lib/avr5/crtm328p.o
__vector_10                                       /usr/local/CrossPack-AVR-20131128/lib/gcc/avr/4.7.2/../../../../avr/lib/avr5/crtm328p.o
__vector_11                                       /usr/local/CrossPack-AVR-20131128/lib/gcc/avr/4.7.2/../../../../avr/lib/avr5/crtm328p.o
__vector_12                                       /usr/local/CrossPack-AVR-20131128/lib/gcc/avr/4.7.2/../../../../avr/lib/avr5/crtm328p.o
__vector_13                                       /usr/local/CrossPack-AVR-20131128/lib/gcc/avr/4.7.2/../../../../avr/lib/avr5/crtm328p.o
__vector_14                                       /usr/local/CrossPack-AVR-20131128/lib/gcc/avr/4.7.2/../../../../avr/lib/avr5/crtm328p.o
__vector_15                                       /usr/local/CrossPack-AVR-20131128/lib/gcc/avr/4.7.2/../../../../avr/lib/avr5/crtm328p.o
__vector_16                                       /Users/dasvaclav/Documents/workspace/arduino-base/Release/libarduino-base.a(wiring.o)
                                                  /usr/local/CrossPack-AVR-20131128/lib/gcc/avr/4.7.2/../../../../avr/lib/avr5/crtm328p.o
__vector_17                                       /usr/local/CrossPack-AVR-20131128/lib/gcc/avr/4.7.2/../../../../avr/lib/avr5/crtm328p.o
__vector_18                                       /usr/local/CrossPack-AVR-20131128/lib/gcc/avr/4.7.2/../../../../avr/lib/avr5/crtm328p.o
__vector_19                                       /usr/local/CrossPack-AVR-20131128/lib/gcc/avr/4.7.2/../../../../avr/lib/avr5/crtm328p.o
__vector_2                                        /usr/local/CrossPack-AVR-20131128/lib/gcc/avr/4.7.2/../../../../avr/lib/avr5/crtm328p.o
__vector_20                                       /usr/local/CrossPack-AVR-20131128/lib/gcc/avr/4.7.2/../../../../avr/lib/avr5/crtm328p.o
__vector_21                                       /usr/local/CrossPack-AVR-20131128/lib/gcc/avr/4.7.2/../../../../avr/lib/avr5/crtm328p.o
__vector_22                                       /usr/local/CrossPack-AVR-20131128/lib/gcc/avr/4.7.2/../../../../avr/lib/avr5/crtm328p.o
__vector_23                                       /usr/local/CrossPack-AVR-20131128/lib/gcc/avr/4.7.2/../../../../avr/lib/avr5/crtm328p.o
__vector_24                                       /usr/local/CrossPack-AVR-20131128/lib/gcc/avr/4.7.2/../../../../avr/lib/avr5/crtm328p.o
__vector_25                                       /usr/local/CrossPack-AVR-20131128/lib/gcc/avr/4.7.2/../../../../avr/lib/avr5/crtm328p.o
__vector_3                                        /usr/local/CrossPack-AVR-20131128/lib/gcc/avr/4.7.2/../../../../avr/lib/avr5/crtm328p.o
__vector_4                                        /usr/local/CrossPack-AVR-20131128/lib/gcc/avr/4.7.2/../../../../avr/lib/avr5/crtm328p.o
__vector_5                                        /usr/local/CrossPack-AVR-20131128/lib/gcc/avr/4.7.2/../../../../avr/lib/avr5/crtm328p.o
__vector_6                                        /usr/local/CrossPack-AVR-20131128/lib/gcc/avr/4.7.2/../../../../avr/lib/avr5/crtm328p.o
__vector_7                                        /usr/local/CrossPack-AVR-20131128/lib/gcc/avr/4.7.2/../../../../avr/lib/avr5/crtm328p.o
__vector_8                                        /usr/local/CrossPack-AVR-20131128/lib/gcc/avr/4.7.2/../../../../avr/lib/avr5/crtm328p.o
__vector_9                                        /usr/local/CrossPack-AVR-20131128/lib/gcc/avr/4.7.2/../../../../avr/lib/avr5/crtm328p.o
__vector_default                                  /usr/local/CrossPack-AVR-20131128/lib/gcc/avr/4.7.2/../../../../avr/lib/avr5/crtm328p.o
__vectors                                         /usr/local/CrossPack-AVR-20131128/lib/gcc/avr/4.7.2/../../../../avr/lib/avr5/crtm328p.o
_exit                                             /usr/local/CrossPack-AVR-20131128/lib/gcc/avr/4.7.2/avr5/libgcc.a(_exit.o)
                                                  /usr/local/CrossPack-AVR-20131128/lib/gcc/avr/4.7.2/../../../../avr/lib/avr5/libc.a(exit.o)
delay                                             /Users/dasvaclav/Documents/workspace/arduino-base/Release/libarduino-base.a(wiring.o)
delayMicroseconds                                 /Users/dasvaclav/Documents/workspace/arduino-base/Release/libarduino-base.a(wiring.o)
exit                                              /usr/local/CrossPack-AVR-20131128/lib/gcc/avr/4.7.2/../../../../avr/lib/avr5/libc.a(exit.o)
                                                  /usr/local/CrossPack-AVR-20131128/lib/gcc/avr/4.7.2/../../../../avr/lib/avr5/crtm328p.o
init                                              /Users/dasvaclav/Documents/workspace/arduino-base/Release/libarduino-base.a(wiring.o)
                                                  ./cvToServo.o
loop                                              ./cvToServo.o
main                                              ./cvToServo.o
                                                  /usr/local/CrossPack-AVR-20131128/lib/gcc/avr/4.7.2/../../../../avr/lib/avr5/crtm328p.o
micros                                            /Users/dasvaclav/Documents/workspace/arduino-base/Release/libarduino-base.a(wiring.o)
millis                                            /Users/dasvaclav/Documents/workspace/arduino-base/Release/libarduino-base.a(wiring.o)
setup                                             ./cvToServo.o
timer0_millis                                     /Users/dasvaclav/Documents/workspace/arduino-base/Release/libarduino-base.a(wiring.o)
timer0_overflow_count                             /Users/dasvaclav/Documents/workspace/arduino-base/Release/libarduino-base.a(wiring.o)
