Archive member included because of file (symbol)

/Users/dasvaclav/Documents/workspace/arduino-base/Release/libarduino-base.a(HardwareSerial.o)
                              ./midiCVtoolie.o (Serial)
/Users/dasvaclav/Documents/workspace/arduino-base/Release/libarduino-base.a(Print.o)
                              /Users/dasvaclav/Documents/workspace/arduino-base/Release/libarduino-base.a(HardwareSerial.o) (_ZN5Print5writeEPKhj)
/Users/dasvaclav/Documents/workspace/arduino-base/Release/libarduino-base.a(WString.o)
                              /Users/dasvaclav/Documents/workspace/arduino-base/Release/libarduino-base.a(Print.o) (_ZNK6StringixEj)
/Users/dasvaclav/Documents/workspace/arduino-base/Release/libarduino-base.a(new.o)
                              /Users/dasvaclav/Documents/workspace/arduino-base/Release/libarduino-base.a(HardwareSerial.o) (__cxa_pure_virtual)
/Users/dasvaclav/Documents/workspace/arduino-base/Release/libarduino-base.a(wiring.o)
                              ./midiCVtoolie.o (init)
/Users/dasvaclav/Documents/workspace/arduino-base/Release/libarduino-base.a(malloc.o)
                              /Users/dasvaclav/Documents/workspace/arduino-base/Release/libarduino-base.a(new.o) (malloc)
/Users/dasvaclav/Documents/workspace/arduino-base/Release/libarduino-base.a(realloc.o)
                              /Users/dasvaclav/Documents/workspace/arduino-base/Release/libarduino-base.a(WString.o) (realloc)
/usr/local/CrossPack-AVR-20131128/lib/gcc/avr/4.7.2/../../../../avr/lib/avr5/libc.a(atol.o)
                              /Users/dasvaclav/Documents/workspace/arduino-base/Release/libarduino-base.a(WString.o) (atol)
/usr/local/CrossPack-AVR-20131128/lib/gcc/avr/4.7.2/../../../../avr/lib/avr5/libc.a(exit.o)
                              /usr/local/CrossPack-AVR-20131128/lib/gcc/avr/4.7.2/../../../../avr/lib/avr5/crtm328p.o (exit)
/usr/local/CrossPack-AVR-20131128/lib/gcc/avr/4.7.2/../../../../avr/lib/avr5/libc.a(isspace.o)
                              /Users/dasvaclav/Documents/workspace/arduino-base/Release/libarduino-base.a(WString.o) (isspace)
/usr/local/CrossPack-AVR-20131128/lib/gcc/avr/4.7.2/../../../../avr/lib/avr5/libc.a(tolower.o)
                              /Users/dasvaclav/Documents/workspace/arduino-base/Release/libarduino-base.a(WString.o) (tolower)
/usr/local/CrossPack-AVR-20131128/lib/gcc/avr/4.7.2/../../../../avr/lib/avr5/libc.a(toupper.o)
                              /Users/dasvaclav/Documents/workspace/arduino-base/Release/libarduino-base.a(WString.o) (toupper)
/usr/local/CrossPack-AVR-20131128/lib/gcc/avr/4.7.2/../../../../avr/lib/avr5/libc.a(memcpy.o)
                              /Users/dasvaclav/Documents/workspace/arduino-base/Release/libarduino-base.a(WString.o) (memcpy)
/usr/local/CrossPack-AVR-20131128/lib/gcc/avr/4.7.2/../../../../avr/lib/avr5/libc.a(memmove.o)
                              /Users/dasvaclav/Documents/workspace/arduino-base/Release/libarduino-base.a(WString.o) (memmove)
/usr/local/CrossPack-AVR-20131128/lib/gcc/avr/4.7.2/../../../../avr/lib/avr5/libc.a(strchr.o)
                              /Users/dasvaclav/Documents/workspace/arduino-base/Release/libarduino-base.a(WString.o) (strchr)
/usr/local/CrossPack-AVR-20131128/lib/gcc/avr/4.7.2/../../../../avr/lib/avr5/libc.a(strcmp.o)
                              /Users/dasvaclav/Documents/workspace/arduino-base/Release/libarduino-base.a(WString.o) (strcmp)
/usr/local/CrossPack-AVR-20131128/lib/gcc/avr/4.7.2/../../../../avr/lib/avr5/libc.a(strcpy.o)
                              /Users/dasvaclav/Documents/workspace/arduino-base/Release/libarduino-base.a(WString.o) (strcpy)
/usr/local/CrossPack-AVR-20131128/lib/gcc/avr/4.7.2/../../../../avr/lib/avr5/libc.a(strncmp.o)
                              /Users/dasvaclav/Documents/workspace/arduino-base/Release/libarduino-base.a(WString.o) (strncmp)
/usr/local/CrossPack-AVR-20131128/lib/gcc/avr/4.7.2/../../../../avr/lib/avr5/libc.a(strncpy.o)
                              /Users/dasvaclav/Documents/workspace/arduino-base/Release/libarduino-base.a(WString.o) (strncpy)
/usr/local/CrossPack-AVR-20131128/lib/gcc/avr/4.7.2/../../../../avr/lib/avr5/libc.a(strrchr.o)
                              /Users/dasvaclav/Documents/workspace/arduino-base/Release/libarduino-base.a(WString.o) (strrchr)
/usr/local/CrossPack-AVR-20131128/lib/gcc/avr/4.7.2/../../../../avr/lib/avr5/libc.a(strstr.o)
                              /Users/dasvaclav/Documents/workspace/arduino-base/Release/libarduino-base.a(WString.o) (strstr)
/usr/local/CrossPack-AVR-20131128/lib/gcc/avr/4.7.2/../../../../avr/lib/avr5/libc.a(itoa.o)
                              /Users/dasvaclav/Documents/workspace/arduino-base/Release/libarduino-base.a(WString.o) (itoa)
/usr/local/CrossPack-AVR-20131128/lib/gcc/avr/4.7.2/../../../../avr/lib/avr5/libc.a(ltoa.o)
                              /Users/dasvaclav/Documents/workspace/arduino-base/Release/libarduino-base.a(WString.o) (ltoa)
[...]
Memory Configuration

Name             Origin             Length             Attributes
text             0x00000000         0x00020000         xr
data             0x00800060         0x0000ffa0         rw !x
eeprom           0x00810000         0x00010000         rw !x
fuse             0x00820000         0x00000400         rw !x
lock             0x00830000         0x00000400         rw !x
signature        0x00840000         0x00000400         rw !x
user_signatures  0x00850000         0x00000400         rw !x
*default*        0x00000000         0xffffffff

Linker script and memory map

Address of section .data set to 0x800100
LOAD /usr/local/CrossPack-AVR-20131128/lib/gcc/avr/4.7.2/../../../../avr/lib/avr5/crtm328p.o
LOAD ./midiCVtoolie.o
LOAD /Users/dasvaclav/Documents/workspace/arduino-base/Release/libarduino-base.a
LOAD /usr/local/CrossPack-AVR-20131128/lib/gcc/avr/4.7.2/../../../../avr/lib/avr5/libc.a
LOAD /usr/local/CrossPack-AVR-20131128/lib/gcc/avr/4.7.2/avr5/libgcc.a
LOAD /usr/local/CrossPack-AVR-20131128/lib/gcc/avr/4.7.2/../../../../avr/lib/avr5/libm.a
LOAD /usr/local/CrossPack-AVR-20131128/lib/gcc/avr/4.7.2/../../../../avr/lib/avr5/libc.a
START GROUP
LOAD /usr/local/CrossPack-AVR-20131128/lib/gcc/avr/4.7.2/avr5/libgcc.a
LOAD /usr/local/CrossPack-AVR-20131128/lib/gcc/avr/4.7.2/../../../../avr/lib/avr5/libm.a
LOAD /usr/local/CrossPack-AVR-20131128/lib/gcc/avr/4.7.2/../../../../avr/lib/avr5/libc.a
END GROUP

.hash
 *(.hash)

.dynsym
 *(.dynsym)

.dynstr
 *(.dynstr)

.gnu.version
 *(.gnu.version)

.gnu.version_d
 *(.gnu.version_d)

.gnu.version_r
 *(.gnu.version_r)

.rel.init
 *(.rel.init)

.rela.init
 *(.rela.init)

.rel.text
 *(.rel.text)
 *(.rel.text.*)
 *(.rel.gnu.linkonce.t*)

.rela.text
 *(.rela.text)
 *(.rela.text.*)
 *(.rela.gnu.linkonce.t*)

.rel.fini
 *(.rel.fini)

.rela.fini
 *(.rela.fini)

.rel.rodata
 *(.rel.rodata)
 *(.rel.rodata.*)
 *(.rel.gnu.linkonce.r*)

.rela.rodata
 *(.rela.rodata)
 *(.rela.rodata.*)
 *(.rela.gnu.linkonce.r*)

.rel.data
 *(.rel.data)
 *(.rel.data.*)
 *(.rel.gnu.linkonce.d*)

.rela.data
 *(.rela.data)
 *(.rela.data.*)
 *(.rela.gnu.linkonce.d*)

.rel.ctors
 *(.rel.ctors)

.rela.ctors
 *(.rela.ctors)

.rel.dtors
 *(.rel.dtors)

.rela.dtors
 *(.rela.dtors)

.rel.got
 *(.rel.got)

.rela.got
 *(.rela.got)

.rel.bss
 *(.rel.bss)

.rela.bss
 *(.rela.bss)

.rel.plt
 *(.rel.plt)

.rela.plt
 *(.rela.plt)

.text           0x00000000     0x11d2
 *(.vectors)
 .vectors       0x00000000       0x68 /usr/local/CrossPack-AVR-20131128/lib/gcc/avr/4.7.2/../../../../avr/lib/avr5/crtm328p.o
                0x00000000                __vectors
                0x00000000                __vector_default
 *(.vectors)
 *(.progmem.gcc*)
 *(.progmem*)
                0x00000068                . = ALIGN (0x2)
                0x00000068                __trampolines_start = .
 *(.trampolines)
 .trampolines   0x00000068        0x0 linker stubs
 *(.trampolines*)
                0x00000068                __trampolines_end = .
 *(.jumptables)
 *(.jumptables*)
 *(.lowtext)
 *(.lowtext*)
                0x00000068                __ctors_start = .
 *(.ctors)
 .ctors         0x00000068        0x2 ./midiCVtoolie.o
 .ctors         0x0000006a        0x2 /Users/dasvaclav/Documents/workspace/arduino-base/Release/libarduino-base.a(HardwareSerial.o)
                0x0000006c                __ctors_end = .
                0x0000006c                __dtors_start = .
 *(.dtors)
                0x0000006c                __dtors_end = .
 SORT(*)(.ctors)
 SORT(*)(.dtors)
 *(.init0)
 .init0         0x0000006c        0x0 /usr/local/CrossPack-AVR-20131128/lib/gcc/avr/4.7.2/../../../../avr/lib/avr5/crtm328p.o
                0x0000006c                __init
 *(.init0)
 *(.init1)
 *(.init1)
 *(.init2)
 .init2         0x0000006c        0xc /usr/local/CrossPack-AVR-20131128/lib/gcc/avr/4.7.2/../../../../avr/lib/avr5/crtm328p.o
 *(.init2)
 *(.init3)
 *(.init3)
 *(.init4)
 .init4         0x00000078       0x16 /usr/local/CrossPack-AVR-20131128/lib/gcc/avr/4.7.2/avr5/libgcc.a(_copy_data.o)
                0x00000078                __do_copy_data
 .init4         0x0000008e       0x10 /usr/local/CrossPack-AVR-20131128/lib/gcc/avr/4.7.2/avr5/libgcc.a(_clear_bss.o)
                0x0000008e                __do_clear_bss
 *(.init4)
 *(.init5)
 *(.init5)
 *(.init6)
 .init6         0x0000009e       0x16 /usr/local/CrossPack-AVR-20131128/lib/gcc/avr/4.7.2/avr5/libgcc.a(_ctors.o)
                0x0000009e                __do_global_ctors
 *(.init6)
 *(.init7)
 *(.init7)
 *(.init8)
 *(.init8)
 *(.init9)
 .init9         0x000000b4        0x6 /usr/local/CrossPack-AVR-20131128/lib/gcc/avr/4.7.2/../../../../avr/lib/avr5/crtm328p.o
 *(.init9)
 *(.text)
 .text          0x000000ba        0x2 /usr/local/CrossPack-AVR-20131128/lib/gcc/avr/4.7.2/../../../../avr/lib/avr5/crtm328p.o
                0x000000ba                __vector_20
                0x000000ba                __vector_1
                0x000000ba                __vector_24
                0x000000ba                __vector_12
                0x000000ba                __bad_interrupt
                0x000000ba                __vector_6
                0x000000ba                __vector_3
                0x000000ba                __vector_23
                0x000000ba                __vector_25
                0x000000ba                __vector_11
                0x000000ba                __vector_13
                0x000000ba                __vector_17
                0x000000ba                __vector_7
                0x000000ba                __vector_5
                0x000000ba                __vector_4
                0x000000ba                __vector_9
                0x000000ba                __vector_2
                0x000000ba                __vector_21
                0x000000ba                __vector_15
                0x000000ba                __vector_8
                0x000000ba                __vector_14
                0x000000ba                __vector_10
                0x000000ba                __vector_22
                0x000000bc                . = ALIGN (0x2)
 *(.text.*)
 .text._Z13handleNoteOffhhh
                0x000000bc        0x2 ./midiCVtoolie.o
                0x000000bc                _Z13handleNoteOffhhh
 .text._Z41__static_initialization_and_destruction_0ii.part.9
                0x000000be       0x9e ./midiCVtoolie.o
 .text._ZN14HardwareSerial5writeEj
                0x0000015c        0xe ./midiCVtoolie.o
                0x0000015c                _ZN14HardwareSerial5writeEj
 .text._ZN14HardwareSerial5writeEi
                0x0000016a        0xe ./midiCVtoolie.o
                0x0000016a                _ZN14HardwareSerial5writeEi
 .text._Z8writeDACj
                0x00000178       0x24 ./midiCVtoolie.o
                0x00000178                _Z8writeDACj
 .text._Z12handleNoteOnhhh
                0x0000019c        0x6 ./midiCVtoolie.o
                0x0000019c                _Z12handleNoteOnhhh
 .text._Z7dacInitv
                0x000001a2       0x4c ./midiCVtoolie.o
                0x000001a2                _Z7dacInitv
 .text.setup    0x000001ee       0x70 ./midiCVtoolie.o
                0x000001ee                setup
 .text._ZN4midi13MidiInterfaceI14HardwareSerialE14launchCallbackEv
                0x0000025e      0x1c8 ./midiCVtoolie.o
                0x0000025e                _ZN4midi13MidiInterfaceI14HardwareSerialE14launchCallbackEv
 .text._ZN4midi13MidiInterfaceI14HardwareSerialE16isChannelMessageENS_8MidiTypeE
                0x00000426       0x36 ./midiCVtoolie.o
                0x00000426                _ZN4midi13MidiInterfaceI14HardwareSerialE16isChannelMessageENS_8MidiTypeE
 .text._ZN4midi13MidiInterfaceI14HardwareSerialE21getTypeFromStatusByteEh
                0x0000045c       0x28 ./midiCVtoolie.o
                0x0000045c                _ZN4midi13MidiInterfaceI14HardwareSerialE21getTypeFromStatusByteEh
 .text._ZN4midi13MidiInterfaceI14HardwareSerialE5parseEv
                0x00000484      0x3ae ./midiCVtoolie.o
                0x00000484                _ZN4midi13MidiInterfaceI14HardwareSerialE5parseEv
 .text._ZN4midi13MidiInterfaceI14HardwareSerialE12sendRealTimeENS_8MidiTypeE
                0x00000832       0x62 ./midiCVtoolie.o
                0x00000832                _ZN4midi13MidiInterfaceI14HardwareSerialE12sendRealTimeENS_8MidiTypeE
 .text._ZN4midi13MidiInterfaceI14HardwareSerialE4sendENS_8MidiTypeEhhh
                0x00000894       0xdc ./midiCVtoolie.o
                0x00000894                _ZN4midi13MidiInterfaceI14HardwareSerialE4sendENS_8MidiTypeEhhh
 .text._ZN4midi13MidiInterfaceI14HardwareSerialE10thruFilterEh
                0x00000970      0x256 ./midiCVtoolie.o
                0x00000970                _ZN4midi13MidiInterfaceI14HardwareSerialE10thruFilterEh
 .text.loop     0x00000bc6       0x86 ./midiCVtoolie.o
                0x00000bc6                loop
 .text.startup.main
                0x00000c4c        0x8 ./midiCVtoolie.o
                0x00000c4c                main
 .text.startup._GLOBAL__sub_I_main
                0x00000c54        0x2 ./midiCVtoolie.o
 .text._ZN14HardwareSerial9availableEv
                0x00000c56       0x26 /Users/dasvaclav/Documents/workspace/arduino-base/Release/libarduino-base.a(HardwareSerial.o)
                0x00000c56                _ZN14HardwareSerial9availableEv
 .text._ZN14HardwareSerial4peekEv
                0x00000c7c       0x38 /Users/dasvaclav/Documents/workspace/arduino-base/Release/libarduino-base.a(HardwareSerial.o)
                0x00000c7c                _ZN14HardwareSerial4peekEv
 .text._ZN14HardwareSerial4readEv
                0x00000cb4       0x48 /Users/dasvaclav/Documents/workspace/arduino-base/Release/libarduino-base.a(HardwareSerial.o)
                0x00000cb4                _ZN14HardwareSerial4readEv
 .text._ZN14HardwareSerial5flushEv
                0x00000cfc       0x16 /Users/dasvaclav/Documents/workspace/arduino-base/Release/libarduino-base.a(HardwareSerial.o)
                0x00000cfc                _ZN14HardwareSerial5flushEv
 .text._ZN14HardwareSerial5writeEh
                0x00000d12       0x7a /Users/dasvaclav/Documents/workspace/arduino-base/Release/libarduino-base.a(HardwareSerial.o)
                0x00000d12                _ZN14HardwareSerial5writeEh
 .text.__vector_18
                0x00000d8c       0x74 /Users/dasvaclav/Documents/workspace/arduino-base/Release/libarduino-base.a(HardwareSerial.o)
                0x00000d8c                __vector_18
 .text.__vector_19
                0x00000e00       0x76 /Users/dasvaclav/Documents/workspace/arduino-base/Release/libarduino-base.a(HardwareSerial.o)
                0x00000e00                __vector_19
 .text._ZN14HardwareSerial5beginEm
                0x00000e76       0xfe /Users/dasvaclav/Documents/workspace/arduino-base/Release/libarduino-base.a(HardwareSerial.o)
                0x00000e76                _ZN14HardwareSerial5beginEm
 .text.startup._GLOBAL__sub_I_rx_buffer
                0x00000f74       0xac /Users/dasvaclav/Documents/workspace/arduino-base/Release/libarduino-base.a(HardwareSerial.o)
 .text._ZN5Print5writeEPKhj
                0x00001020       0x50 /Users/dasvaclav/Documents/workspace/arduino-base/Release/libarduino-base.a(Print.o)
                0x00001020                _ZN5Print5writeEPKhj
 .text.__vector_16
                0x00001070       0x94 /Users/dasvaclav/Documents/workspace/arduino-base/Release/libarduino-base.a(wiring.o)
                0x00001070                __vector_16
 .text.init     0x00001104       0x76 /Users/dasvaclav/Documents/workspace/arduino-base/Release/libarduino-base.a(wiring.o)
                0x00001104                init
 .text.avr-libc
                0x0000117a        0x4 /usr/local/CrossPack-AVR-20131128/lib/gcc/avr/4.7.2/../../../../avr/lib/avr5/libc.a(exit.o)
                0x0000117a                exit
 .text.libgcc.div
                0x0000117e       0x44 /usr/local/CrossPack-AVR-20131128/lib/gcc/avr/4.7.2/avr5/libgcc.a(_udivmodsi4.o)
                0x0000117e                __udivmodsi4
 .text.libgcc   0x000011c2        0xc /usr/local/CrossPack-AVR-20131128/lib/gcc/avr/4.7.2/avr5/libgcc.a(_tablejump.o)
                0x000011c2                __tablejump2__
                0x000011c6                __tablejump__
                0x000011ce                . = ALIGN (0x2)
 *(.fini9)
 .fini9         0x000011ce        0x0 /usr/local/CrossPack-AVR-20131128/lib/gcc/avr/4.7.2/avr5/libgcc.a(_exit.o)
                0x000011ce                _exit
 *(.fini9)
 *(.fini8)
 *(.fini8)
 *(.fini7)
 *(.fini7)
 *(.fini6)
 *(.fini6)
 *(.fini5)
 *(.fini5)
 *(.fini4)
 *(.fini4)
 *(.fini3)
 *(.fini3)
 *(.fini2)
 *(.fini2)
 *(.fini1)
 *(.fini1)
 *(.fini0)
 .fini0         0x000011ce        0x4 /usr/local/CrossPack-AVR-20131128/lib/gcc/avr/4.7.2/avr5/libgcc.a(_exit.o)
 *(.fini0)
                0x000011d2                _etext = .

.data           0x00800100       0x10 load address 0x000011d2
                0x00800100                PROVIDE (__data_start, .)
 *(.data)
 .data          0x00800100        0x0 /usr/local/CrossPack-AVR-20131128/lib/gcc/avr/4.7.2/../../../../avr/lib/avr5/crtm328p.o
 .data          0x00800100        0x0 ./midiCVtoolie.o
 .data          0x00800100        0x0 /Users/dasvaclav/Documents/workspace/arduino-base/Release/libarduino-base.a(HardwareSerial.o)
 .data          0x00800100        0x0 /Users/dasvaclav/Documents/workspace/arduino-base/Release/libarduino-base.a(Print.o)
 .data          0x00800100        0x0 /Users/dasvaclav/Documents/workspace/arduino-base/Release/libarduino-base.a(WString.o)
 .data          0x00800100        0x0 /Users/dasvaclav/Documents/workspace/arduino-base/Release/libarduino-base.a(new.o)
 .data          0x00800100        0x0 /Users/dasvaclav/Documents/workspace/arduino-base/Release/libarduino-base.a(wiring.o)
 .data          0x00800100        0x0 /Users/dasvaclav/Documents/workspace/arduino-base/Release/libarduino-base.a(malloc.o)
 .data          0x00800100        0x0 /Users/dasvaclav/Documents/workspace/arduino-base/Release/libarduino-base.a(realloc.o)
 .data          0x00800100        0x0 /usr/local/CrossPack-AVR-20131128/lib/gcc/avr/4.7.2/../../../../avr/lib/avr5/libc.a(atol.o)
 .data          0x00800100        0x0 /usr/local/CrossPack-AVR-20131128/lib/gcc/avr/4.7.2/../../../../avr/lib/avr5/libc.a(exit.o)
 .data          0x00800100        0x0 /usr/local/CrossPack-AVR-20131128/lib/gcc/avr/4.7.2/../../../../avr/lib/avr5/libc.a(isspace.o)
 .data          0x00800100        0x0 /usr/local/CrossPack-AVR-20131128/lib/gcc/avr/4.7.2/../../../../avr/lib/avr5/libc.a(tolower.o)
 .data          0x00800100        0x0 /usr/local/CrossPack-AVR-20131128/lib/gcc/avr/4.7.2/../../../../avr/lib/avr5/libc.a(toupper.o)
 .data          0x00800100        0x0 /usr/local/CrossPack-AVR-20131128/lib/gcc/avr/4.7.2/../../../../avr/lib/avr5/libc.a(memcpy.o)
 .data          0x00800100        0x0 /usr/local/CrossPack-AVR-20131128/lib/gcc/avr/4.7.2/../../../../avr/lib/avr5/libc.a(memmove.o)
 .data          0x00800100        0x0 /usr/local/CrossPack-AVR-20131128/lib/gcc/avr/4.7.2/../../../../avr/lib/avr5/libc.a(strchr.o)
 .data          0x00800100        0x0 /usr/local/CrossPack-AVR-20131128/lib/gcc/avr/4.7.2/../../../../avr/lib/avr5/libc.a(strcmp.o)
 .data          0x00800100        0x0 /usr/local/CrossPack-AVR-20131128/lib/gcc/avr/4.7.2/../../../../avr/lib/avr5/libc.a(strcpy.o)
 .data          0x00800100        0x0 /usr/local/CrossPack-AVR-20131128/lib/gcc/avr/4.7.2/../../../../avr/lib/avr5/libc.a(strncmp.o)
 .data          0x00800100        0x0 /usr/local/CrossPack-AVR-20131128/lib/gcc/avr/4.7.2/../../../../avr/lib/avr5/libc.a(strncpy.o)
 .data          0x00800100        0x0 /usr/local/CrossPack-AVR-20131128/lib/gcc/avr/4.7.2/../../../../avr/lib/avr5/libc.a(strrchr.o)
 .data          0x00800100        0x0 /usr/local/CrossPack-AVR-20131128/lib/gcc/avr/4.7.2/../../../../avr/lib/avr5/libc.a(strstr.o)
 .data          0x00800100        0x0 /usr/local/CrossPack-AVR-20131128/lib/gcc/avr/4.7.2/../../../../avr/lib/avr5/libc.a(itoa.o)
 .data          0x00800100        0x0 /usr/local/CrossPack-AVR-20131128/lib/gcc/avr/4.7.2/../../../../avr/lib/avr5/libc.a(ltoa.o)
 .data          0x00800100        0x0 /usr/local/CrossPack-AVR-20131128/lib/gcc/avr/4.7.2/../../../../avr/lib/avr5/libc.a(mulsi10.o)
 .data          0x00800100        0x0 /usr/local/CrossPack-AVR-20131128/lib/gcc/avr/4.7.2/../../../../avr/lib/avr5/libc.a(ultoa.o)
 .data          0x00800100        0x0 /usr/local/CrossPack-AVR-20131128/lib/gcc/avr/4.7.2/../../../../avr/lib/avr5/libc.a(utoa.o)
 .data          0x00800100        0x0 /usr/local/CrossPack-AVR-20131128/lib/gcc/avr/4.7.2/../../../../avr/lib/avr5/libc.a(addsf3.o)
 .data          0x00800100        0x0 /usr/local/CrossPack-AVR-20131128/lib/gcc/avr/4.7.2/../../../../avr/lib/avr5/libc.a(addsf3x.o)
 .data          0x00800100        0x0 /usr/local/CrossPack-AVR-20131128/lib/gcc/avr/4.7.2/../../../../avr/lib/avr5/libc.a(cmpsf2.o)
 .data          0x00800100        0x0 /usr/local/CrossPack-AVR-20131128/lib/gcc/avr/4.7.2/../../../../avr/lib/avr5/libc.a(divsf3.o)
 .data          0x00800100        0x0 /usr/local/CrossPack-AVR-20131128/lib/gcc/avr/4.7.2/../../../../avr/lib/avr5/libc.a(divsf3x.o)
 .data          0x00800100        0x0 /usr/local/CrossPack-AVR-20131128/lib/gcc/avr/4.7.2/../../../../avr/lib/avr5/libc.a(fixsfsi.o)
 .data          0x00800100        0x0 /usr/local/CrossPack-AVR-20131128/lib/gcc/avr/4.7.2/../../../../avr/lib/avr5/libc.a(fixunssfsi.o)
 .data          0x00800100        0x0 /usr/local/CrossPack-AVR-20131128/lib/gcc/avr/4.7.2/../../../../avr/lib/avr5/libc.a(floatsisf.o)
 .data          0x00800100        0x0 /usr/local/CrossPack-AVR-20131128/lib/gcc/avr/4.7.2/../../../../avr/lib/avr5/libc.a(fp_cmp.o)
 .data          0x00800100        0x0 /usr/local/CrossPack-AVR-20131128/lib/gcc/avr/4.7.2/../../../../avr/lib/avr5/libc.a(fp_inf.o)
 .data          0x00800100        0x0 /usr/local/CrossPack-AVR-20131128/lib/gcc/avr/4.7.2/../../../../avr/lib/avr5/libc.a(fp_nan.o)
 .data          0x00800100        0x0 /usr/local/CrossPack-AVR-20131128/lib/gcc/avr/4.7.2/../../../../avr/lib/avr5/libc.a(fp_pscA.o)
 .data          0x00800100        0x0 /usr/local/CrossPack-AVR-20131128/lib/gcc/avr/4.7.2/../../../../avr/lib/avr5/libc.a(fp_pscB.o)
 .data          0x00800100        0x0 /usr/local/CrossPack-AVR-20131128/lib/gcc/avr/4.7.2/../../../../avr/lib/avr5/libc.a(fp_round.o)
 .data          0x00800100        0x0 /usr/local/CrossPack-AVR-20131128/lib/gcc/avr/4.7.2/../../../../avr/lib/avr5/libc.a(fp_split3.o)
 .data          0x00800100        0x0 /usr/local/CrossPack-AVR-20131128/lib/gcc/avr/4.7.2/../../../../avr/lib/avr5/libc.a(fp_zero.o)
 .data          0x00800100        0x0 /usr/local/CrossPack-AVR-20131128/lib/gcc/avr/4.7.2/../../../../avr/lib/avr5/libc.a(gesf2.o)
 .data          0x00800100        0x0 /usr/local/CrossPack-AVR-20131128/lib/gcc/avr/4.7.2/../../../../avr/lib/avr5/libc.a(mulsf3.o)
 .data          0x00800100        0x0 /usr/local/CrossPack-AVR-20131128/lib/gcc/avr/4.7.2/../../../../avr/lib/avr5/libc.a(mulsf3x.o)
 .data          0x00800100        0x0 /usr/local/CrossPack-AVR-20131128/lib/gcc/avr/4.7.2/../../../../avr/lib/avr5/libc.a(unordsf2.o)
 .data          0x00800100        0x0 /usr/local/CrossPack-AVR-20131128/lib/gcc/avr/4.7.2/../../../../avr/lib/avr5/libc.a(cty_isfalse.o)
 .data          0x00800100        0x0 /usr/local/CrossPack-AVR-20131128/lib/gcc/avr/4.7.2/../../../../avr/lib/avr5/libc.a(strrev.o)
 .data          0x00800100        0x0 /usr/local/CrossPack-AVR-20131128/lib/gcc/avr/4.7.2/avr5/libgcc.a(_udivmodhi4.o)
 .data          0x00800100        0x0 /usr/local/CrossPack-AVR-20131128/lib/gcc/avr/4.7.2/avr5/libgcc.a(_udivmodsi4.o)
 .data          0x00800100        0x0 /usr/local/CrossPack-AVR-20131128/lib/gcc/avr/4.7.2/avr5/libgcc.a(_exit.o)
 .data          0x00800100        0x0 /usr/local/CrossPack-AVR-20131128/lib/gcc/avr/4.7.2/avr5/libgcc.a(_copy_data.o)
 .data          0x00800100        0x0 /usr/local/CrossPack-AVR-20131128/lib/gcc/avr/4.7.2/avr5/libgcc.a(_clear_bss.o)
 .data          0x00800100        0x0 /usr/local/CrossPack-AVR-20131128/lib/gcc/avr/4.7.2/avr5/libgcc.a(_ctors.o)
 .data          0x00800100        0x0 /usr/local/CrossPack-AVR-20131128/lib/gcc/avr/4.7.2/avr5/libgcc.a(_tablejump.o)
 *(.data*)
 *(.rodata)
 *(.rodata*)
 .rodata._ZTV14HardwareSerial
                0x00800100       0x10 /Users/dasvaclav/Documents/workspace/arduino-base/Release/libarduino-base.a(HardwareSerial.o)
                0x00800100                _ZTV14HardwareSerial
 *(.gnu.linkonce.d*)
                0x00800110                . = ALIGN (0x2)
                0x00800110                _edata = .
                0x00800110                PROVIDE (__data_end, .)

.bss            0x00800110      0x1e9
                0x00800110                PROVIDE (__bss_start, .)
 *(.bss)
 *(.bss*)
 .bss.MIDI      0x00800110      0x136 ./midiCVtoolie.o
                0x00800110                MIDI
 .bss.Serial    0x00800246       0x22 /Users/dasvaclav/Documents/workspace/arduino-base/Release/libarduino-base.a(HardwareSerial.o)
                0x00800246                Serial
 .bss.tx_buffer
                0x00800268       0x44 /Users/dasvaclav/Documents/workspace/arduino-base/Release/libarduino-base.a(HardwareSerial.o)
                0x00800268                tx_buffer
 .bss.rx_buffer
                0x008002ac       0x44 /Users/dasvaclav/Documents/workspace/arduino-base/Release/libarduino-base.a(HardwareSerial.o)
                0x008002ac                rx_buffer
 .bss.timer0_millis
                0x008002f0        0x4 /Users/dasvaclav/Documents/workspace/arduino-base/Release/libarduino-base.a(wiring.o)
                0x008002f0                timer0_millis
 .bss.timer0_overflow_count
                0x008002f4        0x4 /Users/dasvaclav/Documents/workspace/arduino-base/Release/libarduino-base.a(wiring.o)
                0x008002f4                timer0_overflow_count
 .bss.timer0_fract
                0x008002f8        0x1 /Users/dasvaclav/Documents/workspace/arduino-base/Release/libarduino-base.a(wiring.o)
 *(COMMON)
                0x008002f9                PROVIDE (__bss_end, .)
                0x000011d2                __data_load_start = LOADADDR (.data)
                0x000011e2                __data_load_end = (__data_load_start + SIZEOF (.data))

.noinit         0x008002f9        0x0
                0x008002f9                PROVIDE (__noinit_start, .)
 *(.noinit*)
                0x008002f9                PROVIDE (__noinit_end, .)
                0x008002f9                _end = .
                0x008002f9                PROVIDE (__heap_start, .)

.eeprom         0x00810000        0x0
 *(.eeprom*)
                0x00810000                __eeprom_end = .

.fuse
 *(.fuse)
 *(.lfuse)
 *(.hfuse)
 *(.efuse)

.lock
 *(.lock*)

.signature
 *(.signature*)

.user_signatures
 *(.user_signatures*)

.stab           0x00000000     0x2fd0
 *(.stab)
 .stab          0x00000000      0x6cc /usr/local/CrossPack-AVR-20131128/lib/gcc/avr/4.7.2/../../../../avr/lib/avr5/crtm328p.o
 .stab          0x000006cc      0x1e0 /usr/local/CrossPack-AVR-20131128/lib/gcc/avr/4.7.2/../../../../avr/lib/avr5/libc.a(atol.o)
                                0x1ec (size before relaxing)
 .stab          0x000008ac       0x30 /usr/local/CrossPack-AVR-20131128/lib/gcc/avr/4.7.2/../../../../avr/lib/avr5/libc.a(exit.o)
                                 0x3c (size before relaxing)
 .stab          0x000008dc       0x18 /usr/local/CrossPack-AVR-20131128/lib/gcc/avr/4.7.2/../../../../avr/lib/avr5/libc.a(isspace.o)
                                 0xa8 (size before relaxing)
 .stab          0x000008f4       0x18 /usr/local/CrossPack-AVR-20131128/lib/gcc/avr/4.7.2/../../../../avr/lib/avr5/libc.a(tolower.o)
                                 0xa8 (size before relaxing)
 .stab          0x0000090c       0x18 /usr/local/CrossPack-AVR-20131128/lib/gcc/avr/4.7.2/../../../../avr/lib/avr5/libc.a(toupper.o)
                                 0xa8 (size before relaxing)
 .stab          0x00000924       0x84 /usr/local/CrossPack-AVR-20131128/lib/gcc/avr/4.7.2/../../../../avr/lib/avr5/libc.a(memcpy.o)
                                 0x90 (size before relaxing)
 .stab          0x000009a8       0xe4 /usr/local/CrossPack-AVR-20131128/lib/gcc/avr/4.7.2/../../../../avr/lib/avr5/libc.a(memmove.o)
                                 0xf0 (size before relaxing)
 .stab          0x00000a8c       0x9c /usr/local/CrossPack-AVR-20131128/lib/gcc/avr/4.7.2/../../../../avr/lib/avr5/libc.a(strchr.o)
                                 0xa8 (size before relaxing)
 .stab          0x00000b28       0x84 /usr/local/CrossPack-AVR-20131128/lib/gcc/avr/4.7.2/../../../../avr/lib/avr5/libc.a(strcmp.o)
                                 0x90 (size before relaxing)
 .stab          0x00000bac       0x6c /usr/local/CrossPack-AVR-20131128/lib/gcc/avr/4.7.2/../../../../avr/lib/avr5/libc.a(strcpy.o)
                                 0x78 (size before relaxing)
 .stab          0x00000c18       0xc0 /usr/local/CrossPack-AVR-20131128/lib/gcc/avr/4.7.2/../../../../avr/lib/avr5/libc.a(strncmp.o)
                                 0xcc (size before relaxing)
 .stab          0x00000cd8       0xcc /usr/local/CrossPack-AVR-20131128/lib/gcc/avr/4.7.2/../../../../avr/lib/avr5/libc.a(strncpy.o)
                                 0xd8 (size before relaxing)
 .stab          0x00000da4       0x9c /usr/local/CrossPack-AVR-20131128/lib/gcc/avr/4.7.2/../../../../avr/lib/avr5/libc.a(strrchr.o)
                                 0xa8 (size before relaxing)
 .stab          0x00000e40      0x150 /usr/local/CrossPack-AVR-20131128/lib/gcc/avr/4.7.2/../../../../avr/lib/avr5/libc.a(strstr.o)
                                0x15c (size before relaxing)
 .stab          0x00000f90       0x18 /usr/local/CrossPack-AVR-20131128/lib/gcc/avr/4.7.2/../../../../avr/lib/avr5/libc.a(itoa.o)
                                0x1bc (size before relaxing)
 .stab          0x00000fa8       0x18 /usr/local/CrossPack-AVR-20131128/lib/gcc/avr/4.7.2/../../../../avr/lib/avr5/libc.a(ltoa.o)
                                0x2a0 (size before relaxing)
 .stab          0x00000fc0      0x114 /usr/local/CrossPack-AVR-20131128/lib/gcc/avr/4.7.2/../../../../avr/lib/avr5/libc.a(mulsi10.o)
                                0x120 (size before relaxing)
 .stab          0x000010d4       0x18 /usr/local/CrossPack-AVR-20131128/lib/gcc/avr/4.7.2/../../../../avr/lib/avr5/libc.a(ultoa.o)
                                0x1ec (size before relaxing)
 .stab          0x000010ec       0x18 /usr/local/CrossPack-AVR-20131128/lib/gcc/avr/4.7.2/../../../../avr/lib/avr5/libc.a(utoa.o)
                                0x138 (size before relaxing)
 .stab          0x00001104       0x78 /usr/local/CrossPack-AVR-20131128/lib/gcc/avr/4.7.2/../../../../avr/lib/avr5/libc.a(addsf3.o)
                                 0x84 (size before relaxing)
 .stab          0x0000117c      0x4bc /usr/local/CrossPack-AVR-20131128/lib/gcc/avr/4.7.2/../../../../avr/lib/avr5/libc.a(addsf3x.o)
                                0x4c8 (size before relaxing)
 .stab          0x00001638       0x90 /usr/local/CrossPack-AVR-20131128/lib/gcc/avr/4.7.2/../../../../avr/lib/avr5/libc.a(cmpsf2.o)
                                 0x9c (size before relaxing)
 .stab          0x000016c8       0x48 /usr/local/CrossPack-AVR-20131128/lib/gcc/avr/4.7.2/../../../../avr/lib/avr5/libc.a(divsf3.o)
                                 0x54 (size before relaxing)
 .stab          0x00001710      0x510 /usr/local/CrossPack-AVR-20131128/lib/gcc/avr/4.7.2/../../../../avr/lib/avr5/libc.a(divsf3x.o)
                                0x51c (size before relaxing)
 .stab          0x00001c20       0x6c /usr/local/CrossPack-AVR-20131128/lib/gcc/avr/4.7.2/../../../../avr/lib/avr5/libc.a(fixsfsi.o)
                                 0x78 (size before relaxing)
 .stab          0x00001c8c      0x240 /usr/local/CrossPack-AVR-20131128/lib/gcc/avr/4.7.2/../../../../avr/lib/avr5/libc.a(fixunssfsi.o)
                                0x24c (size before relaxing)
 .stab          0x00001ecc      0x318 /usr/local/CrossPack-AVR-20131128/lib/gcc/avr/4.7.2/../../../../avr/lib/avr5/libc.a(floatsisf.o)
                                0x324 (size before relaxing)
 .stab          0x000021e4      0x1e0 /usr/local/CrossPack-AVR-20131128/lib/gcc/avr/4.7.2/../../../../avr/lib/avr5/libc.a(fp_cmp.o)
                                0x1ec (size before relaxing)
 .stab          0x000023c4       0x78 /usr/local/CrossPack-AVR-20131128/lib/gcc/avr/4.7.2/../../../../avr/lib/avr5/libc.a(fp_inf.o)
                                 0x84 (size before relaxing)
 .stab          0x0000243c       0x54 /usr/local/CrossPack-AVR-20131128/lib/gcc/avr/4.7.2/../../../../avr/lib/avr5/libc.a(fp_nan.o)
                                 0x60 (size before relaxing)
 .stab          0x00002490       0x84 /usr/local/CrossPack-AVR-20131128/lib/gcc/avr/4.7.2/../../../../avr/lib/avr5/libc.a(fp_pscA.o)
                                 0x90 (size before relaxing)
 .stab          0x00002514       0x84 /usr/local/CrossPack-AVR-20131128/lib/gcc/avr/4.7.2/../../../../avr/lib/avr5/libc.a(fp_pscB.o)
                                 0x90 (size before relaxing)
 .stab          0x00002598       0xfc /usr/local/CrossPack-AVR-20131128/lib/gcc/avr/4.7.2/../../../../avr/lib/avr5/libc.a(fp_round.o)
                                0x108 (size before relaxing)
 .stab          0x00002694      0x1d4 /usr/local/CrossPack-AVR-20131128/lib/gcc/avr/4.7.2/../../../../avr/lib/avr5/libc.a(fp_split3.o)
                                0x1e0 (size before relaxing)
 .stab          0x00002868       0x90 /usr/local/CrossPack-AVR-20131128/lib/gcc/avr/4.7.2/../../../../avr/lib/avr5/libc.a(fp_zero.o)
                                 0x9c (size before relaxing)
 .stab          0x000028f8       0x6c /usr/local/CrossPack-AVR-20131128/lib/gcc/avr/4.7.2/../../../../avr/lib/avr5/libc.a(gesf2.o)
                                 0x78 (size before relaxing)
 .stab          0x00002964       0x48 /usr/local/CrossPack-AVR-20131128/lib/gcc/avr/4.7.2/../../../../avr/lib/avr5/libc.a(mulsf3.o)
                                 0x54 (size before relaxing)
 .stab          0x000029ac      0x4d4 /usr/local/CrossPack-AVR-20131128/lib/gcc/avr/4.7.2/../../../../avr/lib/avr5/libc.a(mulsf3x.o)
                                0x4e0 (size before relaxing)
 .stab          0x00002e80       0x60 /usr/local/CrossPack-AVR-20131128/lib/gcc/avr/4.7.2/../../../../avr/lib/avr5/libc.a(unordsf2.o)
                                 0x6c (size before relaxing)
 .stab          0x00002ee0       0x18 /usr/local/CrossPack-AVR-20131128/lib/gcc/avr/4.7.2/../../../../avr/lib/avr5/libc.a(cty_isfalse.o)
                                 0x6c (size before relaxing)
 .stab          0x00002ef8       0xd8 /usr/local/CrossPack-AVR-20131128/lib/gcc/avr/4.7.2/../../../../avr/lib/avr5/libc.a(strrev.o)
                                 0xe4 (size before relaxing)

.stabstr        0x00000000      0xefe
 *(.stabstr)
 .stabstr       0x00000000      0xefe /usr/local/CrossPack-AVR-20131128/lib/gcc/avr/4.7.2/../../../../avr/lib/avr5/crtm328p.o

.stab.excl
 *(.stab.excl)

.stab.exclstr
 *(.stab.exclstr)

.stab.index
 *(.stab.index)

.stab.indexstr
 *(.stab.indexstr)

.comment        0x00000000       0x11
 *(.comment)
 .comment       0x00000000       0x11 ./midiCVtoolie.o
                                 0x12 (size before relaxing)
 .comment       0x00000000       0x12 /Users/dasvaclav/Documents/workspace/arduino-base/Release/libarduino-base.a(HardwareSerial.o)
 .comment       0x00000000       0x12 /Users/dasvaclav/Documents/workspace/arduino-base/Release/libarduino-base.a(Print.o)
 .comment       0x00000000       0x12 /Users/dasvaclav/Documents/workspace/arduino-base/Release/libarduino-base.a(WString.o)
 .comment       0x00000000       0x12 /Users/dasvaclav/Documents/workspace/arduino-base/Release/libarduino-base.a(new.o)
 .comment       0x00000000       0x12 /Users/dasvaclav/Documents/workspace/arduino-base/Release/libarduino-base.a(wiring.o)
 .comment       0x00000000       0x12 /Users/dasvaclav/Documents/workspace/arduino-base/Release/libarduino-base.a(malloc.o)
 .comment       0x00000000       0x12 /Users/dasvaclav/Documents/workspace/arduino-base/Release/libarduino-base.a(realloc.o)

.debug
 *(.debug)

.line
 *(.line)

.debug_srcinfo
 *(.debug_srcinfo)

.debug_sfnames
 *(.debug_sfnames)

.debug_aranges  0x00000000       0xe0
 *(.debug_aranges)
 .debug_aranges
                0x00000000       0x20 /usr/local/CrossPack-AVR-20131128/lib/gcc/avr/4.7.2/avr5/libgcc.a(_udivmodhi4.o)
 .debug_aranges
                0x00000020       0x20 /usr/local/CrossPack-AVR-20131128/lib/gcc/avr/4.7.2/avr5/libgcc.a(_udivmodsi4.o)
 .debug_aranges
                0x00000040       0x20 /usr/local/CrossPack-AVR-20131128/lib/gcc/avr/4.7.2/avr5/libgcc.a(_exit.o)
 .debug_aranges
                0x00000060       0x20 /usr/local/CrossPack-AVR-20131128/lib/gcc/avr/4.7.2/avr5/libgcc.a(_copy_data.o)
 .debug_aranges
                0x00000080       0x20 /usr/local/CrossPack-AVR-20131128/lib/gcc/avr/4.7.2/avr5/libgcc.a(_clear_bss.o)
 .debug_aranges
                0x000000a0       0x20 /usr/local/CrossPack-AVR-20131128/lib/gcc/avr/4.7.2/avr5/libgcc.a(_ctors.o)
 .debug_aranges
                0x000000c0       0x20 /usr/local/CrossPack-AVR-20131128/lib/gcc/avr/4.7.2/avr5/libgcc.a(_tablejump.o)

.debug_pubnames
 *(.debug_pubnames)

.debug_info     0x00000000      0x532
 *(.debug_info)
 .debug_info    0x00000000       0xbe /usr/local/CrossPack-AVR-20131128/lib/gcc/avr/4.7.2/avr5/libgcc.a(_udivmodhi4.o)
 .debug_info    0x000000be       0xbe /usr/local/CrossPack-AVR-20131128/lib/gcc/avr/4.7.2/avr5/libgcc.a(_udivmodsi4.o)
 .debug_info    0x0000017c       0xbe /usr/local/CrossPack-AVR-20131128/lib/gcc/avr/4.7.2/avr5/libgcc.a(_exit.o)
 .debug_info    0x0000023a       0xbe /usr/local/CrossPack-AVR-20131128/lib/gcc/avr/4.7.2/avr5/libgcc.a(_copy_data.o)
 .debug_info    0x000002f8       0xbe /usr/local/CrossPack-AVR-20131128/lib/gcc/avr/4.7.2/avr5/libgcc.a(_clear_bss.o)
 .debug_info    0x000003b6       0xbe /usr/local/CrossPack-AVR-20131128/lib/gcc/avr/4.7.2/avr5/libgcc.a(_ctors.o)
 .debug_info    0x00000474       0xbe /usr/local/CrossPack-AVR-20131128/lib/gcc/avr/4.7.2/avr5/libgcc.a(_tablejump.o)
 *(.gnu.linkonce.wi.*)

.debug_abbrev   0x00000000       0x8c
 *(.debug_abbrev)
 .debug_abbrev  0x00000000       0x14 /usr/local/CrossPack-AVR-20131128/lib/gcc/avr/4.7.2/avr5/libgcc.a(_udivmodhi4.o)
 .debug_abbrev  0x00000014       0x14 /usr/local/CrossPack-AVR-20131128/lib/gcc/avr/4.7.2/avr5/libgcc.a(_udivmodsi4.o)
 .debug_abbrev  0x00000028       0x14 /usr/local/CrossPack-AVR-20131128/lib/gcc/avr/4.7.2/avr5/libgcc.a(_exit.o)
 .debug_abbrev  0x0000003c       0x14 /usr/local/CrossPack-AVR-20131128/lib/gcc/avr/4.7.2/avr5/libgcc.a(_copy_data.o)
 .debug_abbrev  0x00000050       0x14 /usr/local/CrossPack-AVR-20131128/lib/gcc/avr/4.7.2/avr5/libgcc.a(_clear_bss.o)
 .debug_abbrev  0x00000064       0x14 /usr/local/CrossPack-AVR-20131128/lib/gcc/avr/4.7.2/avr5/libgcc.a(_ctors.o)
 .debug_abbrev  0x00000078       0x14 /usr/local/CrossPack-AVR-20131128/lib/gcc/avr/4.7.2/avr5/libgcc.a(_tablejump.o)

.debug_line     0x00000000      0x2b5
 *(.debug_line)
 .debug_line    0x00000000       0x6a /usr/local/CrossPack-AVR-20131128/lib/gcc/avr/4.7.2/avr5/libgcc.a(_udivmodhi4.o)
 .debug_line    0x0000006a       0x78 /usr/local/CrossPack-AVR-20131128/lib/gcc/avr/4.7.2/avr5/libgcc.a(_udivmodsi4.o)
 .debug_line    0x000000e2       0x58 /usr/local/CrossPack-AVR-20131128/lib/gcc/avr/4.7.2/avr5/libgcc.a(_exit.o)
 .debug_line    0x0000013a       0x61 /usr/local/CrossPack-AVR-20131128/lib/gcc/avr/4.7.2/avr5/libgcc.a(_copy_data.o)
 .debug_line    0x0000019b       0x5e /usr/local/CrossPack-AVR-20131128/lib/gcc/avr/4.7.2/avr5/libgcc.a(_clear_bss.o)
 .debug_line    0x000001f9       0x60 /usr/local/CrossPack-AVR-20131128/lib/gcc/avr/4.7.2/avr5/libgcc.a(_ctors.o)
 .debug_line    0x00000259       0x5c /usr/local/CrossPack-AVR-20131128/lib/gcc/avr/4.7.2/avr5/libgcc.a(_tablejump.o)

.debug_frame
 *(.debug_frame)

.debug_str
 *(.debug_str)

.debug_loc
 *(.debug_loc)

.debug_macinfo
 *(.debug_macinfo)

.debug_pubtypes
 *(.debug_pubtypes)

.debug_ranges
 *(.debug_ranges)

.debug_macro
 *(.debug_macro)
OUTPUT(midiCVtoolie.elf elf32-avr)
LOAD linker stubs

Cross Reference Table

Symbol                                            File
HardwareSerial::HardwareSerial(ring_buffer*, ring_buffer*, unsigned char volatile*, unsigned char volatile*, unsigned char volatile*, unsigned char volatile*, unsigned char volatile*, unsigned char volatile*, unsigned char, unsigned char, unsigned char, unsigned char, unsigned char) /Users/dasvaclav/Documents/workspace/arduino-base/Release/libarduino-base.a(HardwareSerial.o)
HardwareSerial::HardwareSerial(ring_buffer*, ring_buffer*, unsigned char volatile*, unsigned char volatile*, unsigned char volatile*, unsigned char volatile*, unsigned char volatile*, unsigned char volatile*, unsigned char, unsigned char, unsigned char, unsigned char, unsigned char) /Users/dasvaclav/Documents/workspace/arduino-base/Release/libarduino-base.a(HardwareSerial.o)
HardwareSerial::available()                       /Users/dasvaclav/Documents/workspace/arduino-base/Release/libarduino-base.a(HardwareSerial.o)
HardwareSerial::begin(unsigned long)              /Users/dasvaclav/Documents/workspace/arduino-base/Release/libarduino-base.a(HardwareSerial.o)
                                                  ./midiCVtoolie.o
HardwareSerial::begin(unsigned long, unsigned char) /Users/dasvaclav/Documents/workspace/arduino-base/Release/libarduino-base.a(HardwareSerial.o)
HardwareSerial::end()                             /Users/dasvaclav/Documents/workspace/arduino-base/Release/libarduino-base.a(HardwareSerial.o)
HardwareSerial::flush()                           /Users/dasvaclav/Documents/workspace/arduino-base/Release/libarduino-base.a(HardwareSerial.o)
HardwareSerial::operator bool()                   /Users/dasvaclav/Documents/workspace/arduino-base/Release/libarduino-base.a(HardwareSerial.o)
HardwareSerial::peek()                            /Users/dasvaclav/Documents/workspace/arduino-base/Release/libarduino-base.a(HardwareSerial.o)
HardwareSerial::read()                            /Users/dasvaclav/Documents/workspace/arduino-base/Release/libarduino-base.a(HardwareSerial.o)
HardwareSerial::write(int)                        ./midiCVtoolie.o
HardwareSerial::write(unsigned char)              /Users/dasvaclav/Documents/workspace/arduino-base/Release/libarduino-base.a(HardwareSerial.o)
HardwareSerial::write(unsigned int)               ./midiCVtoolie.o
MIDI                                              ./midiCVtoolie.o
Print::print(Printable const&)                    /Users/dasvaclav/Documents/workspace/arduino-base/Release/libarduino-base.a(Print.o)
Print::print(String const&)                       /Users/dasvaclav/Documents/workspace/arduino-base/Release/libarduino-base.a(Print.o)
Print::print(__FlashStringHelper const*)          /Users/dasvaclav/Documents/workspace/arduino-base/Release/libarduino-base.a(Print.o)
Print::print(char const*)                         /Users/dasvaclav/Documents/workspace/arduino-base/Release/libarduino-base.a(Print.o)
Print::print(char)                                /Users/dasvaclav/Documents/workspace/arduino-base/Release/libarduino-base.a(Print.o)
Print::print(double, int)                         /Users/dasvaclav/Documents/workspace/arduino-base/Release/libarduino-base.a(Print.o)
Print::print(int, int)                            /Users/dasvaclav/Documents/workspace/arduino-base/Release/libarduino-base.a(Print.o)
Print::print(long, int)                           /Users/dasvaclav/Documents/workspace/arduino-base/Release/libarduino-base.a(Print.o)
Print::print(unsigned char, int)                  /Users/dasvaclav/Documents/workspace/arduino-base/Release/libarduino-base.a(Print.o)
Print::print(unsigned int, int)                   /Users/dasvaclav/Documents/workspace/arduino-base/Release/libarduino-base.a(Print.o)
Print::print(unsigned long, int)                  /Users/dasvaclav/Documents/workspace/arduino-base/Release/libarduino-base.a(Print.o)
Print::printFloat(double, unsigned char)          /Users/dasvaclav/Documents/workspace/arduino-base/Release/libarduino-base.a(Print.o)
Print::printNumber(unsigned long, unsigned char)  /Users/dasvaclav/Documents/workspace/arduino-base/Release/libarduino-base.a(Print.o)
Print::println()                                  /Users/dasvaclav/Documents/workspace/arduino-base/Release/libarduino-base.a(Print.o)
Print::println(Printable const&)                  /Users/dasvaclav/Documents/workspace/arduino-base/Release/libarduino-base.a(Print.o)
Print::println(String const&)                     /Users/dasvaclav/Documents/workspace/arduino-base/Release/libarduino-base.a(Print.o)
Print::println(__FlashStringHelper const*)        /Users/dasvaclav/Documents/workspace/arduino-base/Release/libarduino-base.a(Print.o)
Print::println(char const*)                       /Users/dasvaclav/Documents/workspace/arduino-base/Release/libarduino-base.a(Print.o)
Print::println(char)                              /Users/dasvaclav/Documents/workspace/arduino-base/Release/libarduino-base.a(Print.o)
Print::println(double, int)                       /Users/dasvaclav/Documents/workspace/arduino-base/Release/libarduino-base.a(Print.o)
Print::println(int, int)                          /Users/dasvaclav/Documents/workspace/arduino-base/Release/libarduino-base.a(Print.o)
Print::println(long, int)                         /Users/dasvaclav/Documents/workspace/arduino-base/Release/libarduino-base.a(Print.o)
Print::println(unsigned char, int)                /Users/dasvaclav/Documents/workspace/arduino-base/Release/libarduino-base.a(Print.o)
Print::println(unsigned int, int)                 /Users/dasvaclav/Documents/workspace/arduino-base/Release/libarduino-base.a(Print.o)
Print::println(unsigned long, int)                /Users/dasvaclav/Documents/workspace/arduino-base/Release/libarduino-base.a(Print.o)
Print::write(char const*)                         /Users/dasvaclav/Documents/workspace/arduino-base/Release/libarduino-base.a(Print.o)
Print::write(unsigned char const*, unsigned int)  /Users/dasvaclav/Documents/workspace/arduino-base/Release/libarduino-base.a(Print.o)
                                                  /Users/dasvaclav/Documents/workspace/arduino-base/Release/libarduino-base.a(HardwareSerial.o)
Serial                                            /Users/dasvaclav/Documents/workspace/arduino-base/Release/libarduino-base.a(HardwareSerial.o)
                                                  ./midiCVtoolie.o
String::String(String const&)                     /Users/dasvaclav/Documents/workspace/arduino-base/Release/libarduino-base.a(WString.o)
String::String(String const&)                     /Users/dasvaclav/Documents/workspace/arduino-base/Release/libarduino-base.a(WString.o)
String::String(char const*)                       /Users/dasvaclav/Documents/workspace/arduino-base/Release/libarduino-base.a(WString.o)
String::String(char const*)                       /Users/dasvaclav/Documents/workspace/arduino-base/Release/libarduino-base.a(WString.o)
String::String(char)                              /Users/dasvaclav/Documents/workspace/arduino-base/Release/libarduino-base.a(WString.o)
String::String(char)                              /Users/dasvaclav/Documents/workspace/arduino-base/Release/libarduino-base.a(WString.o)
String::String(int, unsigned char)                /Users/dasvaclav/Documents/workspace/arduino-base/Release/libarduino-base.a(WString.o)
String::String(int, unsigned char)                /Users/dasvaclav/Documents/workspace/arduino-base/Release/libarduino-base.a(WString.o)
String::String(long, unsigned char)               /Users/dasvaclav/Documents/workspace/arduino-base/Release/libarduino-base.a(WString.o)
String::String(long, unsigned char)               /Users/dasvaclav/Documents/workspace/arduino-base/Release/libarduino-base.a(WString.o)
String::String(unsigned char, unsigned char)      /Users/dasvaclav/Documents/workspace/arduino-base/Release/libarduino-base.a(WString.o)
String::String(unsigned char, unsigned char)      /Users/dasvaclav/Documents/workspace/arduino-base/Release/libarduino-base.a(WString.o)
String::String(unsigned int, unsigned char)       /Users/dasvaclav/Documents/workspace/arduino-base/Release/libarduino-base.a(WString.o)
String::String(unsigned int, unsigned char)       /Users/dasvaclav/Documents/workspace/arduino-base/Release/libarduino-base.a(WString.o)
String::String(unsigned long, unsigned char)      /Users/dasvaclav/Documents/workspace/arduino-base/Release/libarduino-base.a(WString.o)
String::String(unsigned long, unsigned char)      /Users/dasvaclav/Documents/workspace/arduino-base/Release/libarduino-base.a(WString.o)
String::changeBuffer(unsigned int)                /Users/dasvaclav/Documents/workspace/arduino-base/Release/libarduino-base.a(WString.o)
String::charAt(unsigned int) const                /Users/dasvaclav/Documents/workspace/arduino-base/Release/libarduino-base.a(WString.o)
String::compareTo(String const&) const            /Users/dasvaclav/Documents/workspace/arduino-base/Release/libarduino-base.a(WString.o)
String::concat(String const&)                     /Users/dasvaclav/Documents/workspace/arduino-base/Release/libarduino-base.a(WString.o)
String::concat(char const*)                       /Users/dasvaclav/Documents/workspace/arduino-base/Release/libarduino-base.a(WString.o)
String::concat(char const*, unsigned int)         /Users/dasvaclav/Documents/workspace/arduino-base/Release/libarduino-base.a(WString.o)
String::concat(char)                              /Users/dasvaclav/Documents/workspace/arduino-base/Release/libarduino-base.a(WString.o)
String::concat(int)                               /Users/dasvaclav/Documents/workspace/arduino-base/Release/libarduino-base.a(WString.o)
String::concat(long)                              /Users/dasvaclav/Documents/workspace/arduino-base/Release/libarduino-base.a(WString.o)
String::concat(unsigned char)                     /Users/dasvaclav/Documents/workspace/arduino-base/Release/libarduino-base.a(WString.o)
String::concat(unsigned int)                      /Users/dasvaclav/Documents/workspace/arduino-base/Release/libarduino-base.a(WString.o)
String::concat(unsigned long)                     /Users/dasvaclav/Documents/workspace/arduino-base/Release/libarduino-base.a(WString.o)
String::copy(char const*, unsigned int)           /Users/dasvaclav/Documents/workspace/arduino-base/Release/libarduino-base.a(WString.o)
String::endsWith(String const&) const             /Users/dasvaclav/Documents/workspace/arduino-base/Release/libarduino-base.a(WString.o)
String::equals(String const&) const               /Users/dasvaclav/Documents/workspace/arduino-base/Release/libarduino-base.a(WString.o)
String::equals(char const*) const                 /Users/dasvaclav/Documents/workspace/arduino-base/Release/libarduino-base.a(WString.o)
String::equalsIgnoreCase(String const&) const     /Users/dasvaclav/Documents/workspace/arduino-base/Release/libarduino-base.a(WString.o)
String::getBytes(unsigned char*, unsigned int, unsigned int) const /Users/dasvaclav/Documents/workspace/arduino-base/Release/libarduino-base.a(WString.o)
String::indexOf(String const&) const              /Users/dasvaclav/Documents/workspace/arduino-base/Release/libarduino-base.a(WString.o)
String::indexOf(String const&, unsigned int) const /Users/dasvaclav/Documents/workspace/arduino-base/Release/libarduino-base.a(WString.o)
String::indexOf(char) const                       /Users/dasvaclav/Documents/workspace/arduino-base/Release/libarduino-base.a(WString.o)
String::indexOf(char, unsigned int) const         /Users/dasvaclav/Documents/workspace/arduino-base/Release/libarduino-base.a(WString.o)
String::invalidate()                              /Users/dasvaclav/Documents/workspace/arduino-base/Release/libarduino-base.a(WString.o)
String::lastIndexOf(String const&) const          /Users/dasvaclav/Documents/workspace/arduino-base/Release/libarduino-base.a(WString.o)
String::lastIndexOf(String const&, unsigned int) const /Users/dasvaclav/Documents/workspace/arduino-base/Release/libarduino-base.a(WString.o)
String::lastIndexOf(char) const                   /Users/dasvaclav/Documents/workspace/arduino-base/Release/libarduino-base.a(WString.o)
String::lastIndexOf(char, unsigned int) const     /Users/dasvaclav/Documents/workspace/arduino-base/Release/libarduino-base.a(WString.o)
String::operator<(String const&) const            /Users/dasvaclav/Documents/workspace/arduino-base/Release/libarduino-base.a(WString.o)
String::operator<=(String const&) const           /Users/dasvaclav/Documents/workspace/arduino-base/Release/libarduino-base.a(WString.o)
String::operator=(String const&)                  /Users/dasvaclav/Documents/workspace/arduino-base/Release/libarduino-base.a(WString.o)
String::operator=(char const*)                    /Users/dasvaclav/Documents/workspace/arduino-base/Release/libarduino-base.a(WString.o)
String::operator>(String const&) const            /Users/dasvaclav/Documents/workspace/arduino-base/Release/libarduino-base.a(WString.o)
String::operator>=(String const&) const           /Users/dasvaclav/Documents/workspace/arduino-base/Release/libarduino-base.a(WString.o)
String::operator[](unsigned int)                  /Users/dasvaclav/Documents/workspace/arduino-base/Release/libarduino-base.a(WString.o)
String::operator[](unsigned int) const            /Users/dasvaclav/Documents/workspace/arduino-base/Release/libarduino-base.a(WString.o)
                                                  /Users/dasvaclav/Documents/workspace/arduino-base/Release/libarduino-base.a(Print.o)
String::replace(String const&, String const&)     /Users/dasvaclav/Documents/workspace/arduino-base/Release/libarduino-base.a(WString.o)
String::replace(char, char)                       /Users/dasvaclav/Documents/workspace/arduino-base/Release/libarduino-base.a(WString.o)
String::reserve(unsigned int)                     /Users/dasvaclav/Documents/workspace/arduino-base/Release/libarduino-base.a(WString.o)
String::setCharAt(unsigned int, char)             /Users/dasvaclav/Documents/workspace/arduino-base/Release/libarduino-base.a(WString.o)
String::startsWith(String const&) const           /Users/dasvaclav/Documents/workspace/arduino-base/Release/libarduino-base.a(WString.o)
String::startsWith(String const&, unsigned int) const /Users/dasvaclav/Documents/workspace/arduino-base/Release/libarduino-base.a(WString.o)
String::substring(unsigned int) const             /Users/dasvaclav/Documents/workspace/arduino-base/Release/libarduino-base.a(WString.o)
String::substring(unsigned int, unsigned int) const /Users/dasvaclav/Documents/workspace/arduino-base/Release/libarduino-base.a(WString.o)
String::toInt() const                             /Users/dasvaclav/Documents/workspace/arduino-base/Release/libarduino-base.a(WString.o)
String::toLowerCase()                             /Users/dasvaclav/Documents/workspace/arduino-base/Release/libarduino-base.a(WString.o)
String::toUpperCase()                             /Users/dasvaclav/Documents/workspace/arduino-base/Release/libarduino-base.a(WString.o)
String::trim()                                    /Users/dasvaclav/Documents/workspace/arduino-base/Release/libarduino-base.a(WString.o)
String::~String()                                 /Users/dasvaclav/Documents/workspace/arduino-base/Release/libarduino-base.a(WString.o)
String::~String()                                 /Users/dasvaclav/Documents/workspace/arduino-base/Release/libarduino-base.a(WString.o)
__addsf3                                          /usr/local/CrossPack-AVR-20131128/lib/gcc/avr/4.7.2/../../../../avr/lib/avr5/libc.a(addsf3.o)
                                                  /Users/dasvaclav/Documents/workspace/arduino-base/Release/libarduino-base.a(Print.o)
__addsf3x                                         /usr/local/CrossPack-AVR-20131128/lib/gcc/avr/4.7.2/../../../../avr/lib/avr5/libc.a(addsf3x.o)
                                                  /usr/local/CrossPack-AVR-20131128/lib/gcc/avr/4.7.2/../../../../avr/lib/avr5/libc.a(addsf3.o)
__bad_interrupt                                   /usr/local/CrossPack-AVR-20131128/lib/gcc/avr/4.7.2/../../../../avr/lib/avr5/crtm328p.o
__brkval                                          /Users/dasvaclav/Documents/workspace/arduino-base/Release/libarduino-base.a(realloc.o)
                                                  /Users/dasvaclav/Documents/workspace/arduino-base/Release/libarduino-base.a(malloc.o)
__bss_end                                         /usr/local/CrossPack-AVR-20131128/lib/gcc/avr/4.7.2/avr5/libgcc.a(_clear_bss.o)
__bss_start                                       /usr/local/CrossPack-AVR-20131128/lib/gcc/avr/4.7.2/avr5/libgcc.a(_clear_bss.o)
__cmpsf2                                          /usr/local/CrossPack-AVR-20131128/lib/gcc/avr/4.7.2/../../../../avr/lib/avr5/libc.a(cmpsf2.o)
__ctors_end                                       /usr/local/CrossPack-AVR-20131128/lib/gcc/avr/4.7.2/avr5/libgcc.a(_ctors.o)
__ctors_start                                     /usr/local/CrossPack-AVR-20131128/lib/gcc/avr/4.7.2/avr5/libgcc.a(_ctors.o)
__ctype_isfalse                                   /usr/local/CrossPack-AVR-20131128/lib/gcc/avr/4.7.2/../../../../avr/lib/avr5/libc.a(cty_isfalse.o)
                                                  /usr/local/CrossPack-AVR-20131128/lib/gcc/avr/4.7.2/../../../../avr/lib/avr5/libc.a(isspace.o)
__ctype_istrue                                    /usr/local/CrossPack-AVR-20131128/lib/gcc/avr/4.7.2/../../../../avr/lib/avr5/libc.a(cty_isfalse.o)
__cxa_guard_abort                                 /Users/dasvaclav/Documents/workspace/arduino-base/Release/libarduino-base.a(new.o)
__cxa_guard_acquire                               /Users/dasvaclav/Documents/workspace/arduino-base/Release/libarduino-base.a(new.o)
__cxa_guard_release                               /Users/dasvaclav/Documents/workspace/arduino-base/Release/libarduino-base.a(new.o)
__cxa_pure_virtual                                /Users/dasvaclav/Documents/workspace/arduino-base/Release/libarduino-base.a(new.o)
                                                  /Users/dasvaclav/Documents/workspace/arduino-base/Release/libarduino-base.a(Print.o)
                                                  /Users/dasvaclav/Documents/workspace/arduino-base/Release/libarduino-base.a(HardwareSerial.o)
__data_end                                        /usr/local/CrossPack-AVR-20131128/lib/gcc/avr/4.7.2/avr5/libgcc.a(_copy_data.o)
__data_load_start                                 /usr/local/CrossPack-AVR-20131128/lib/gcc/avr/4.7.2/avr5/libgcc.a(_copy_data.o)
__data_start                                      /usr/local/CrossPack-AVR-20131128/lib/gcc/avr/4.7.2/avr5/libgcc.a(_copy_data.o)
__divsf3                                          /usr/local/CrossPack-AVR-20131128/lib/gcc/avr/4.7.2/../../../../avr/lib/avr5/libc.a(divsf3.o)
                                                  /Users/dasvaclav/Documents/workspace/arduino-base/Release/libarduino-base.a(Print.o)
__divsf3_pse                                      /usr/local/CrossPack-AVR-20131128/lib/gcc/avr/4.7.2/../../../../avr/lib/avr5/libc.a(divsf3x.o)
__divsf3x                                         /usr/local/CrossPack-AVR-20131128/lib/gcc/avr/4.7.2/../../../../avr/lib/avr5/libc.a(divsf3x.o)
                                                  /usr/local/CrossPack-AVR-20131128/lib/gcc/avr/4.7.2/../../../../avr/lib/avr5/libc.a(divsf3.o)
__do_clear_bss                                    /usr/local/CrossPack-AVR-20131128/lib/gcc/avr/4.7.2/avr5/libgcc.a(_clear_bss.o)
                                                  /Users/dasvaclav/Documents/workspace/arduino-base/Release/libarduino-base.a(malloc.o)
                                                  /Users/dasvaclav/Documents/workspace/arduino-base/Release/libarduino-base.a(wiring.o)
                                                  /Users/dasvaclav/Documents/workspace/arduino-base/Release/libarduino-base.a(WString.o)
                                                  /Users/dasvaclav/Documents/workspace/arduino-base/Release/libarduino-base.a(HardwareSerial.o)
                                                  ./midiCVtoolie.o
__do_copy_data                                    /usr/local/CrossPack-AVR-20131128/lib/gcc/avr/4.7.2/avr5/libgcc.a(_copy_data.o)
                                                  /Users/dasvaclav/Documents/workspace/arduino-base/Release/libarduino-base.a(malloc.o)
                                                  /Users/dasvaclav/Documents/workspace/arduino-base/Release/libarduino-base.a(WString.o)
                                                  /Users/dasvaclav/Documents/workspace/arduino-base/Release/libarduino-base.a(Print.o)
                                                  /Users/dasvaclav/Documents/workspace/arduino-base/Release/libarduino-base.a(HardwareSerial.o)
__do_global_ctors                                 /usr/local/CrossPack-AVR-20131128/lib/gcc/avr/4.7.2/avr5/libgcc.a(_ctors.o)
                                                  /Users/dasvaclav/Documents/workspace/arduino-base/Release/libarduino-base.a(HardwareSerial.o)
                                                  ./midiCVtoolie.o
__eqsf2                                           /usr/local/CrossPack-AVR-20131128/lib/gcc/avr/4.7.2/../../../../avr/lib/avr5/libc.a(cmpsf2.o)
__fixsfsi                                         /usr/local/CrossPack-AVR-20131128/lib/gcc/avr/4.7.2/../../../../avr/lib/avr5/libc.a(fixsfsi.o)
                                                  /Users/dasvaclav/Documents/workspace/arduino-base/Release/libarduino-base.a(Print.o)
__fixunssfsi                                      /usr/local/CrossPack-AVR-20131128/lib/gcc/avr/4.7.2/../../../../avr/lib/avr5/libc.a(fixunssfsi.o)
                                                  /usr/local/CrossPack-AVR-20131128/lib/gcc/avr/4.7.2/../../../../avr/lib/avr5/libc.a(fixsfsi.o)
                                                  /Users/dasvaclav/Documents/workspace/arduino-base/Release/libarduino-base.a(Print.o)
__floatsisf                                       /usr/local/CrossPack-AVR-20131128/lib/gcc/avr/4.7.2/../../../../avr/lib/avr5/libc.a(floatsisf.o)
                                                  /Users/dasvaclav/Documents/workspace/arduino-base/Release/libarduino-base.a(Print.o)
__floatunsisf                                     /usr/local/CrossPack-AVR-20131128/lib/gcc/avr/4.7.2/../../../../avr/lib/avr5/libc.a(floatsisf.o)
                                                  /Users/dasvaclav/Documents/workspace/arduino-base/Release/libarduino-base.a(Print.o)
__flp                                             /Users/dasvaclav/Documents/workspace/arduino-base/Release/libarduino-base.a(realloc.o)
                                                  /Users/dasvaclav/Documents/workspace/arduino-base/Release/libarduino-base.a(malloc.o)
__fp_cmp                                          /usr/local/CrossPack-AVR-20131128/lib/gcc/avr/4.7.2/../../../../avr/lib/avr5/libc.a(fp_cmp.o)
                                                  /usr/local/CrossPack-AVR-20131128/lib/gcc/avr/4.7.2/../../../../avr/lib/avr5/libc.a(unordsf2.o)
                                                  /usr/local/CrossPack-AVR-20131128/lib/gcc/avr/4.7.2/../../../../avr/lib/avr5/libc.a(gesf2.o)
                                                  /usr/local/CrossPack-AVR-20131128/lib/gcc/avr/4.7.2/../../../../avr/lib/avr5/libc.a(cmpsf2.o)
__fp_inf                                          /usr/local/CrossPack-AVR-20131128/lib/gcc/avr/4.7.2/../../../../avr/lib/avr5/libc.a(fp_inf.o)
                                                  /usr/local/CrossPack-AVR-20131128/lib/gcc/avr/4.7.2/../../../../avr/lib/avr5/libc.a(mulsf3x.o)
                                                  /usr/local/CrossPack-AVR-20131128/lib/gcc/avr/4.7.2/../../../../avr/lib/avr5/libc.a(divsf3x.o)
                                                  /usr/local/CrossPack-AVR-20131128/lib/gcc/avr/4.7.2/../../../../avr/lib/avr5/libc.a(addsf3x.o)
__fp_nan                                          /usr/local/CrossPack-AVR-20131128/lib/gcc/avr/4.7.2/../../../../avr/lib/avr5/libc.a(fp_nan.o)
                                                  /usr/local/CrossPack-AVR-20131128/lib/gcc/avr/4.7.2/../../../../avr/lib/avr5/libc.a(mulsf3x.o)
                                                  /usr/local/CrossPack-AVR-20131128/lib/gcc/avr/4.7.2/../../../../avr/lib/avr5/libc.a(divsf3x.o)
                                                  /usr/local/CrossPack-AVR-20131128/lib/gcc/avr/4.7.2/../../../../avr/lib/avr5/libc.a(addsf3x.o)
__fp_pscA                                         /usr/local/CrossPack-AVR-20131128/lib/gcc/avr/4.7.2/../../../../avr/lib/avr5/libc.a(fp_pscA.o)
                                                  /usr/local/CrossPack-AVR-20131128/lib/gcc/avr/4.7.2/../../../../avr/lib/avr5/libc.a(mulsf3x.o)
                                                  /usr/local/CrossPack-AVR-20131128/lib/gcc/avr/4.7.2/../../../../avr/lib/avr5/libc.a(divsf3x.o)
                                                  /usr/local/CrossPack-AVR-20131128/lib/gcc/avr/4.7.2/../../../../avr/lib/avr5/libc.a(addsf3x.o)
__fp_pscB                                         /usr/local/CrossPack-AVR-20131128/lib/gcc/avr/4.7.2/../../../../avr/lib/avr5/libc.a(fp_pscB.o)
                                                  /usr/local/CrossPack-AVR-20131128/lib/gcc/avr/4.7.2/../../../../avr/lib/avr5/libc.a(mulsf3x.o)
                                                  /usr/local/CrossPack-AVR-20131128/lib/gcc/avr/4.7.2/../../../../avr/lib/avr5/libc.a(divsf3x.o)
                                                  /usr/local/CrossPack-AVR-20131128/lib/gcc/avr/4.7.2/../../../../avr/lib/avr5/libc.a(addsf3x.o)
__fp_round                                        /usr/local/CrossPack-AVR-20131128/lib/gcc/avr/4.7.2/../../../../avr/lib/avr5/libc.a(fp_round.o)
                                                  /usr/local/CrossPack-AVR-20131128/lib/gcc/avr/4.7.2/../../../../avr/lib/avr5/libc.a(mulsf3.o)
                                                  /usr/local/CrossPack-AVR-20131128/lib/gcc/avr/4.7.2/../../../../avr/lib/avr5/libc.a(divsf3.o)
                                                  /usr/local/CrossPack-AVR-20131128/lib/gcc/avr/4.7.2/../../../../avr/lib/avr5/libc.a(addsf3.o)
__fp_split3                                       /usr/local/CrossPack-AVR-20131128/lib/gcc/avr/4.7.2/../../../../avr/lib/avr5/libc.a(fp_split3.o)
                                                  /usr/local/CrossPack-AVR-20131128/lib/gcc/avr/4.7.2/../../../../avr/lib/avr5/libc.a(mulsf3x.o)
                                                  /usr/local/CrossPack-AVR-20131128/lib/gcc/avr/4.7.2/../../../../avr/lib/avr5/libc.a(divsf3x.o)
                                                  /usr/local/CrossPack-AVR-20131128/lib/gcc/avr/4.7.2/../../../../avr/lib/avr5/libc.a(addsf3x.o)
__fp_splitA                                       /usr/local/CrossPack-AVR-20131128/lib/gcc/avr/4.7.2/../../../../avr/lib/avr5/libc.a(fp_split3.o)
                                                  /usr/local/CrossPack-AVR-20131128/lib/gcc/avr/4.7.2/../../../../avr/lib/avr5/libc.a(fixunssfsi.o)
__fp_szero                                        /usr/local/CrossPack-AVR-20131128/lib/gcc/avr/4.7.2/../../../../avr/lib/avr5/libc.a(fp_zero.o)
                                                  /usr/local/CrossPack-AVR-20131128/lib/gcc/avr/4.7.2/../../../../avr/lib/avr5/libc.a(mulsf3x.o)
                                                  /usr/local/CrossPack-AVR-20131128/lib/gcc/avr/4.7.2/../../../../avr/lib/avr5/libc.a(fixsfsi.o)
                                                  /usr/local/CrossPack-AVR-20131128/lib/gcc/avr/4.7.2/../../../../avr/lib/avr5/libc.a(divsf3x.o)
__fp_zero                                         /usr/local/CrossPack-AVR-20131128/lib/gcc/avr/4.7.2/../../../../avr/lib/avr5/libc.a(fp_zero.o)
                                                  /usr/local/CrossPack-AVR-20131128/lib/gcc/avr/4.7.2/../../../../avr/lib/avr5/libc.a(fixunssfsi.o)
                                                  /usr/local/CrossPack-AVR-20131128/lib/gcc/avr/4.7.2/../../../../avr/lib/avr5/libc.a(addsf3x.o)
__gesf2                                           /usr/local/CrossPack-AVR-20131128/lib/gcc/avr/4.7.2/../../../../avr/lib/avr5/libc.a(gesf2.o)
__gtsf2                                           /usr/local/CrossPack-AVR-20131128/lib/gcc/avr/4.7.2/../../../../avr/lib/avr5/libc.a(gesf2.o)
                                                  /Users/dasvaclav/Documents/workspace/arduino-base/Release/libarduino-base.a(Print.o)
__heap_end                                        /usr/local/CrossPack-AVR-20131128/lib/gcc/avr/4.7.2/../../../../avr/lib/avr5/crtm328p.o
                                                  /Users/dasvaclav/Documents/workspace/arduino-base/Release/libarduino-base.a(malloc.o)
__heap_start                                      /Users/dasvaclav/Documents/workspace/arduino-base/Release/libarduino-base.a(malloc.o)
__init                                            /usr/local/CrossPack-AVR-20131128/lib/gcc/avr/4.7.2/../../../../avr/lib/avr5/crtm328p.o
__lesf2                                           /usr/local/CrossPack-AVR-20131128/lib/gcc/avr/4.7.2/../../../../avr/lib/avr5/libc.a(cmpsf2.o)
                                                  /Users/dasvaclav/Documents/workspace/arduino-base/Release/libarduino-base.a(Print.o)
__ltsf2                                           /usr/local/CrossPack-AVR-20131128/lib/gcc/avr/4.7.2/../../../../avr/lib/avr5/libc.a(cmpsf2.o)
                                                  /Users/dasvaclav/Documents/workspace/arduino-base/Release/libarduino-base.a(Print.o)
__malloc_heap_end                                 /Users/dasvaclav/Documents/workspace/arduino-base/Release/libarduino-base.a(malloc.o)
                                                  /Users/dasvaclav/Documents/workspace/arduino-base/Release/libarduino-base.a(realloc.o)
__malloc_heap_start                               /Users/dasvaclav/Documents/workspace/arduino-base/Release/libarduino-base.a(malloc.o)
__malloc_margin                                   /Users/dasvaclav/Documents/workspace/arduino-base/Release/libarduino-base.a(malloc.o)
                                                  /Users/dasvaclav/Documents/workspace/arduino-base/Release/libarduino-base.a(realloc.o)
__mulsf3                                          /usr/local/CrossPack-AVR-20131128/lib/gcc/avr/4.7.2/../../../../avr/lib/avr5/libc.a(mulsf3.o)
                                                  /Users/dasvaclav/Documents/workspace/arduino-base/Release/libarduino-base.a(Print.o)
__mulsf3_pse                                      /usr/local/CrossPack-AVR-20131128/lib/gcc/avr/4.7.2/../../../../avr/lib/avr5/libc.a(mulsf3x.o)
__mulsf3x                                         /usr/local/CrossPack-AVR-20131128/lib/gcc/avr/4.7.2/../../../../avr/lib/avr5/libc.a(mulsf3x.o)
                                                  /usr/local/CrossPack-AVR-20131128/lib/gcc/avr/4.7.2/../../../../avr/lib/avr5/libc.a(mulsf3.o)
__mulsi_const_10                                  /usr/local/CrossPack-AVR-20131128/lib/gcc/avr/4.7.2/../../../../avr/lib/avr5/libc.a(mulsi10.o)
                                                  /usr/local/CrossPack-AVR-20131128/lib/gcc/avr/4.7.2/../../../../avr/lib/avr5/libc.a(atol.o)
__nesf2                                           /usr/local/CrossPack-AVR-20131128/lib/gcc/avr/4.7.2/../../../../avr/lib/avr5/libc.a(cmpsf2.o)
__stack                                           /usr/local/CrossPack-AVR-20131128/lib/gcc/avr/4.7.2/../../../../avr/lib/avr5/crtm328p.o
__subsf3                                          /usr/local/CrossPack-AVR-20131128/lib/gcc/avr/4.7.2/../../../../avr/lib/avr5/libc.a(addsf3.o)
                                                  /Users/dasvaclav/Documents/workspace/arduino-base/Release/libarduino-base.a(Print.o)
__tablejump2__                                    /usr/local/CrossPack-AVR-20131128/lib/gcc/avr/4.7.2/avr5/libgcc.a(_tablejump.o)
__tablejump__                                     /usr/local/CrossPack-AVR-20131128/lib/gcc/avr/4.7.2/avr5/libgcc.a(_tablejump.o)
                                                  /usr/local/CrossPack-AVR-20131128/lib/gcc/avr/4.7.2/avr5/libgcc.a(_ctors.o)
__udivmodhi4                                      /usr/local/CrossPack-AVR-20131128/lib/gcc/avr/4.7.2/avr5/libgcc.a(_udivmodhi4.o)
                                                  /usr/local/CrossPack-AVR-20131128/lib/gcc/avr/4.7.2/../../../../avr/lib/avr5/libc.a(utoa.o)
                                                  /usr/local/CrossPack-AVR-20131128/lib/gcc/avr/4.7.2/../../../../avr/lib/avr5/libc.a(itoa.o)
__udivmodsi4                                      /usr/local/CrossPack-AVR-20131128/lib/gcc/avr/4.7.2/avr5/libgcc.a(_udivmodsi4.o)
                                                  /usr/local/CrossPack-AVR-20131128/lib/gcc/avr/4.7.2/../../../../avr/lib/avr5/libc.a(ultoa.o)
                                                  /usr/local/CrossPack-AVR-20131128/lib/gcc/avr/4.7.2/../../../../avr/lib/avr5/libc.a(ltoa.o)
                                                  /Users/dasvaclav/Documents/workspace/arduino-base/Release/libarduino-base.a(Print.o)
                                                  /Users/dasvaclav/Documents/workspace/arduino-base/Release/libarduino-base.a(HardwareSerial.o)
__unordsf2                                        /usr/local/CrossPack-AVR-20131128/lib/gcc/avr/4.7.2/../../../../avr/lib/avr5/libc.a(unordsf2.o)
                                                  /Users/dasvaclav/Documents/workspace/arduino-base/Release/libarduino-base.a(Print.o)
__vector_1                                        /usr/local/CrossPack-AVR-20131128/lib/gcc/avr/4.7.2/../../../../avr/lib/avr5/crtm328p.o
__vector_10                                       /usr/local/CrossPack-AVR-20131128/lib/gcc/avr/4.7.2/../../../../avr/lib/avr5/crtm328p.o
__vector_11                                       /usr/local/CrossPack-AVR-20131128/lib/gcc/avr/4.7.2/../../../../avr/lib/avr5/crtm328p.o
__vector_12                                       /usr/local/CrossPack-AVR-20131128/lib/gcc/avr/4.7.2/../../../../avr/lib/avr5/crtm328p.o
__vector_13                                       /usr/local/CrossPack-AVR-20131128/lib/gcc/avr/4.7.2/../../../../avr/lib/avr5/crtm328p.o
__vector_14                                       /usr/local/CrossPack-AVR-20131128/lib/gcc/avr/4.7.2/../../../../avr/lib/avr5/crtm328p.o
__vector_15                                       /usr/local/CrossPack-AVR-20131128/lib/gcc/avr/4.7.2/../../../../avr/lib/avr5/crtm328p.o
__vector_16                                       /Users/dasvaclav/Documents/workspace/arduino-base/Release/libarduino-base.a(wiring.o)
                                                  /usr/local/CrossPack-AVR-20131128/lib/gcc/avr/4.7.2/../../../../avr/lib/avr5/crtm328p.o
__vector_17                                       /usr/local/CrossPack-AVR-20131128/lib/gcc/avr/4.7.2/../../../../avr/lib/avr5/crtm328p.o
__vector_18                                       /Users/dasvaclav/Documents/workspace/arduino-base/Release/libarduino-base.a(HardwareSerial.o)
                                                  /usr/local/CrossPack-AVR-20131128/lib/gcc/avr/4.7.2/../../../../avr/lib/avr5/crtm328p.o
__vector_19                                       /Users/dasvaclav/Documents/workspace/arduino-base/Release/libarduino-base.a(HardwareSerial.o)
                                                  /usr/local/CrossPack-AVR-20131128/lib/gcc/avr/4.7.2/../../../../avr/lib/avr5/crtm328p.o
__vector_2                                        /usr/local/CrossPack-AVR-20131128/lib/gcc/avr/4.7.2/../../../../avr/lib/avr5/crtm328p.o
__vector_20                                       /usr/local/CrossPack-AVR-20131128/lib/gcc/avr/4.7.2/../../../../avr/lib/avr5/crtm328p.o
__vector_21                                       /usr/local/CrossPack-AVR-20131128/lib/gcc/avr/4.7.2/../../../../avr/lib/avr5/crtm328p.o
__vector_22                                       /usr/local/CrossPack-AVR-20131128/lib/gcc/avr/4.7.2/../../../../avr/lib/avr5/crtm328p.o
__vector_23                                       /usr/local/CrossPack-AVR-20131128/lib/gcc/avr/4.7.2/../../../../avr/lib/avr5/crtm328p.o
__vector_24                                       /usr/local/CrossPack-AVR-20131128/lib/gcc/avr/4.7.2/../../../../avr/lib/avr5/crtm328p.o
__vector_25                                       /usr/local/CrossPack-AVR-20131128/lib/gcc/avr/4.7.2/../../../../avr/lib/avr5/crtm328p.o
__vector_3                                        /usr/local/CrossPack-AVR-20131128/lib/gcc/avr/4.7.2/../../../../avr/lib/avr5/crtm328p.o
__vector_4                                        /usr/local/CrossPack-AVR-20131128/lib/gcc/avr/4.7.2/../../../../avr/lib/avr5/crtm328p.o
__vector_5                                        /usr/local/CrossPack-AVR-20131128/lib/gcc/avr/4.7.2/../../../../avr/lib/avr5/crtm328p.o
__vector_6                                        /usr/local/CrossPack-AVR-20131128/lib/gcc/avr/4.7.2/../../../../avr/lib/avr5/crtm328p.o
__vector_7                                        /usr/local/CrossPack-AVR-20131128/lib/gcc/avr/4.7.2/../../../../avr/lib/avr5/crtm328p.o
__vector_8                                        /usr/local/CrossPack-AVR-20131128/lib/gcc/avr/4.7.2/../../../../avr/lib/avr5/crtm328p.o
__vector_9                                        /usr/local/CrossPack-AVR-20131128/lib/gcc/avr/4.7.2/../../../../avr/lib/avr5/crtm328p.o
__vector_default                                  /usr/local/CrossPack-AVR-20131128/lib/gcc/avr/4.7.2/../../../../avr/lib/avr5/crtm328p.o
__vectors                                         /usr/local/CrossPack-AVR-20131128/lib/gcc/avr/4.7.2/../../../../avr/lib/avr5/crtm328p.o
_exit                                             /usr/local/CrossPack-AVR-20131128/lib/gcc/avr/4.7.2/avr5/libgcc.a(_exit.o)
                                                  /usr/local/CrossPack-AVR-20131128/lib/gcc/avr/4.7.2/../../../../avr/lib/avr5/libc.a(exit.o)
atol                                              /usr/local/CrossPack-AVR-20131128/lib/gcc/avr/4.7.2/../../../../avr/lib/avr5/libc.a(atol.o)
                                                  /Users/dasvaclav/Documents/workspace/arduino-base/Release/libarduino-base.a(WString.o)
dacInit()                                         ./midiCVtoolie.o
delay                                             /Users/dasvaclav/Documents/workspace/arduino-base/Release/libarduino-base.a(wiring.o)
delayMicroseconds                                 /Users/dasvaclav/Documents/workspace/arduino-base/Release/libarduino-base.a(wiring.o)
exit                                              /usr/local/CrossPack-AVR-20131128/lib/gcc/avr/4.7.2/../../../../avr/lib/avr5/libc.a(exit.o)
                                                  /usr/local/CrossPack-AVR-20131128/lib/gcc/avr/4.7.2/../../../../avr/lib/avr5/crtm328p.o
free                                              /Users/dasvaclav/Documents/workspace/arduino-base/Release/libarduino-base.a(malloc.o)
                                                  /Users/dasvaclav/Documents/workspace/arduino-base/Release/libarduino-base.a(realloc.o)
                                                  /Users/dasvaclav/Documents/workspace/arduino-base/Release/libarduino-base.a(new.o)
                                                  /Users/dasvaclav/Documents/workspace/arduino-base/Release/libarduino-base.a(WString.o)
handleNoteOff(unsigned char, unsigned char, unsigned char) ./midiCVtoolie.o
handleNoteOn(unsigned char, unsigned char, unsigned char) ./midiCVtoolie.o
init                                              /Users/dasvaclav/Documents/workspace/arduino-base/Release/libarduino-base.a(wiring.o)
                                                  ./midiCVtoolie.o
isspace                                           /usr/local/CrossPack-AVR-20131128/lib/gcc/avr/4.7.2/../../../../avr/lib/avr5/libc.a(isspace.o)
                                                  /Users/dasvaclav/Documents/workspace/arduino-base/Release/libarduino-base.a(WString.o)
itoa                                              /usr/local/CrossPack-AVR-20131128/lib/gcc/avr/4.7.2/../../../../avr/lib/avr5/libc.a(itoa.o)
                                                  /Users/dasvaclav/Documents/workspace/arduino-base/Release/libarduino-base.a(WString.o)
loop                                              ./midiCVtoolie.o
ltoa                                              /usr/local/CrossPack-AVR-20131128/lib/gcc/avr/4.7.2/../../../../avr/lib/avr5/libc.a(ltoa.o)
                                                  /Users/dasvaclav/Documents/workspace/arduino-base/Release/libarduino-base.a(WString.o)
main                                              ./midiCVtoolie.o
                                                  /usr/local/CrossPack-AVR-20131128/lib/gcc/avr/4.7.2/../../../../avr/lib/avr5/crtm328p.o
malloc                                            /Users/dasvaclav/Documents/workspace/arduino-base/Release/libarduino-base.a(malloc.o)
                                                  /Users/dasvaclav/Documents/workspace/arduino-base/Release/libarduino-base.a(realloc.o)
                                                  /Users/dasvaclav/Documents/workspace/arduino-base/Release/libarduino-base.a(new.o)
memcpy                                            /usr/local/CrossPack-AVR-20131128/lib/gcc/avr/4.7.2/../../../../avr/lib/avr5/libc.a(memcpy.o)
                                                  /usr/local/CrossPack-AVR-20131128/lib/gcc/avr/4.7.2/../../../../avr/lib/avr5/libc.a(memmove.o)
                                                  /Users/dasvaclav/Documents/workspace/arduino-base/Release/libarduino-base.a(realloc.o)
                                                  /Users/dasvaclav/Documents/workspace/arduino-base/Release/libarduino-base.a(WString.o)
memmove                                           /usr/local/CrossPack-AVR-20131128/lib/gcc/avr/4.7.2/../../../../avr/lib/avr5/libc.a(memmove.o)
                                                  /Users/dasvaclav/Documents/workspace/arduino-base/Release/libarduino-base.a(WString.o)
micros                                            /Users/dasvaclav/Documents/workspace/arduino-base/Release/libarduino-base.a(wiring.o)
midi::MidiInterface<HardwareSerial>::getTypeFromStatusByte(unsigned char) ./midiCVtoolie.o
midi::MidiInterface<HardwareSerial>::isChannelMessage(midi::MidiType) ./midiCVtoolie.o
midi::MidiInterface<HardwareSerial>::launchCallback() ./midiCVtoolie.o
midi::MidiInterface<HardwareSerial>::parse()      ./midiCVtoolie.o
midi::MidiInterface<HardwareSerial>::send(midi::MidiType, unsigned char, unsigned char, unsigned char) ./midiCVtoolie.o
midi::MidiInterface<HardwareSerial>::sendRealTime(midi::MidiType) ./midiCVtoolie.o
midi::MidiInterface<HardwareSerial>::thruFilter(unsigned char) ./midiCVtoolie.o
millis                                            /Users/dasvaclav/Documents/workspace/arduino-base/Release/libarduino-base.a(wiring.o)
operator delete(void*)                            /Users/dasvaclav/Documents/workspace/arduino-base/Release/libarduino-base.a(new.o)
operator delete[](void*)                          /Users/dasvaclav/Documents/workspace/arduino-base/Release/libarduino-base.a(new.o)
operator new(unsigned int)                        /Users/dasvaclav/Documents/workspace/arduino-base/Release/libarduino-base.a(new.o)
operator new[](unsigned int)                      /Users/dasvaclav/Documents/workspace/arduino-base/Release/libarduino-base.a(new.o)
operator+(StringSumHelper const&, String const&)  /Users/dasvaclav/Documents/workspace/arduino-base/Release/libarduino-base.a(WString.o)
operator+(StringSumHelper const&, char const*)    /Users/dasvaclav/Documents/workspace/arduino-base/Release/libarduino-base.a(WString.o)
operator+(StringSumHelper const&, char)           /Users/dasvaclav/Documents/workspace/arduino-base/Release/libarduino-base.a(WString.o)
operator+(StringSumHelper const&, int)            /Users/dasvaclav/Documents/workspace/arduino-base/Release/libarduino-base.a(WString.o)
operator+(StringSumHelper const&, long)           /Users/dasvaclav/Documents/workspace/arduino-base/Release/libarduino-base.a(WString.o)
operator+(StringSumHelper const&, unsigned char)  /Users/dasvaclav/Documents/workspace/arduino-base/Release/libarduino-base.a(WString.o)
operator+(StringSumHelper const&, unsigned int)   /Users/dasvaclav/Documents/workspace/arduino-base/Release/libarduino-base.a(WString.o)
operator+(StringSumHelper const&, unsigned long)  /Users/dasvaclav/Documents/workspace/arduino-base/Release/libarduino-base.a(WString.o)
realloc                                           /Users/dasvaclav/Documents/workspace/arduino-base/Release/libarduino-base.a(realloc.o)
                                                  /Users/dasvaclav/Documents/workspace/arduino-base/Release/libarduino-base.a(WString.o)
rx_buffer                                         /Users/dasvaclav/Documents/workspace/arduino-base/Release/libarduino-base.a(HardwareSerial.o)
serialEvent()                                     /Users/dasvaclav/Documents/workspace/arduino-base/Release/libarduino-base.a(HardwareSerial.o)
serialEventRun()                                  /Users/dasvaclav/Documents/workspace/arduino-base/Release/libarduino-base.a(HardwareSerial.o)
setup                                             ./midiCVtoolie.o
strchr                                            /usr/local/CrossPack-AVR-20131128/lib/gcc/avr/4.7.2/../../../../avr/lib/avr5/libc.a(strchr.o)
                                                  /Users/dasvaclav/Documents/workspace/arduino-base/Release/libarduino-base.a(WString.o)
strcmp                                            /usr/local/CrossPack-AVR-20131128/lib/gcc/avr/4.7.2/../../../../avr/lib/avr5/libc.a(strcmp.o)
                                                  /Users/dasvaclav/Documents/workspace/arduino-base/Release/libarduino-base.a(WString.o)
strcpy                                            /usr/local/CrossPack-AVR-20131128/lib/gcc/avr/4.7.2/../../../../avr/lib/avr5/libc.a(strcpy.o)
                                                  /Users/dasvaclav/Documents/workspace/arduino-base/Release/libarduino-base.a(WString.o)
strncmp                                           /usr/local/CrossPack-AVR-20131128/lib/gcc/avr/4.7.2/../../../../avr/lib/avr5/libc.a(strncmp.o)
                                                  /Users/dasvaclav/Documents/workspace/arduino-base/Release/libarduino-base.a(WString.o)
strncpy                                           /usr/local/CrossPack-AVR-20131128/lib/gcc/avr/4.7.2/../../../../avr/lib/avr5/libc.a(strncpy.o)
                                                  /Users/dasvaclav/Documents/workspace/arduino-base/Release/libarduino-base.a(WString.o)
strrchr                                           /usr/local/CrossPack-AVR-20131128/lib/gcc/avr/4.7.2/../../../../avr/lib/avr5/libc.a(strrchr.o)
                                                  /Users/dasvaclav/Documents/workspace/arduino-base/Release/libarduino-base.a(WString.o)
strrev                                            /usr/local/CrossPack-AVR-20131128/lib/gcc/avr/4.7.2/../../../../avr/lib/avr5/libc.a(strrev.o)
                                                  /usr/local/CrossPack-AVR-20131128/lib/gcc/avr/4.7.2/../../../../avr/lib/avr5/libc.a(utoa.o)
                                                  /usr/local/CrossPack-AVR-20131128/lib/gcc/avr/4.7.2/../../../../avr/lib/avr5/libc.a(ultoa.o)
                                                  /usr/local/CrossPack-AVR-20131128/lib/gcc/avr/4.7.2/../../../../avr/lib/avr5/libc.a(ltoa.o)
                                                  /usr/local/CrossPack-AVR-20131128/lib/gcc/avr/4.7.2/../../../../avr/lib/avr5/libc.a(itoa.o)
strstr                                            /usr/local/CrossPack-AVR-20131128/lib/gcc/avr/4.7.2/../../../../avr/lib/avr5/libc.a(strstr.o)
                                                  /Users/dasvaclav/Documents/workspace/arduino-base/Release/libarduino-base.a(WString.o)
timer0_millis                                     /Users/dasvaclav/Documents/workspace/arduino-base/Release/libarduino-base.a(wiring.o)
timer0_overflow_count                             /Users/dasvaclav/Documents/workspace/arduino-base/Release/libarduino-base.a(wiring.o)
tolower                                           /usr/local/CrossPack-AVR-20131128/lib/gcc/avr/4.7.2/../../../../avr/lib/avr5/libc.a(tolower.o)
                                                  /Users/dasvaclav/Documents/workspace/arduino-base/Release/libarduino-base.a(WString.o)
toupper                                           /usr/local/CrossPack-AVR-20131128/lib/gcc/avr/4.7.2/../../../../avr/lib/avr5/libc.a(toupper.o)
                                                  /Users/dasvaclav/Documents/workspace/arduino-base/Release/libarduino-base.a(WString.o)
tx_buffer                                         /Users/dasvaclav/Documents/workspace/arduino-base/Release/libarduino-base.a(HardwareSerial.o)
ultoa                                             /usr/local/CrossPack-AVR-20131128/lib/gcc/avr/4.7.2/../../../../avr/lib/avr5/libc.a(ultoa.o)
                                                  /Users/dasvaclav/Documents/workspace/arduino-base/Release/libarduino-base.a(WString.o)
utoa                                              /usr/local/CrossPack-AVR-20131128/lib/gcc/avr/4.7.2/../../../../avr/lib/avr5/libc.a(utoa.o)
                                                  /Users/dasvaclav/Documents/workspace/arduino-base/Release/libarduino-base.a(WString.o)
vtable for HardwareSerial                         /Users/dasvaclav/Documents/workspace/arduino-base/Release/libarduino-base.a(HardwareSerial.o)
vtable for Print                                  /Users/dasvaclav/Documents/workspace/arduino-base/Release/libarduino-base.a(Print.o)
vtable for Stream                                 /Users/dasvaclav/Documents/workspace/arduino-base/Release/libarduino-base.a(HardwareSerial.o)
writeDAC(unsigned int)                            ./midiCVtoolie.o
