Archive member included because of file (symbol)

/Users/dasvaclav/Documents/workspace/arduino-base/Release/libarduino-base.a(EEPROM.o)
                              ./littleNerd.o (_ZN11EEPROMClass4readEi)
/Users/dasvaclav/Documents/workspace/arduino-base/Release/libarduino-base.a(HardwareSerial.o)
                              ./eventDelay.o (Serial)
/Users/dasvaclav/Documents/workspace/arduino-base/Release/libarduino-base.a(Print.o)
                              /Users/dasvaclav/Documents/workspace/arduino-base/Release/libarduino-base.a(HardwareSerial.o) (_ZN5Print5writeEPKhj)
/Users/dasvaclav/Documents/workspace/arduino-base/Release/libarduino-base.a(WMath.o)
                              ./euclid.o (_Z6randoml)
/Users/dasvaclav/Documents/workspace/arduino-base/Release/libarduino-base.a(WString.o)
                              /Users/dasvaclav/Documents/workspace/arduino-base/Release/libarduino-base.a(Print.o) (_ZNK6StringixEj)
/Users/dasvaclav/Documents/workspace/arduino-base/Release/libarduino-base.a(new.o)
                              /Users/dasvaclav/Documents/workspace/arduino-base/Release/libarduino-base.a(HardwareSerial.o) (__cxa_pure_virtual)
/Users/dasvaclav/Documents/workspace/arduino-base/Release/libarduino-base.a(wiring.o)
                              ./littleNerd.o (init)
/Users/dasvaclav/Documents/workspace/arduino-base/Release/libarduino-base.a(wiring_digital.o)
                              ./littleNerd.o (pinMode)
/Users/dasvaclav/Documents/workspace/arduino-base/Release/libarduino-base.a(malloc.o)
                              /Users/dasvaclav/Documents/workspace/arduino-base/Release/libarduino-base.a(new.o) (malloc)
/Users/dasvaclav/Documents/workspace/arduino-base/Release/libarduino-base.a(realloc.o)
                              /Users/dasvaclav/Documents/workspace/arduino-base/Release/libarduino-base.a(WString.o) (realloc)
/usr/local/CrossPack-AVR-20131128/lib/gcc/avr/4.7.2/../../../../avr/lib/avr5/libc.a(random.o)
                              /Users/dasvaclav/Documents/workspace/arduino-base/Release/libarduino-base.a(WMath.o) (random)
/usr/local/CrossPack-AVR-20131128/lib/gcc/avr/4.7.2/../../../../avr/lib/avr5/libc.a(atol.o)
                              /Users/dasvaclav/Documents/workspace/arduino-base/Release/libarduino-base.a(WString.o) (atol)
/usr/local/CrossPack-AVR-20131128/lib/gcc/avr/4.7.2/../../../../avr/lib/avr5/libc.a(exit.o)
                              /usr/local/CrossPack-AVR-20131128/lib/gcc/avr/4.7.2/../../../../avr/lib/avr5/crtm328p.o (exit)
/usr/local/CrossPack-AVR-20131128/lib/gcc/avr/4.7.2/../../../../avr/lib/avr5/libc.a(isspace.o)
                              /Users/dasvaclav/Documents/workspace/arduino-base/Release/libarduino-base.a(WString.o) (isspace)
/usr/local/CrossPack-AVR-20131128/lib/gcc/avr/4.7.2/../../../../avr/lib/avr5/libc.a(tolower.o)
                              /Users/dasvaclav/Documents/workspace/arduino-base/Release/libarduino-base.a(WString.o) (tolower)
/usr/local/CrossPack-AVR-20131128/lib/gcc/avr/4.7.2/../../../../avr/lib/avr5/libc.a(toupper.o)
                              /Users/dasvaclav/Documents/workspace/arduino-base/Release/libarduino-base.a(WString.o) (toupper)
/usr/local/CrossPack-AVR-20131128/lib/gcc/avr/4.7.2/../../../../avr/lib/avr5/libc.a(memcpy.o)
                              /Users/dasvaclav/Documents/workspace/arduino-base/Release/libarduino-base.a(WString.o) (memcpy)
/usr/local/CrossPack-AVR-20131128/lib/gcc/avr/4.7.2/../../../../avr/lib/avr5/libc.a(memmove.o)
                              /Users/dasvaclav/Documents/workspace/arduino-base/Release/libarduino-base.a(WString.o) (memmove)
/usr/local/CrossPack-AVR-20131128/lib/gcc/avr/4.7.2/../../../../avr/lib/avr5/libc.a(strchr.o)
                              /Users/dasvaclav/Documents/workspace/arduino-base/Release/libarduino-base.a(WString.o) (strchr)
/usr/local/CrossPack-AVR-20131128/lib/gcc/avr/4.7.2/../../../../avr/lib/avr5/libc.a(strcmp.o)
                              /Users/dasvaclav/Documents/workspace/arduino-base/Release/libarduino-base.a(WString.o) (strcmp)
/usr/local/CrossPack-AVR-20131128/lib/gcc/avr/4.7.2/../../../../avr/lib/avr5/libc.a(strcpy.o)
                              /Users/dasvaclav/Documents/workspace/arduino-base/Release/libarduino-base.a(WString.o) (strcpy)
/usr/local/CrossPack-AVR-20131128/lib/gcc/avr/4.7.2/../../../../avr/lib/avr5/libc.a(strncmp.o)
                              /Users/dasvaclav/Documents/workspace/arduino-base/Release/libarduino-base.a(WString.o) (strncmp)
/usr/local/CrossPack-AVR-20131128/lib/gcc/avr/4.7.2/../../../../avr/lib/avr5/libc.a(strncpy.o)
                              /Users/dasvaclav/Documents/workspace/arduino-base/Release/libarduino-base.a(WString.o) (strncpy)
/usr/local/CrossPack-AVR-20131128/lib/gcc/avr/4.7.2/../../../../avr/lib/avr5/libc.a(strrchr.o)
                              /Users/dasvaclav/Documents/workspace/arduino-base/Release/libarduino-base.a(WString.o) (strrchr)
[...]
Memory Configuration

Name             Origin             Length             Attributes
text             0x00000000         0x00020000         xr
data             0x00800060         0x0000ffa0         rw !x
eeprom           0x00810000         0x00010000         rw !x
fuse             0x00820000         0x00000400         rw !x
lock             0x00830000         0x00000400         rw !x
signature        0x00840000         0x00000400         rw !x
user_signatures  0x00850000         0x00000400         rw !x
*default*        0x00000000         0xffffffff

Linker script and memory map

Address of section .data set to 0x800100
LOAD /usr/local/CrossPack-AVR-20131128/lib/gcc/avr/4.7.2/../../../../avr/lib/avr5/crtm328p.o
LOAD ./euclid.o
LOAD ./eventDelay.o
LOAD ./eventMemory.o
LOAD ./littleNerd.o
LOAD ./littleNerdHW.o
LOAD /Users/dasvaclav/Documents/workspace/arduino-base/Release/libarduino-base.a
LOAD /usr/local/CrossPack-AVR-20131128/lib/gcc/avr/4.7.2/../../../../avr/lib/avr5/libc.a
LOAD /usr/local/CrossPack-AVR-20131128/lib/gcc/avr/4.7.2/avr5/libgcc.a
LOAD /usr/local/CrossPack-AVR-20131128/lib/gcc/avr/4.7.2/../../../../avr/lib/avr5/libm.a
LOAD /usr/local/CrossPack-AVR-20131128/lib/gcc/avr/4.7.2/../../../../avr/lib/avr5/libc.a
START GROUP
LOAD /usr/local/CrossPack-AVR-20131128/lib/gcc/avr/4.7.2/avr5/libgcc.a
LOAD /usr/local/CrossPack-AVR-20131128/lib/gcc/avr/4.7.2/../../../../avr/lib/avr5/libm.a
LOAD /usr/local/CrossPack-AVR-20131128/lib/gcc/avr/4.7.2/../../../../avr/lib/avr5/libc.a
END GROUP

.hash
 *(.hash)

.dynsym
 *(.dynsym)

.dynstr
 *(.dynstr)

.gnu.version
 *(.gnu.version)

.gnu.version_d
 *(.gnu.version_d)

.gnu.version_r
 *(.gnu.version_r)

.rel.init
 *(.rel.init)

.rela.init
 *(.rela.init)

.rel.text
 *(.rel.text)
 *(.rel.text.*)
 *(.rel.gnu.linkonce.t*)

.rela.text
 *(.rela.text)
 *(.rela.text.*)
 *(.rela.gnu.linkonce.t*)

.rel.fini
 *(.rel.fini)

.rela.fini
 *(.rela.fini)

.rel.rodata
 *(.rel.rodata)
 *(.rel.rodata.*)
 *(.rel.gnu.linkonce.r*)

.rela.rodata
 *(.rela.rodata)
 *(.rela.rodata.*)
 *(.rela.gnu.linkonce.r*)

.rel.data
 *(.rel.data)
 *(.rel.data.*)
 *(.rel.gnu.linkonce.d*)

.rela.data
 *(.rela.data)
 *(.rela.data.*)
 *(.rela.gnu.linkonce.d*)

.rel.ctors
 *(.rel.ctors)

.rela.ctors
 *(.rela.ctors)

.rel.dtors
 *(.rel.dtors)

.rela.dtors
 *(.rela.dtors)

.rel.got
 *(.rel.got)

.rela.got
 *(.rela.got)

.rel.bss
 *(.rel.bss)

.rela.bss
 *(.rela.bss)

.rel.plt
 *(.rel.plt)

.rela.plt
 *(.rela.plt)

.text           0x00000000     0x2b58
 *(.vectors)
 .vectors       0x00000000       0x68 /usr/local/CrossPack-AVR-20131128/lib/gcc/avr/4.7.2/../../../../avr/lib/avr5/crtm328p.o
                0x00000000                __vectors
                0x00000000                __vector_default
 *(.vectors)
 *(.progmem.gcc*)
 *(.progmem*)
 .progmem.data._ZL7clearTo
                0x00000068       0x6c ./littleNerd.o
 .progmem.data.digital_pin_to_timer_PGM
                0x000000d4       0x14 /Users/dasvaclav/Documents/workspace/arduino-base/Release/libarduino-base.a(wiring_digital.o)
                0x000000d4                digital_pin_to_timer_PGM
 .progmem.data.digital_pin_to_bit_mask_PGM
                0x000000e8       0x14 /Users/dasvaclav/Documents/workspace/arduino-base/Release/libarduino-base.a(wiring_digital.o)
                0x000000e8                digital_pin_to_bit_mask_PGM
 .progmem.data.digital_pin_to_port_PGM
                0x000000fc       0x14 /Users/dasvaclav/Documents/workspace/arduino-base/Release/libarduino-base.a(wiring_digital.o)
                0x000000fc                digital_pin_to_port_PGM
 .progmem.data.port_to_input_PGM
                0x00000110        0xa /Users/dasvaclav/Documents/workspace/arduino-base/Release/libarduino-base.a(wiring_digital.o)
                0x00000110                port_to_input_PGM
 .progmem.data.port_to_output_PGM
                0x0000011a        0xa /Users/dasvaclav/Documents/workspace/arduino-base/Release/libarduino-base.a(wiring_digital.o)
                0x0000011a                port_to_output_PGM
 .progmem.data.port_to_mode_PGM
                0x00000124        0xa /Users/dasvaclav/Documents/workspace/arduino-base/Release/libarduino-base.a(wiring_digital.o)
                0x00000124                port_to_mode_PGM
                0x0000012e                . = ALIGN (0x2)
                0x0000012e                __trampolines_start = .
 *(.trampolines)
 .trampolines   0x0000012e        0x0 linker stubs
 *(.trampolines*)
                0x0000012e                __trampolines_end = .
 *(.jumptables)
 *(.jumptables*)
 *(.lowtext)
 *(.lowtext*)
                0x0000012e                __ctors_start = .
 *(.ctors)
 .ctors         0x0000012e        0x2 ./littleNerdHW.o
 .ctors         0x00000130        0x2 /Users/dasvaclav/Documents/workspace/arduino-base/Release/libarduino-base.a(HardwareSerial.o)
                0x00000132                __ctors_end = .
                0x00000132                __dtors_start = .
 *(.dtors)
                0x00000132                __dtors_end = .
 SORT(*)(.ctors)
 SORT(*)(.dtors)
 *(.init0)
 .init0         0x00000132        0x0 /usr/local/CrossPack-AVR-20131128/lib/gcc/avr/4.7.2/../../../../avr/lib/avr5/crtm328p.o
                0x00000132                __init
 *(.init0)
 *(.init1)
 *(.init1)
 *(.init2)
 .init2         0x00000132        0xc /usr/local/CrossPack-AVR-20131128/lib/gcc/avr/4.7.2/../../../../avr/lib/avr5/crtm328p.o
 *(.init2)
 *(.init3)
 *(.init3)
 *(.init4)
 .init4         0x0000013e       0x16 /usr/local/CrossPack-AVR-20131128/lib/gcc/avr/4.7.2/avr5/libgcc.a(_copy_data.o)
                0x0000013e                __do_copy_data
 .init4         0x00000154       0x10 /usr/local/CrossPack-AVR-20131128/lib/gcc/avr/4.7.2/avr5/libgcc.a(_clear_bss.o)
                0x00000154                __do_clear_bss
 *(.init4)
 *(.init5)
 *(.init5)
 *(.init6)
 .init6         0x00000164       0x16 /usr/local/CrossPack-AVR-20131128/lib/gcc/avr/4.7.2/avr5/libgcc.a(_ctors.o)
                0x00000164                __do_global_ctors
 *(.init6)
 *(.init7)
 *(.init7)
 *(.init8)
 *(.init8)
 *(.init9)
 .init9         0x0000017a        0x8 /usr/local/CrossPack-AVR-20131128/lib/gcc/avr/4.7.2/../../../../avr/lib/avr5/crtm328p.o
 *(.init9)
 *(.text)
 .text          0x00000182        0x2 /usr/local/CrossPack-AVR-20131128/lib/gcc/avr/4.7.2/../../../../avr/lib/avr5/crtm328p.o
                0x00000182                __vector_20
                0x00000182                __vector_1
                0x00000182                __vector_24
                0x00000182                __vector_12
                0x00000182                __bad_interrupt
                0x00000182                __vector_6
                0x00000182                __vector_3
                0x00000182                __vector_23
                0x00000182                __vector_25
                0x00000182                __vector_11
                0x00000182                __vector_13
                0x00000182                __vector_17
                0x00000182                __vector_5
                0x00000182                __vector_4
                0x00000182                __vector_9
                0x00000182                __vector_2
                0x00000182                __vector_21
                0x00000182                __vector_15
                0x00000182                __vector_8
                0x00000182                __vector_14
                0x00000182                __vector_10
                0x00000182                __vector_22
                0x00000184                . = ALIGN (0x2)
 *(.text.*)
 .text._ZN6euclid16generateSequenceEhh
                0x00000184      0x12a ./euclid.o
                0x00000184                _ZN6euclid16generateSequenceEhh
 .text._ZN6euclid14getCurrentStepEv
                0x000002ae        0xc ./euclid.o
                0x000002ae                _ZN6euclid14getCurrentStepEv
 .text._ZN6euclid6doStepEv
                0x000002ba       0x1e ./euclid.o
                0x000002ba                _ZN6euclid6doStepEv
 .text._ZN10eventDelay4initEPFvhhE
                0x000002d8        0xe ./eventDelay.o
                0x000002d8                _ZN10eventDelay4initEPFvhhE
 .text._ZN10eventDelay11createEventEhhm
                0x000002e6       0xb0 ./eventDelay.o
                0x000002e6                _ZN10eventDelay11createEventEhhm
 .text._ZN10eventDelay15shiftTimeBufferEbh
                0x00000396       0x96 ./eventDelay.o
                0x00000396                _ZN10eventDelay15shiftTimeBufferEbh
 .text._ZN10eventDelay15shiftTypeBufferEbh
                0x0000042c       0x5c ./eventDelay.o
                0x0000042c                _ZN10eventDelay15shiftTypeBufferEbh
 .text._ZN10eventDelay6updateEm
                0x00000488       0xce ./eventDelay.o
                0x00000488                _ZN10eventDelay6updateEm
 .text._Z4saveh
                0x00000556       0x8a ./littleNerd.o
                0x00000556                _Z4saveh
 .text._Z4loadh
                0x000005e0       0xae ./littleNerd.o
                0x000005e0                _Z4loadh
 .text._Z18factoryClearMemoryv
                0x0000068e       0x70 ./littleNerd.o
                0x0000068e                _Z18factoryClearMemoryv
 .text._Z18shouldIClearMemoryv
                0x000006fe       0x6c ./littleNerd.o
                0x000006fe                _Z18shouldIClearMemoryv
 .text._Z19setAndRecordTriggerhN12littleNerdHW12TriggerStateEj
                0x0000076a        0xe ./littleNerd.o
                0x0000076a                _Z19setAndRecordTriggerhN12littleNerdHW12TriggerStateEj
 .text._Z19renderNumberDisplayhhh
                0x00000778      0x2dc ./littleNerd.o
                0x00000778                _Z19renderNumberDisplayhhh
 .text._Z19resetParamToDefaultv
                0x00000a54       0x2e ./littleNerd.o
                0x00000a54                _Z19resetParamToDefaultv
 .text._Z10buttonCallh
                0x00000a82      0x154 ./littleNerd.o
                0x00000a82                _Z10buttonCallh
 .text._Z16renderMultiplierh
                0x00000bd6      0x1fe ./littleNerd.o
                0x00000bd6                _Z16renderMultiplierh
 .text._Z14clockInChannelh
                0x00000dd4      0x69a ./littleNerd.o
                0x00000dd4                _Z14clockInChannelh
 .text._Z9renderOsch
                0x0000146e      0x148 ./littleNerd.o
                0x0000146e                _Z9renderOsch
 .text._Z13renderChannelh
                0x000015b6       0x1a ./littleNerd.o
                0x000015b6                _Z13renderChannelh
 .text._Z13renderClockInh
                0x000015d0       0x1c ./littleNerd.o
                0x000015d0                _Z13renderClockInh
 .text._Z9clockCallh
                0x000015ec       0x54 ./littleNerd.o
                0x000015ec                _Z9clockCallh
 .text._Z11handleEventhhh
                0x00001640       0x36 ./littleNerd.o
                0x00001640                _Z11handleEventhhh
 .text._Z8eventNowhh
                0x00001676        0x4 ./littleNerd.o
                0x00001676                _Z8eventNowhh
 .text.setup    0x0000167a       0x5a ./littleNerd.o
                0x0000167a                setup
 .text.loop     0x000016d4      0x252 ./littleNerd.o
                0x000016d4                loop
 .text.startup.main
                0x00001926        0x8 ./littleNerd.o
                0x00001926                main
 .text._ZN12littleNerdHW6setLEDEhhh
                0x0000192e        0x2 ./littleNerdHW.o
                0x0000192e                _ZN12littleNerdHW6setLEDEhhh
 .text._ZN12littleNerdHW9writeSRAMElh
                0x00001930        0x2 ./littleNerdHW.o
                0x00001930                _ZN12littleNerdHW9writeSRAMElh
 .text._ZN12littleNerdHW9writeSRAMElPhj
                0x00001932        0x2 ./littleNerdHW.o
                0x00001932                _ZN12littleNerdHW9writeSRAMElPhj
 .text._ZN12littleNerdHW8readSRAMEl
                0x00001934        0x4 ./littleNerdHW.o
                0x00001934                _ZN12littleNerdHW8readSRAMEl
 .text._ZN12littleNerdHW8readSRAMElPhj
                0x00001938        0x2 ./littleNerdHW.o
                0x00001938                _ZN12littleNerdHW8readSRAMElPhj
 .text._ZN12littleNerdHW10readEEPROMEhPhj
                0x0000193a        0x2 ./littleNerdHW.o
                0x0000193a                _ZN12littleNerdHW10readEEPROMEhPhj
 .text._ZN12littleNerdHW16readEEPROMDirectEjPhj
                0x0000193c        0x2 ./littleNerdHW.o
                0x0000193c                _ZN12littleNerdHW16readEEPROMDirectEjPhj
 .text._ZN12littleNerdHW12isEEPROMBusyEv
                0x0000193e        0x4 ./littleNerdHW.o
                0x0000193e                _ZN12littleNerdHW12isEEPROMBusyEv
 .text._ZN12littleNerdHW6setLEDEhb
                0x00001942        0x2 ./littleNerdHW.o
                0x00001942                _ZN12littleNerdHW6setLEDEhb
 .text._ZN12littleNerdHW12getKnobValueEh
                0x00001944        0xe ./littleNerdHW.o
                0x00001944                _ZN12littleNerdHW12getKnobValueEh
 .text._ZN12shiftRegFast8serClkInEv
                0x00001952        0x6 ./littleNerdHW.o
                0x00001952                _ZN12shiftRegFast8serClkInEv
 .text._ZN12shiftRegFast10setDataBitEb
                0x00001958        0xc ./littleNerdHW.o
                0x00001958                _ZN12shiftRegFast10setDataBitEb
 .text._ZN14fastAnalogRead4initEv
                0x00001964       0x16 ./littleNerdHW.o
                0x00001964                _ZN14fastAnalogRead4initEv
 .text._ZN14fastAnalogRead14connectChannelEh
                0x0000197a       0x24 ./littleNerdHW.o
                0x0000197a                _ZN14fastAnalogRead14connectChannelEh
 .text._ZN14fastAnalogRead15startConversionEv
                0x0000199e        0xc ./littleNerdHW.o
                0x0000199e                _ZN14fastAnalogRead15startConversionEv
 .text._ZN14fastAnalogRead20isConversionFinishedEv
                0x000019aa        0xa ./littleNerdHW.o
                0x000019aa                _ZN14fastAnalogRead20isConversionFinishedEv
 .text._ZN14fastAnalogRead19getConversionResultEv
                0x000019b4       0x16 ./littleNerdHW.o
                0x000019b4                _ZN14fastAnalogRead19getConversionResultEv
 .text._ZN12littleNerdHW4initEPFvhES1_
                0x000019ca       0x66 ./littleNerdHW.o
                0x000019ca                _ZN12littleNerdHW4initEPFvhES1_
 .text._ZN12littleNerdHW8setColorEh
                0x00001a30       0x34 ./littleNerdHW.o
                0x00001a30                _ZN12littleNerdHW8setColorEh
 .text._ZN12littleNerdHW19compareButtonStatesEv
                0x00001a64       0x38 ./littleNerdHW.o
                0x00001a64                _ZN12littleNerdHW19compareButtonStatesEv
 .text._ZN12littleNerdHW17isr_updateButtonsEv
                0x00001a9c       0x1c ./littleNerdHW.o
                0x00001a9c                _ZN12littleNerdHW17isr_updateButtonsEv
 .text._ZN12littleNerdHW14getButtonStateEh
                0x00001ab8        0xa ./littleNerdHW.o
                0x00001ab8                _ZN12littleNerdHW14getButtonStateEh
 .text._ZN12littleNerdHW10setTriggerEhNS_12TriggerStateEj
                0x00001ac2       0x5e ./littleNerdHW.o
                0x00001ac2                _ZN12littleNerdHW10setTriggerEhNS_12TriggerStateEj
 .text._ZN12littleNerdHW15getTriggerStateEh
                0x00001b20       0x14 ./littleNerdHW.o
                0x00001b20                _ZN12littleNerdHW15getTriggerStateEh
 .text._ZN12littleNerdHW10freezeKnobEhh
                0x00001b34       0x2a ./littleNerdHW.o
                0x00001b34                _ZN12littleNerdHW10freezeKnobEhh
 .text._ZN12littleNerdHW12unfreezeKnobEh
                0x00001b5e       0x24 ./littleNerdHW.o
                0x00001b5e                _ZN12littleNerdHW12unfreezeKnobEh
 .text._ZN12littleNerdHW11knobFreezedEh
                0x00001b82       0x14 ./littleNerdHW.o
                0x00001b82                _ZN12littleNerdHW11knobFreezedEh
 .text._ZN12littleNerdHW9knobMovedEh
                0x00001b96       0x14 ./littleNerdHW.o
                0x00001b96                _ZN12littleNerdHW9knobMovedEh
 .text._ZN12littleNerdHW9inBetweenEhhh
                0x00001baa       0x1c ./littleNerdHW.o
                0x00001baa                _ZN12littleNerdHW9inBetweenEhhh
 .text._ZN12littleNerdHW15isr_updateKnobsEv
                0x00001bc6       0xe4 ./littleNerdHW.o
                0x00001bc6                _ZN12littleNerdHW15isr_updateKnobsEv
 .text._ZN12littleNerdHW23isr_updateTriggerStatesEv
                0x00001caa       0x9a ./littleNerdHW.o
                0x00001caa                _ZN12littleNerdHW23isr_updateTriggerStatesEv
 .text._ZN12littleNerdHW17isr_updateClockInEv
                0x00001d44       0x54 ./littleNerdHW.o
                0x00001d44                _ZN12littleNerdHW17isr_updateClockInEv
 .text._ZN12littleNerdHW21getElapsedBastlCyclesEv
                0x00001d98        0xc ./littleNerdHW.o
                0x00001d98                _ZN12littleNerdHW21getElapsedBastlCyclesEv
 .text.__vector_7
                0x00001da4       0x74 ./littleNerdHW.o
                0x00001da4                __vector_7
 .text.startup._GLOBAL__sub_I__ZN14fastAnalogRead4initEv
                0x00001e18        0xe ./littleNerdHW.o
 .text._ZN11EEPROMClass4readEi
                0x00001e26        0x4 /Users/dasvaclav/Documents/workspace/arduino-base/Release/libarduino-base.a(EEPROM.o)
                0x00001e26                _ZN11EEPROMClass4readEi
 .text._ZN11EEPROMClass5writeEih
                0x00001e2a        0x6 /Users/dasvaclav/Documents/workspace/arduino-base/Release/libarduino-base.a(EEPROM.o)
                0x00001e2a                _ZN11EEPROMClass5writeEih
 .text._ZN14HardwareSerial9availableEv
                0x00001e30       0x26 /Users/dasvaclav/Documents/workspace/arduino-base/Release/libarduino-base.a(HardwareSerial.o)
                0x00001e30                _ZN14HardwareSerial9availableEv
 .text._ZN14HardwareSerial4peekEv
                0x00001e56       0x38 /Users/dasvaclav/Documents/workspace/arduino-base/Release/libarduino-base.a(HardwareSerial.o)
                0x00001e56                _ZN14HardwareSerial4peekEv
 .text._ZN14HardwareSerial4readEv
                0x00001e8e       0x48 /Users/dasvaclav/Documents/workspace/arduino-base/Release/libarduino-base.a(HardwareSerial.o)
                0x00001e8e                _ZN14HardwareSerial4readEv
 .text._ZN14HardwareSerial5flushEv
                0x00001ed6       0x16 /Users/dasvaclav/Documents/workspace/arduino-base/Release/libarduino-base.a(HardwareSerial.o)
                0x00001ed6                _ZN14HardwareSerial5flushEv
 .text._ZN14HardwareSerial5writeEh
                0x00001eec       0x7a /Users/dasvaclav/Documents/workspace/arduino-base/Release/libarduino-base.a(HardwareSerial.o)
                0x00001eec                _ZN14HardwareSerial5writeEh
 .text.__vector_18
                0x00001f66       0x74 /Users/dasvaclav/Documents/workspace/arduino-base/Release/libarduino-base.a(HardwareSerial.o)
                0x00001f66                __vector_18
 .text.__vector_19
                0x00001fda       0x76 /Users/dasvaclav/Documents/workspace/arduino-base/Release/libarduino-base.a(HardwareSerial.o)
                0x00001fda                __vector_19
 .text._ZN14HardwareSerial5beginEm
                0x00002050       0xfe /Users/dasvaclav/Documents/workspace/arduino-base/Release/libarduino-base.a(HardwareSerial.o)
                0x00002050                _ZN14HardwareSerial5beginEm
 .text.startup._GLOBAL__sub_I_rx_buffer
                0x0000214e       0xac /Users/dasvaclav/Documents/workspace/arduino-base/Release/libarduino-base.a(HardwareSerial.o)
 .text._ZN5Print5writeEPKhj
                0x000021fa       0x50 /Users/dasvaclav/Documents/workspace/arduino-base/Release/libarduino-base.a(Print.o)
                0x000021fa                _ZN5Print5writeEPKhj
 .text._ZN5Print5writeEPKc
                0x0000224a       0x2c /Users/dasvaclav/Documents/workspace/arduino-base/Release/libarduino-base.a(Print.o)
                0x0000224a                _ZN5Print5writeEPKc
 .text._ZN5Print5printEc
                0x00002276        0xe /Users/dasvaclav/Documents/workspace/arduino-base/Release/libarduino-base.a(Print.o)
                0x00002276                _ZN5Print5printEc
 .text._ZN5Print7printlnEv
                0x00002284       0x28 /Users/dasvaclav/Documents/workspace/arduino-base/Release/libarduino-base.a(Print.o)
                0x00002284                _ZN5Print7printlnEv
 .text._ZN5Print7printlnEPKc
                0x000022ac       0x24 /Users/dasvaclav/Documents/workspace/arduino-base/Release/libarduino-base.a(Print.o)
                0x000022ac                _ZN5Print7printlnEPKc
 .text._Z6randoml
                0x000022d0       0x54 /Users/dasvaclav/Documents/workspace/arduino-base/Release/libarduino-base.a(WMath.o)
                0x000022d0                _Z6randoml
 .text.__vector_16
                0x00002324       0x94 /Users/dasvaclav/Documents/workspace/arduino-base/Release/libarduino-base.a(wiring.o)
                0x00002324                __vector_16
 .text.init     0x000023b8       0x76 /Users/dasvaclav/Documents/workspace/arduino-base/Release/libarduino-base.a(wiring.o)
                0x000023b8                init
 .text.turnOffPWM
                0x0000242e       0x54 /Users/dasvaclav/Documents/workspace/arduino-base/Release/libarduino-base.a(wiring_digital.o)
 .text.pinMode  0x00002482       0x70 /Users/dasvaclav/Documents/workspace/arduino-base/Release/libarduino-base.a(wiring_digital.o)
                0x00002482                pinMode
 .text.digitalRead
                0x000024f2       0x50 /Users/dasvaclav/Documents/workspace/arduino-base/Release/libarduino-base.a(wiring_digital.o)
                0x000024f2                digitalRead
 .text.avr-libc
                0x00002542       0xae /usr/local/CrossPack-AVR-20131128/lib/gcc/avr/4.7.2/../../../../avr/lib/avr5/libc.a(random.o)
                0x000025d6                random_r
                0x000025d8                random
                0x000025de                srandom
 .text.avr-libc
                0x000025f0        0x4 /usr/local/CrossPack-AVR-20131128/lib/gcc/avr/4.7.2/../../../../avr/lib/avr5/libc.a(exit.o)
                0x000025f0                exit
 .text.avr-libc.fplib
                0x000025f4        0xa /usr/local/CrossPack-AVR-20131128/lib/gcc/avr/4.7.2/../../../../avr/lib/avr5/libc.a(addsf3.o)
                0x000025f4                __subsf3
                0x000025f6                __addsf3
 .text.avr-libc.fplib
                0x000025fe       0xc0 /usr/local/CrossPack-AVR-20131128/lib/gcc/avr/4.7.2/../../../../avr/lib/avr5/libc.a(addsf3x.o)
                0x00002618                __addsf3x
 .text.avr-libc.fplib
                0x000026be        0x8 /usr/local/CrossPack-AVR-20131128/lib/gcc/avr/4.7.2/../../../../avr/lib/avr5/libc.a(cmpsf2.o)
                0x000026be                __lesf2
                0x000026be                __nesf2
                0x000026be                __eqsf2
                0x000026be                __cmpsf2
                0x000026be                __ltsf2
 .text.avr-libc.fplib
                0x000026c6        0x4 /usr/local/CrossPack-AVR-20131128/lib/gcc/avr/4.7.2/../../../../avr/lib/avr5/libc.a(divsf3.o)
                0x000026c6                __divsf3
 .text.avr-libc.fplib
                0x000026ca       0xcc /usr/local/CrossPack-AVR-20131128/lib/gcc/avr/4.7.2/../../../../avr/lib/avr5/libc.a(divsf3x.o)
                0x000026e0                __divsf3x
                0x000026e4                __divsf3_pse
 .text.avr-libc.fplib
                0x00002796        0xa /usr/local/CrossPack-AVR-20131128/lib/gcc/avr/4.7.2/../../../../avr/lib/avr5/libc.a(fixsfsi.o)
                0x00002796                __fixsfsi
 .text.avr-libc.fplib
                0x000027a0       0x58 /usr/local/CrossPack-AVR-20131128/lib/gcc/avr/4.7.2/../../../../avr/lib/avr5/libc.a(fixunssfsi.o)
                0x000027a0                __fixunssfsi
 .text.avr-libc.fplib
                0x000027f8       0x7a /usr/local/CrossPack-AVR-20131128/lib/gcc/avr/4.7.2/../../../../avr/lib/avr5/libc.a(floatsisf.o)
                0x000027f8                __floatunsisf
                0x000027fc                __floatsisf
 .text.avr-libc.fplib
                0x00002872       0x48 /usr/local/CrossPack-AVR-20131128/lib/gcc/avr/4.7.2/../../../../avr/lib/avr5/libc.a(fp_cmp.o)
                0x00002872                __fp_cmp
 .text.avr-libc.fplib
                0x000028ba        0xc /usr/local/CrossPack-AVR-20131128/lib/gcc/avr/4.7.2/../../../../avr/lib/avr5/libc.a(fp_inf.o)
                0x000028ba                __fp_inf
 .text.avr-libc.fplib
                0x000028c6        0x6 /usr/local/CrossPack-AVR-20131128/lib/gcc/avr/4.7.2/../../../../avr/lib/avr5/libc.a(fp_nan.o)
                0x000028c6                __fp_nan
 .text.avr-libc.fplib
                0x000028cc        0xe /usr/local/CrossPack-AVR-20131128/lib/gcc/avr/4.7.2/../../../../avr/lib/avr5/libc.a(fp_pscA.o)
                0x000028cc                __fp_pscA
 .text.avr-libc.fplib
                0x000028da        0xe /usr/local/CrossPack-AVR-20131128/lib/gcc/avr/4.7.2/../../../../avr/lib/avr5/libc.a(fp_pscB.o)
                0x000028da                __fp_pscB
 .text.avr-libc.fplib
                0x000028e8       0x22 /usr/local/CrossPack-AVR-20131128/lib/gcc/avr/4.7.2/../../../../avr/lib/avr5/libc.a(fp_round.o)
                0x000028e8                __fp_round
 .text.avr-libc.fplib
                0x0000290a       0x44 /usr/local/CrossPack-AVR-20131128/lib/gcc/avr/4.7.2/../../../../avr/lib/avr5/libc.a(fp_split3.o)
                0x0000290a                __fp_split3
                0x0000291a                __fp_splitA
 .text.avr-libc.fplib
                0x0000294e        0xe /usr/local/CrossPack-AVR-20131128/lib/gcc/avr/4.7.2/../../../../avr/lib/avr5/libc.a(fp_zero.o)
                0x0000294e                __fp_zero
                0x00002950                __fp_szero
 .text.avr-libc.fplib
                0x0000295c        0x8 /usr/local/CrossPack-AVR-20131128/lib/gcc/avr/4.7.2/../../../../avr/lib/avr5/libc.a(gesf2.o)
                0x0000295c                __gtsf2
                0x0000295c                __gesf2
 .text.avr-libc.fplib
                0x00002964        0x4 /usr/local/CrossPack-AVR-20131128/lib/gcc/avr/4.7.2/../../../../avr/lib/avr5/libc.a(mulsf3.o)
                0x00002964                __mulsf3
 .text.avr-libc.fplib
                0x00002968       0xc2 /usr/local/CrossPack-AVR-20131128/lib/gcc/avr/4.7.2/../../../../avr/lib/avr5/libc.a(mulsf3x.o)
                0x0000297c                __mulsf3x
                0x00002980                __mulsf3_pse
 .text.avr-libc
                0x00002a2a       0x10 /usr/local/CrossPack-AVR-20131128/lib/gcc/avr/4.7.2/../../../../avr/lib/avr5/libc.a(eerd_byte_atmega328p.o)
                0x00002a2a                __eerd_byte_m328p
 .text.avr-libc
                0x00002a3a       0x1c /usr/local/CrossPack-AVR-20131128/lib/gcc/avr/4.7.2/../../../../avr/lib/avr5/libc.a(eewr_byte_atmega328p.o)
                0x00002a3a                __eewr_byte_m328p
                0x00002a3c                __eewr_r18_m328p
 .text.libgcc.div
                0x00002a56       0x28 /usr/local/CrossPack-AVR-20131128/lib/gcc/avr/4.7.2/avr5/libgcc.a(_udivmodhi4.o)
                0x00002a56                __udivmodhi4
 .text.libgcc.div
                0x00002a7e       0x44 /usr/local/CrossPack-AVR-20131128/lib/gcc/avr/4.7.2/avr5/libgcc.a(_udivmodsi4.o)
                0x00002a7e                __udivmodsi4
 .text.libgcc.div
                0x00002ac2       0x36 /usr/local/CrossPack-AVR-20131128/lib/gcc/avr/4.7.2/avr5/libgcc.a(_divmodsi4.o)
                0x00002ac2                __divmodsi4
 .text.libgcc.mul
                0x00002af8        0xc /usr/local/CrossPack-AVR-20131128/lib/gcc/avr/4.7.2/avr5/libgcc.a(_mulhisi3.o)
                0x00002af8                __mulhisi3
 .text.libgcc.mul
                0x00002b04       0x18 /usr/local/CrossPack-AVR-20131128/lib/gcc/avr/4.7.2/avr5/libgcc.a(_umulhisi3.o)
                0x00002b04                __umulhisi3
 .text.libgcc.mul
                0x00002b1c        0xc /usr/local/CrossPack-AVR-20131128/lib/gcc/avr/4.7.2/avr5/libgcc.a(_usmulhisi3.o)
                0x00002b1c                __usmulhisi3
                0x00002b1e                __usmulhisi3_tail
 .text.libgcc.mul
                0x00002b28       0x14 /usr/local/CrossPack-AVR-20131128/lib/gcc/avr/4.7.2/avr5/libgcc.a(_muluhisi3.o)
                0x00002b28                __muluhisi3
 .text.libgcc.mul
                0x00002b3c        0xc /usr/local/CrossPack-AVR-20131128/lib/gcc/avr/4.7.2/avr5/libgcc.a(_mulshisi3.o)
                0x00002b3c                __mulshisi3
                0x00002b40                __mulohisi3
 .text.libgcc   0x00002b48        0xc /usr/local/CrossPack-AVR-20131128/lib/gcc/avr/4.7.2/avr5/libgcc.a(_tablejump.o)
                0x00002b48                __tablejump2__
                0x00002b4c                __tablejump__
                0x00002b54                . = ALIGN (0x2)
 *(.fini9)
 .fini9         0x00002b54        0x0 /usr/local/CrossPack-AVR-20131128/lib/gcc/avr/4.7.2/avr5/libgcc.a(_exit.o)
                0x00002b54                _exit
 *(.fini9)
 *(.fini8)
 *(.fini8)
 *(.fini7)
 *(.fini7)
 *(.fini6)
 *(.fini6)
 *(.fini5)
 *(.fini5)
 *(.fini4)
 *(.fini4)
 *(.fini3)
 *(.fini3)
 *(.fini2)
 *(.fini2)
 *(.fini1)
 *(.fini1)
 *(.fini0)
 .fini0         0x00002b54        0x4 /usr/local/CrossPack-AVR-20131128/lib/gcc/avr/4.7.2/avr5/libgcc.a(_exit.o)
 *(.fini0)
                0x00002b58                _etext = .

.data           0x00800100       0x84 load address 0x00002b58
                0x00800100                PROVIDE (__data_start, .)
 *(.data)
 .data          0x00800100        0x0 /usr/local/CrossPack-AVR-20131128/lib/gcc/avr/4.7.2/../../../../avr/lib/avr5/crtm328p.o
 .data          0x00800100        0x0 ./euclid.o
 .data          0x00800100        0x0 ./eventDelay.o
 .data          0x00800100        0x0 ./eventMemory.o
 .data          0x00800100        0x0 ./littleNerd.o
 .data          0x00800100        0x0 ./littleNerdHW.o
 .data          0x00800100        0x0 /Users/dasvaclav/Documents/workspace/arduino-base/Release/libarduino-base.a(EEPROM.o)
 .data          0x00800100        0x0 /Users/dasvaclav/Documents/workspace/arduino-base/Release/libarduino-base.a(HardwareSerial.o)
 .data          0x00800100        0x0 /Users/dasvaclav/Documents/workspace/arduino-base/Release/libarduino-base.a(Print.o)
 .data          0x00800100        0x0 /Users/dasvaclav/Documents/workspace/arduino-base/Release/libarduino-base.a(WMath.o)
 .data          0x00800100        0x0 /Users/dasvaclav/Documents/workspace/arduino-base/Release/libarduino-base.a(WString.o)
 .data          0x00800100        0x0 /Users/dasvaclav/Documents/workspace/arduino-base/Release/libarduino-base.a(new.o)
 .data          0x00800100        0x0 /Users/dasvaclav/Documents/workspace/arduino-base/Release/libarduino-base.a(wiring.o)
 .data          0x00800100        0x0 /Users/dasvaclav/Documents/workspace/arduino-base/Release/libarduino-base.a(wiring_digital.o)
 .data          0x00800100        0x0 /Users/dasvaclav/Documents/workspace/arduino-base/Release/libarduino-base.a(malloc.o)
 .data          0x00800100        0x0 /Users/dasvaclav/Documents/workspace/arduino-base/Release/libarduino-base.a(realloc.o)
 .data          0x00800100        0x4 /usr/local/CrossPack-AVR-20131128/lib/gcc/avr/4.7.2/../../../../avr/lib/avr5/libc.a(random.o)
 .data          0x00800104        0x0 /usr/local/CrossPack-AVR-20131128/lib/gcc/avr/4.7.2/../../../../avr/lib/avr5/libc.a(atol.o)
 .data          0x00800104        0x0 /usr/local/CrossPack-AVR-20131128/lib/gcc/avr/4.7.2/../../../../avr/lib/avr5/libc.a(exit.o)
 .data          0x00800104        0x0 /usr/local/CrossPack-AVR-20131128/lib/gcc/avr/4.7.2/../../../../avr/lib/avr5/libc.a(isspace.o)
 .data          0x00800104        0x0 /usr/local/CrossPack-AVR-20131128/lib/gcc/avr/4.7.2/../../../../avr/lib/avr5/libc.a(tolower.o)
 .data          0x00800104        0x0 /usr/local/CrossPack-AVR-20131128/lib/gcc/avr/4.7.2/../../../../avr/lib/avr5/libc.a(toupper.o)
 .data          0x00800104        0x0 /usr/local/CrossPack-AVR-20131128/lib/gcc/avr/4.7.2/../../../../avr/lib/avr5/libc.a(memcpy.o)
 .data          0x00800104        0x0 /usr/local/CrossPack-AVR-20131128/lib/gcc/avr/4.7.2/../../../../avr/lib/avr5/libc.a(memmove.o)
 .data          0x00800104        0x0 /usr/local/CrossPack-AVR-20131128/lib/gcc/avr/4.7.2/../../../../avr/lib/avr5/libc.a(strchr.o)
 .data          0x00800104        0x0 /usr/local/CrossPack-AVR-20131128/lib/gcc/avr/4.7.2/../../../../avr/lib/avr5/libc.a(strcmp.o)
 .data          0x00800104        0x0 /usr/local/CrossPack-AVR-20131128/lib/gcc/avr/4.7.2/../../../../avr/lib/avr5/libc.a(strcpy.o)
 .data          0x00800104        0x0 /usr/local/CrossPack-AVR-20131128/lib/gcc/avr/4.7.2/../../../../avr/lib/avr5/libc.a(strncmp.o)
 .data          0x00800104        0x0 /usr/local/CrossPack-AVR-20131128/lib/gcc/avr/4.7.2/../../../../avr/lib/avr5/libc.a(strncpy.o)
 .data          0x00800104        0x0 /usr/local/CrossPack-AVR-20131128/lib/gcc/avr/4.7.2/../../../../avr/lib/avr5/libc.a(strrchr.o)
 .data          0x00800104        0x0 /usr/local/CrossPack-AVR-20131128/lib/gcc/avr/4.7.2/../../../../avr/lib/avr5/libc.a(strstr.o)
 .data          0x00800104        0x0 /usr/local/CrossPack-AVR-20131128/lib/gcc/avr/4.7.2/../../../../avr/lib/avr5/libc.a(itoa.o)
 .data          0x00800104        0x0 /usr/local/CrossPack-AVR-20131128/lib/gcc/avr/4.7.2/../../../../avr/lib/avr5/libc.a(ltoa.o)
 .data          0x00800104        0x0 /usr/local/CrossPack-AVR-20131128/lib/gcc/avr/4.7.2/../../../../avr/lib/avr5/libc.a(mulsi10.o)
 .data          0x00800104        0x0 /usr/local/CrossPack-AVR-20131128/lib/gcc/avr/4.7.2/../../../../avr/lib/avr5/libc.a(ultoa.o)
 .data          0x00800104        0x0 /usr/local/CrossPack-AVR-20131128/lib/gcc/avr/4.7.2/../../../../avr/lib/avr5/libc.a(utoa.o)
 .data          0x00800104        0x0 /usr/local/CrossPack-AVR-20131128/lib/gcc/avr/4.7.2/../../../../avr/lib/avr5/libc.a(addsf3.o)
 .data          0x00800104        0x0 /usr/local/CrossPack-AVR-20131128/lib/gcc/avr/4.7.2/../../../../avr/lib/avr5/libc.a(addsf3x.o)
 .data          0x00800104        0x0 /usr/local/CrossPack-AVR-20131128/lib/gcc/avr/4.7.2/../../../../avr/lib/avr5/libc.a(cmpsf2.o)
 .data          0x00800104        0x0 /usr/local/CrossPack-AVR-20131128/lib/gcc/avr/4.7.2/../../../../avr/lib/avr5/libc.a(divsf3.o)
 .data          0x00800104        0x0 /usr/local/CrossPack-AVR-20131128/lib/gcc/avr/4.7.2/../../../../avr/lib/avr5/libc.a(divsf3x.o)
 .data          0x00800104        0x0 /usr/local/CrossPack-AVR-20131128/lib/gcc/avr/4.7.2/../../../../avr/lib/avr5/libc.a(fixsfsi.o)
 .data          0x00800104        0x0 /usr/local/CrossPack-AVR-20131128/lib/gcc/avr/4.7.2/../../../../avr/lib/avr5/libc.a(fixunssfsi.o)
 .data          0x00800104        0x0 /usr/local/CrossPack-AVR-20131128/lib/gcc/avr/4.7.2/../../../../avr/lib/avr5/libc.a(floatsisf.o)
 .data          0x00800104        0x0 /usr/local/CrossPack-AVR-20131128/lib/gcc/avr/4.7.2/../../../../avr/lib/avr5/libc.a(fp_cmp.o)
 .data          0x00800104        0x0 /usr/local/CrossPack-AVR-20131128/lib/gcc/avr/4.7.2/../../../../avr/lib/avr5/libc.a(fp_inf.o)
 .data          0x00800104        0x0 /usr/local/CrossPack-AVR-20131128/lib/gcc/avr/4.7.2/../../../../avr/lib/avr5/libc.a(fp_nan.o)
 .data          0x00800104        0x0 /usr/local/CrossPack-AVR-20131128/lib/gcc/avr/4.7.2/../../../../avr/lib/avr5/libc.a(fp_pscA.o)
 .data          0x00800104        0x0 /usr/local/CrossPack-AVR-20131128/lib/gcc/avr/4.7.2/../../../../avr/lib/avr5/libc.a(fp_pscB.o)
 .data          0x00800104        0x0 /usr/local/CrossPack-AVR-20131128/lib/gcc/avr/4.7.2/../../../../avr/lib/avr5/libc.a(fp_round.o)
 .data          0x00800104        0x0 /usr/local/CrossPack-AVR-20131128/lib/gcc/avr/4.7.2/../../../../avr/lib/avr5/libc.a(fp_split3.o)
 .data          0x00800104        0x0 /usr/local/CrossPack-AVR-20131128/lib/gcc/avr/4.7.2/../../../../avr/lib/avr5/libc.a(fp_zero.o)
 .data          0x00800104        0x0 /usr/local/CrossPack-AVR-20131128/lib/gcc/avr/4.7.2/../../../../avr/lib/avr5/libc.a(gesf2.o)
 .data          0x00800104        0x0 /usr/local/CrossPack-AVR-20131128/lib/gcc/avr/4.7.2/../../../../avr/lib/avr5/libc.a(mulsf3.o)
 .data          0x00800104        0x0 /usr/local/CrossPack-AVR-20131128/lib/gcc/avr/4.7.2/../../../../avr/lib/avr5/libc.a(mulsf3x.o)
 .data          0x00800104        0x0 /usr/local/CrossPack-AVR-20131128/lib/gcc/avr/4.7.2/../../../../avr/lib/avr5/libc.a(unordsf2.o)
 .data          0x00800104        0x0 /usr/local/CrossPack-AVR-20131128/lib/gcc/avr/4.7.2/../../../../avr/lib/avr5/libc.a(eerd_byte_atmega328p.o)
 .data          0x00800104        0x0 /usr/local/CrossPack-AVR-20131128/lib/gcc/avr/4.7.2/../../../../avr/lib/avr5/libc.a(eewr_byte_atmega328p.o)
 .data          0x00800104        0x0 /usr/local/CrossPack-AVR-20131128/lib/gcc/avr/4.7.2/../../../../avr/lib/avr5/libc.a(cty_isfalse.o)
 .data          0x00800104        0x0 /usr/local/CrossPack-AVR-20131128/lib/gcc/avr/4.7.2/../../../../avr/lib/avr5/libc.a(strrev.o)
 .data          0x00800104        0x0 /usr/local/CrossPack-AVR-20131128/lib/gcc/avr/4.7.2/avr5/libgcc.a(_mulsi3.o)
 .data          0x00800104        0x0 /usr/local/CrossPack-AVR-20131128/lib/gcc/avr/4.7.2/avr5/libgcc.a(_udivmodhi4.o)
 .data          0x00800104        0x0 /usr/local/CrossPack-AVR-20131128/lib/gcc/avr/4.7.2/avr5/libgcc.a(_udivmodsi4.o)
 .data          0x00800104        0x0 /usr/local/CrossPack-AVR-20131128/lib/gcc/avr/4.7.2/avr5/libgcc.a(_divmodsi4.o)
 .data          0x00800104        0x0 /usr/local/CrossPack-AVR-20131128/lib/gcc/avr/4.7.2/avr5/libgcc.a(_exit.o)
 .data          0x00800104        0x0 /usr/local/CrossPack-AVR-20131128/lib/gcc/avr/4.7.2/avr5/libgcc.a(_copy_data.o)
 .data          0x00800104        0x0 /usr/local/CrossPack-AVR-20131128/lib/gcc/avr/4.7.2/avr5/libgcc.a(_clear_bss.o)
 .data          0x00800104        0x0 /usr/local/CrossPack-AVR-20131128/lib/gcc/avr/4.7.2/avr5/libgcc.a(_ctors.o)
 .data          0x00800104        0x0 /usr/local/CrossPack-AVR-20131128/lib/gcc/avr/4.7.2/avr5/libgcc.a(_mulhisi3.o)
 .data          0x00800104        0x0 /usr/local/CrossPack-AVR-20131128/lib/gcc/avr/4.7.2/avr5/libgcc.a(_umulhisi3.o)
 .data          0x00800104        0x0 /usr/local/CrossPack-AVR-20131128/lib/gcc/avr/4.7.2/avr5/libgcc.a(_usmulhisi3.o)
 .data          0x00800104        0x0 /usr/local/CrossPack-AVR-20131128/lib/gcc/avr/4.7.2/avr5/libgcc.a(_muluhisi3.o)
 .data          0x00800104        0x0 /usr/local/CrossPack-AVR-20131128/lib/gcc/avr/4.7.2/avr5/libgcc.a(_mulshisi3.o)
 .data          0x00800104        0x0 /usr/local/CrossPack-AVR-20131128/lib/gcc/avr/4.7.2/avr5/libgcc.a(_tablejump.o)
 *(.data*)
 .data.defaultValue2
                0x00800104        0x8 ./littleNerd.o
                0x00800104                defaultValue2
 .data.defaultValue1
                0x0080010c        0x8 ./littleNerd.o
                0x0080010c                defaultValue1
 .data.parameter
                0x00800114        0xc ./littleNerd.o
                0x00800114                parameter
 .data.channelMode
                0x00800120        0x6 ./littleNerd.o
                0x00800120                channelMode
 .data.selectedChannel
                0x00800126        0x1 ./littleNerd.o
                0x00800126                selectedChannel
 .data.bitShifter
                0x00800127        0x8 ./littleNerd.o
                0x00800127                bitShifter
 .data.analogPin
                0x0080012f        0x6 ./littleNerdHW.o
                0x0080012f                analogPin
 .data.colorBit
                0x00800135        0x8 ./littleNerdHW.o
                0x00800135                colorBit
 *(.rodata)
 *(.rodata*)
 .rodata.str1.1
                0x0080013d       0x1f ./littleNerd.o
                                 0x21 (size before relaxing)
 .rodata._ZTV12littleNerdHW
                0x0080015c       0x18 ./littleNerdHW.o
                0x0080015c                _ZTV12littleNerdHW
 .rodata._ZTV14HardwareSerial
                0x00800174       0x10 /Users/dasvaclav/Documents/workspace/arduino-base/Release/libarduino-base.a(HardwareSerial.o)
                0x00800174                _ZTV14HardwareSerial
 *(.gnu.linkonce.d*)
                0x00800184                . = ALIGN (0x2)
                0x00800184                _edata = .
                0x00800184                PROVIDE (__data_end, .)

.bss            0x00800184      0x614
                0x00800184                PROVIDE (__bss_start, .)
 *(.bss)
 *(.bss*)
 .bss.color     0x00800184        0x1 ./littleNerd.o
                0x00800184                color
 .bss.timeNow   0x00800185        0x4 ./littleNerd.o
                0x00800185                timeNow
 .bss.probability
                0x00800189        0x1 ./littleNerd.o
                0x00800189                probability
 .bss.offset    0x0080018a       0x18 ./littleNerd.o
                0x0080018a                offset
 .bss.divider   0x008001a2        0x1 ./littleNerd.o
                0x008001a2                divider
 .bss.rainbow   0x008001a3        0x1 ./littleNerd.o
                0x008001a3                rainbow
 .bss.bothTime  0x008001a4        0x4 ./littleNerd.o
                0x008001a4                bothTime
 .bss.lastSelectedChannel
                0x008001a8        0x1 ./littleNerd.o
                0x008001a8                lastSelectedChannel
 .bss.selectMomentTime
                0x008001a9        0x4 ./littleNerd.o
                0x008001a9                selectMomentTime
 .bss.show      0x008001ad        0x1 ./littleNerd.o
                0x008001ad                show
 .bss.showTime  0x008001ae        0x4 ./littleNerd.o
                0x008001ae                showTime
 .bss.lock      0x008001b2        0x1 ./littleNerd.o
                0x008001b2                lock
 .bss.currentPreset
                0x008001b3        0x1 ./littleNerd.o
                0x008001b3                currentPreset
 .bss.flop      0x008001b4        0x6 ./littleNerd.o
                0x008001b4                flop
 .bss.counterLeft
                0x008001ba        0xc ./littleNerd.o
                0x008001ba                counterLeft
 .bss.counter   0x008001c6        0xc ./littleNerd.o
                0x008001c6                counter
 .bss.lastChannelTime
                0x008001d2       0x18 ./littleNerd.o
                0x008001d2                lastChannelTime
 .bss.channelTime
                0x008001ea       0x18 ./littleNerd.o
                0x008001ea                channelTime
 .bss.lastClockInTime
                0x00800202       0x18 ./littleNerd.o
                0x00800202                lastClockInTime
 .bss.clockInTime
                0x0080021a       0x18 ./littleNerd.o
                0x0080021a                clockInTime
 .bss.editMode  0x00800232        0x1 ./littleNerd.o
                0x00800232                editMode
 .bss.euclidian
                0x00800233       0xd8 ./littleNerd.o
                0x00800233                euclidian
 .bss.dly       0x0080030b      0x395 ./littleNerd.o
                0x0080030b                dly
 .bss._ZZ9clockCallhE13nextClockFrom
                0x008006a0        0x1 ./littleNerd.o
 .bss.hardware  0x008006a1       0x41 ./littleNerdHW.o
                0x008006a1                hardware
 .bss._ZZN12littleNerdHW17isr_updateClockInEvE12clockInState
                0x008006e2        0x2 ./littleNerdHW.o
 .bss.EEPROM    0x008006e4        0x1 /Users/dasvaclav/Documents/workspace/arduino-base/Release/libarduino-base.a(EEPROM.o)
                0x008006e4                EEPROM
 .bss.Serial    0x008006e5       0x22 /Users/dasvaclav/Documents/workspace/arduino-base/Release/libarduino-base.a(HardwareSerial.o)
                0x008006e5                Serial
 .bss.tx_buffer
                0x00800707       0x44 /Users/dasvaclav/Documents/workspace/arduino-base/Release/libarduino-base.a(HardwareSerial.o)
                0x00800707                tx_buffer
 .bss.rx_buffer
                0x0080074b       0x44 /Users/dasvaclav/Documents/workspace/arduino-base/Release/libarduino-base.a(HardwareSerial.o)
                0x0080074b                rx_buffer
 .bss.timer0_millis
                0x0080078f        0x4 /Users/dasvaclav/Documents/workspace/arduino-base/Release/libarduino-base.a(wiring.o)
                0x0080078f                timer0_millis
 .bss.timer0_overflow_count
                0x00800793        0x4 /Users/dasvaclav/Documents/workspace/arduino-base/Release/libarduino-base.a(wiring.o)
                0x00800793                timer0_overflow_count
 .bss.timer0_fract
                0x00800797        0x1 /Users/dasvaclav/Documents/workspace/arduino-base/Release/libarduino-base.a(wiring.o)
 *(COMMON)
                0x00800798                PROVIDE (__bss_end, .)
                0x00002b58                __data_load_start = LOADADDR (.data)
                0x00002bdc                __data_load_end = (__data_load_start + SIZEOF (.data))

.noinit         0x00800798        0x0
                0x00800798                PROVIDE (__noinit_start, .)
 *(.noinit*)
                0x00800798                PROVIDE (__noinit_end, .)
                0x00800798                _end = .
                0x00800798                PROVIDE (__heap_start, .)

.eeprom         0x00810000        0x0
 *(.eeprom*)
                0x00810000                __eeprom_end = .

.fuse
 *(.fuse)
 *(.lfuse)
 *(.hfuse)
 *(.efuse)

.lock
 *(.lock*)

.signature
 *(.signature*)

.user_signatures
 *(.user_signatures*)

.stab           0x00000000     0x3144
 *(.stab)
 .stab          0x00000000      0x6cc /usr/local/CrossPack-AVR-20131128/lib/gcc/avr/4.7.2/../../../../avr/lib/avr5/crtm328p.o
 .stab          0x000006cc      0x1e0 /usr/local/CrossPack-AVR-20131128/lib/gcc/avr/4.7.2/../../../../avr/lib/avr5/libc.a(atol.o)
                                0x1ec (size before relaxing)
 .stab          0x000008ac       0x30 /usr/local/CrossPack-AVR-20131128/lib/gcc/avr/4.7.2/../../../../avr/lib/avr5/libc.a(exit.o)
                                 0x3c (size before relaxing)
 .stab          0x000008dc       0x18 /usr/local/CrossPack-AVR-20131128/lib/gcc/avr/4.7.2/../../../../avr/lib/avr5/libc.a(isspace.o)
                                 0xa8 (size before relaxing)
 .stab          0x000008f4       0x18 /usr/local/CrossPack-AVR-20131128/lib/gcc/avr/4.7.2/../../../../avr/lib/avr5/libc.a(tolower.o)
                                 0xa8 (size before relaxing)
 .stab          0x0000090c       0x18 /usr/local/CrossPack-AVR-20131128/lib/gcc/avr/4.7.2/../../../../avr/lib/avr5/libc.a(toupper.o)
                                 0xa8 (size before relaxing)
 .stab          0x00000924       0x84 /usr/local/CrossPack-AVR-20131128/lib/gcc/avr/4.7.2/../../../../avr/lib/avr5/libc.a(memcpy.o)
                                 0x90 (size before relaxing)
 .stab          0x000009a8       0xe4 /usr/local/CrossPack-AVR-20131128/lib/gcc/avr/4.7.2/../../../../avr/lib/avr5/libc.a(memmove.o)
                                 0xf0 (size before relaxing)
 .stab          0x00000a8c       0x9c /usr/local/CrossPack-AVR-20131128/lib/gcc/avr/4.7.2/../../../../avr/lib/avr5/libc.a(strchr.o)
                                 0xa8 (size before relaxing)
 .stab          0x00000b28       0x84 /usr/local/CrossPack-AVR-20131128/lib/gcc/avr/4.7.2/../../../../avr/lib/avr5/libc.a(strcmp.o)
                                 0x90 (size before relaxing)
 .stab          0x00000bac       0x6c /usr/local/CrossPack-AVR-20131128/lib/gcc/avr/4.7.2/../../../../avr/lib/avr5/libc.a(strcpy.o)
                                 0x78 (size before relaxing)
 .stab          0x00000c18       0xc0 /usr/local/CrossPack-AVR-20131128/lib/gcc/avr/4.7.2/../../../../avr/lib/avr5/libc.a(strncmp.o)
                                 0xcc (size before relaxing)
 .stab          0x00000cd8       0xcc /usr/local/CrossPack-AVR-20131128/lib/gcc/avr/4.7.2/../../../../avr/lib/avr5/libc.a(strncpy.o)
                                 0xd8 (size before relaxing)
 .stab          0x00000da4       0x9c /usr/local/CrossPack-AVR-20131128/lib/gcc/avr/4.7.2/../../../../avr/lib/avr5/libc.a(strrchr.o)
                                 0xa8 (size before relaxing)
 .stab          0x00000e40      0x150 /usr/local/CrossPack-AVR-20131128/lib/gcc/avr/4.7.2/../../../../avr/lib/avr5/libc.a(strstr.o)
                                0x15c (size before relaxing)
 .stab          0x00000f90       0x18 /usr/local/CrossPack-AVR-20131128/lib/gcc/avr/4.7.2/../../../../avr/lib/avr5/libc.a(itoa.o)
                                0x1bc (size before relaxing)
 .stab          0x00000fa8       0x18 /usr/local/CrossPack-AVR-20131128/lib/gcc/avr/4.7.2/../../../../avr/lib/avr5/libc.a(ltoa.o)
                                0x2a0 (size before relaxing)
 .stab          0x00000fc0      0x114 /usr/local/CrossPack-AVR-20131128/lib/gcc/avr/4.7.2/../../../../avr/lib/avr5/libc.a(mulsi10.o)
                                0x120 (size before relaxing)
 .stab          0x000010d4       0x18 /usr/local/CrossPack-AVR-20131128/lib/gcc/avr/4.7.2/../../../../avr/lib/avr5/libc.a(ultoa.o)
                                0x1ec (size before relaxing)
 .stab          0x000010ec       0x18 /usr/local/CrossPack-AVR-20131128/lib/gcc/avr/4.7.2/../../../../avr/lib/avr5/libc.a(utoa.o)
                                0x138 (size before relaxing)
 .stab          0x00001104       0x78 /usr/local/CrossPack-AVR-20131128/lib/gcc/avr/4.7.2/../../../../avr/lib/avr5/libc.a(addsf3.o)
                                 0x84 (size before relaxing)
 .stab          0x0000117c      0x4bc /usr/local/CrossPack-AVR-20131128/lib/gcc/avr/4.7.2/../../../../avr/lib/avr5/libc.a(addsf3x.o)
                                0x4c8 (size before relaxing)
 .stab          0x00001638       0x90 /usr/local/CrossPack-AVR-20131128/lib/gcc/avr/4.7.2/../../../../avr/lib/avr5/libc.a(cmpsf2.o)
                                 0x9c (size before relaxing)
 .stab          0x000016c8       0x48 /usr/local/CrossPack-AVR-20131128/lib/gcc/avr/4.7.2/../../../../avr/lib/avr5/libc.a(divsf3.o)
                                 0x54 (size before relaxing)
 .stab          0x00001710      0x510 /usr/local/CrossPack-AVR-20131128/lib/gcc/avr/4.7.2/../../../../avr/lib/avr5/libc.a(divsf3x.o)
                                0x51c (size before relaxing)
 .stab          0x00001c20       0x6c /usr/local/CrossPack-AVR-20131128/lib/gcc/avr/4.7.2/../../../../avr/lib/avr5/libc.a(fixsfsi.o)
                                 0x78 (size before relaxing)
 .stab          0x00001c8c      0x240 /usr/local/CrossPack-AVR-20131128/lib/gcc/avr/4.7.2/../../../../avr/lib/avr5/libc.a(fixunssfsi.o)
                                0x24c (size before relaxing)
 .stab          0x00001ecc      0x318 /usr/local/CrossPack-AVR-20131128/lib/gcc/avr/4.7.2/../../../../avr/lib/avr5/libc.a(floatsisf.o)
                                0x324 (size before relaxing)
 .stab          0x000021e4      0x1e0 /usr/local/CrossPack-AVR-20131128/lib/gcc/avr/4.7.2/../../../../avr/lib/avr5/libc.a(fp_cmp.o)
                                0x1ec (size before relaxing)
 .stab          0x000023c4       0x78 /usr/local/CrossPack-AVR-20131128/lib/gcc/avr/4.7.2/../../../../avr/lib/avr5/libc.a(fp_inf.o)
                                 0x84 (size before relaxing)
 .stab          0x0000243c       0x54 /usr/local/CrossPack-AVR-20131128/lib/gcc/avr/4.7.2/../../../../avr/lib/avr5/libc.a(fp_nan.o)
                                 0x60 (size before relaxing)
 .stab          0x00002490       0x84 /usr/local/CrossPack-AVR-20131128/lib/gcc/avr/4.7.2/../../../../avr/lib/avr5/libc.a(fp_pscA.o)
                                 0x90 (size before relaxing)
 .stab          0x00002514       0x84 /usr/local/CrossPack-AVR-20131128/lib/gcc/avr/4.7.2/../../../../avr/lib/avr5/libc.a(fp_pscB.o)
                                 0x90 (size before relaxing)
 .stab          0x00002598       0xfc /usr/local/CrossPack-AVR-20131128/lib/gcc/avr/4.7.2/../../../../avr/lib/avr5/libc.a(fp_round.o)
                                0x108 (size before relaxing)
 .stab          0x00002694      0x1d4 /usr/local/CrossPack-AVR-20131128/lib/gcc/avr/4.7.2/../../../../avr/lib/avr5/libc.a(fp_split3.o)
                                0x1e0 (size before relaxing)
 .stab          0x00002868       0x90 /usr/local/CrossPack-AVR-20131128/lib/gcc/avr/4.7.2/../../../../avr/lib/avr5/libc.a(fp_zero.o)
                                 0x9c (size before relaxing)
 .stab          0x000028f8       0x6c /usr/local/CrossPack-AVR-20131128/lib/gcc/avr/4.7.2/../../../../avr/lib/avr5/libc.a(gesf2.o)
                                 0x78 (size before relaxing)
 .stab          0x00002964       0x48 /usr/local/CrossPack-AVR-20131128/lib/gcc/avr/4.7.2/../../../../avr/lib/avr5/libc.a(mulsf3.o)
                                 0x54 (size before relaxing)
 .stab          0x000029ac      0x4d4 /usr/local/CrossPack-AVR-20131128/lib/gcc/avr/4.7.2/../../../../avr/lib/avr5/libc.a(mulsf3x.o)
                                0x4e0 (size before relaxing)
 .stab          0x00002e80       0x60 /usr/local/CrossPack-AVR-20131128/lib/gcc/avr/4.7.2/../../../../avr/lib/avr5/libc.a(unordsf2.o)
                                 0x6c (size before relaxing)
 .stab          0x00002ee0       0x90 /usr/local/CrossPack-AVR-20131128/lib/gcc/avr/4.7.2/../../../../avr/lib/avr5/libc.a(eerd_byte_atmega328p.o)
                                 0x9c (size before relaxing)
 .stab          0x00002f70       0xe4 /usr/local/CrossPack-AVR-20131128/lib/gcc/avr/4.7.2/../../../../avr/lib/avr5/libc.a(eewr_byte_atmega328p.o)
                                 0xf0 (size before relaxing)
 .stab          0x00003054       0x18 /usr/local/CrossPack-AVR-20131128/lib/gcc/avr/4.7.2/../../../../avr/lib/avr5/libc.a(cty_isfalse.o)
                                 0x6c (size before relaxing)
 .stab          0x0000306c       0xd8 /usr/local/CrossPack-AVR-20131128/lib/gcc/avr/4.7.2/../../../../avr/lib/avr5/libc.a(strrev.o)
                                 0xe4 (size before relaxing)

.stabstr        0x00000000      0xfb6
 *(.stabstr)
 .stabstr       0x00000000      0xfb6 /usr/local/CrossPack-AVR-20131128/lib/gcc/avr/4.7.2/../../../../avr/lib/avr5/crtm328p.o

.stab.excl
 *(.stab.excl)

.stab.exclstr
 *(.stab.exclstr)

.stab.index
 *(.stab.index)

.stab.indexstr
 *(.stab.indexstr)

.comment        0x00000000       0x11
 *(.comment)
 .comment       0x00000000       0x11 ./euclid.o
                                 0x12 (size before relaxing)
 .comment       0x00000000       0x12 ./eventDelay.o
 .comment       0x00000000       0x12 ./eventMemory.o
 .comment       0x00000000       0x12 ./littleNerd.o
 .comment       0x00000000       0x12 ./littleNerdHW.o
 .comment       0x00000000       0x12 /Users/dasvaclav/Documents/workspace/arduino-base/Release/libarduino-base.a(EEPROM.o)
 .comment       0x00000000       0x12 /Users/dasvaclav/Documents/workspace/arduino-base/Release/libarduino-base.a(HardwareSerial.o)
 .comment       0x00000000       0x12 /Users/dasvaclav/Documents/workspace/arduino-base/Release/libarduino-base.a(Print.o)
 .comment       0x00000000       0x12 /Users/dasvaclav/Documents/workspace/arduino-base/Release/libarduino-base.a(WMath.o)
 .comment       0x00000000       0x12 /Users/dasvaclav/Documents/workspace/arduino-base/Release/libarduino-base.a(WString.o)
 .comment       0x00000000       0x12 /Users/dasvaclav/Documents/workspace/arduino-base/Release/libarduino-base.a(new.o)
 .comment       0x00000000       0x12 /Users/dasvaclav/Documents/workspace/arduino-base/Release/libarduino-base.a(wiring.o)
 .comment       0x00000000       0x12 /Users/dasvaclav/Documents/workspace/arduino-base/Release/libarduino-base.a(wiring_digital.o)
 .comment       0x00000000       0x12 /Users/dasvaclav/Documents/workspace/arduino-base/Release/libarduino-base.a(malloc.o)
 .comment       0x00000000       0x12 /Users/dasvaclav/Documents/workspace/arduino-base/Release/libarduino-base.a(realloc.o)
 .comment       0x00000000       0x12 /usr/local/CrossPack-AVR-20131128/lib/gcc/avr/4.7.2/../../../../avr/lib/avr5/libc.a(random.o)

.debug
 *(.debug)

.line
 *(.line)

.debug_srcinfo
 *(.debug_srcinfo)

.debug_sfnames
 *(.debug_sfnames)

.debug_aranges  0x00000000      0x1f8
 *(.debug_aranges)
 .debug_aranges
                0x00000000       0x38 /usr/local/CrossPack-AVR-20131128/lib/gcc/avr/4.7.2/../../../../avr/lib/avr5/libc.a(random.o)
 .debug_aranges
                0x00000038       0x20 /usr/local/CrossPack-AVR-20131128/lib/gcc/avr/4.7.2/avr5/libgcc.a(_mulsi3.o)
 .debug_aranges
                0x00000058       0x20 /usr/local/CrossPack-AVR-20131128/lib/gcc/avr/4.7.2/avr5/libgcc.a(_udivmodhi4.o)
 .debug_aranges
                0x00000078       0x20 /usr/local/CrossPack-AVR-20131128/lib/gcc/avr/4.7.2/avr5/libgcc.a(_udivmodsi4.o)
 .debug_aranges
                0x00000098       0x20 /usr/local/CrossPack-AVR-20131128/lib/gcc/avr/4.7.2/avr5/libgcc.a(_divmodsi4.o)
 .debug_aranges
                0x000000b8       0x20 /usr/local/CrossPack-AVR-20131128/lib/gcc/avr/4.7.2/avr5/libgcc.a(_exit.o)
 .debug_aranges
                0x000000d8       0x20 /usr/local/CrossPack-AVR-20131128/lib/gcc/avr/4.7.2/avr5/libgcc.a(_copy_data.o)
 .debug_aranges
                0x000000f8       0x20 /usr/local/CrossPack-AVR-20131128/lib/gcc/avr/4.7.2/avr5/libgcc.a(_clear_bss.o)
 .debug_aranges
                0x00000118       0x20 /usr/local/CrossPack-AVR-20131128/lib/gcc/avr/4.7.2/avr5/libgcc.a(_ctors.o)
 .debug_aranges
                0x00000138       0x20 /usr/local/CrossPack-AVR-20131128/lib/gcc/avr/4.7.2/avr5/libgcc.a(_mulhisi3.o)
 .debug_aranges
                0x00000158       0x20 /usr/local/CrossPack-AVR-20131128/lib/gcc/avr/4.7.2/avr5/libgcc.a(_umulhisi3.o)
 .debug_aranges
                0x00000178       0x20 /usr/local/CrossPack-AVR-20131128/lib/gcc/avr/4.7.2/avr5/libgcc.a(_usmulhisi3.o)
 .debug_aranges
                0x00000198       0x20 /usr/local/CrossPack-AVR-20131128/lib/gcc/avr/4.7.2/avr5/libgcc.a(_muluhisi3.o)
 .debug_aranges
                0x000001b8       0x20 /usr/local/CrossPack-AVR-20131128/lib/gcc/avr/4.7.2/avr5/libgcc.a(_mulshisi3.o)
 .debug_aranges
                0x000001d8       0x20 /usr/local/CrossPack-AVR-20131128/lib/gcc/avr/4.7.2/avr5/libgcc.a(_tablejump.o)

.debug_pubnames
 *(.debug_pubnames)

.debug_info     0x00000000      0xbc5
 *(.debug_info)
 .debug_info    0x00000000      0x161 /usr/local/CrossPack-AVR-20131128/lib/gcc/avr/4.7.2/../../../../avr/lib/avr5/libc.a(random.o)
 .debug_info    0x00000161       0xbe /usr/local/CrossPack-AVR-20131128/lib/gcc/avr/4.7.2/avr5/libgcc.a(_mulsi3.o)
 .debug_info    0x0000021f       0xbe /usr/local/CrossPack-AVR-20131128/lib/gcc/avr/4.7.2/avr5/libgcc.a(_udivmodhi4.o)
 .debug_info    0x000002dd       0xbe /usr/local/CrossPack-AVR-20131128/lib/gcc/avr/4.7.2/avr5/libgcc.a(_udivmodsi4.o)
 .debug_info    0x0000039b       0xbe /usr/local/CrossPack-AVR-20131128/lib/gcc/avr/4.7.2/avr5/libgcc.a(_divmodsi4.o)
 .debug_info    0x00000459       0xbe /usr/local/CrossPack-AVR-20131128/lib/gcc/avr/4.7.2/avr5/libgcc.a(_exit.o)
 .debug_info    0x00000517       0xbe /usr/local/CrossPack-AVR-20131128/lib/gcc/avr/4.7.2/avr5/libgcc.a(_copy_data.o)
 .debug_info    0x000005d5       0xbe /usr/local/CrossPack-AVR-20131128/lib/gcc/avr/4.7.2/avr5/libgcc.a(_clear_bss.o)
 .debug_info    0x00000693       0xbe /usr/local/CrossPack-AVR-20131128/lib/gcc/avr/4.7.2/avr5/libgcc.a(_ctors.o)
 .debug_info    0x00000751       0xbe /usr/local/CrossPack-AVR-20131128/lib/gcc/avr/4.7.2/avr5/libgcc.a(_mulhisi3.o)
 .debug_info    0x0000080f       0xbe /usr/local/CrossPack-AVR-20131128/lib/gcc/avr/4.7.2/avr5/libgcc.a(_umulhisi3.o)
 .debug_info    0x000008cd       0xbe /usr/local/CrossPack-AVR-20131128/lib/gcc/avr/4.7.2/avr5/libgcc.a(_usmulhisi3.o)
 .debug_info    0x0000098b       0xbe /usr/local/CrossPack-AVR-20131128/lib/gcc/avr/4.7.2/avr5/libgcc.a(_muluhisi3.o)
 .debug_info    0x00000a49       0xbe /usr/local/CrossPack-AVR-20131128/lib/gcc/avr/4.7.2/avr5/libgcc.a(_mulshisi3.o)
 .debug_info    0x00000b07       0xbe /usr/local/CrossPack-AVR-20131128/lib/gcc/avr/4.7.2/avr5/libgcc.a(_tablejump.o)
 *(.gnu.linkonce.wi.*)

.debug_abbrev   0x00000000      0x1f0
 *(.debug_abbrev)
 .debug_abbrev  0x00000000       0xd8 /usr/local/CrossPack-AVR-20131128/lib/gcc/avr/4.7.2/../../../../avr/lib/avr5/libc.a(random.o)
 .debug_abbrev  0x000000d8       0x14 /usr/local/CrossPack-AVR-20131128/lib/gcc/avr/4.7.2/avr5/libgcc.a(_mulsi3.o)
 .debug_abbrev  0x000000ec       0x14 /usr/local/CrossPack-AVR-20131128/lib/gcc/avr/4.7.2/avr5/libgcc.a(_udivmodhi4.o)
 .debug_abbrev  0x00000100       0x14 /usr/local/CrossPack-AVR-20131128/lib/gcc/avr/4.7.2/avr5/libgcc.a(_udivmodsi4.o)
 .debug_abbrev  0x00000114       0x14 /usr/local/CrossPack-AVR-20131128/lib/gcc/avr/4.7.2/avr5/libgcc.a(_divmodsi4.o)
 .debug_abbrev  0x00000128       0x14 /usr/local/CrossPack-AVR-20131128/lib/gcc/avr/4.7.2/avr5/libgcc.a(_exit.o)
 .debug_abbrev  0x0000013c       0x14 /usr/local/CrossPack-AVR-20131128/lib/gcc/avr/4.7.2/avr5/libgcc.a(_copy_data.o)
 .debug_abbrev  0x00000150       0x14 /usr/local/CrossPack-AVR-20131128/lib/gcc/avr/4.7.2/avr5/libgcc.a(_clear_bss.o)
 .debug_abbrev  0x00000164       0x14 /usr/local/CrossPack-AVR-20131128/lib/gcc/avr/4.7.2/avr5/libgcc.a(_ctors.o)
 .debug_abbrev  0x00000178       0x14 /usr/local/CrossPack-AVR-20131128/lib/gcc/avr/4.7.2/avr5/libgcc.a(_mulhisi3.o)
 .debug_abbrev  0x0000018c       0x14 /usr/local/CrossPack-AVR-20131128/lib/gcc/avr/4.7.2/avr5/libgcc.a(_umulhisi3.o)
 .debug_abbrev  0x000001a0       0x14 /usr/local/CrossPack-AVR-20131128/lib/gcc/avr/4.7.2/avr5/libgcc.a(_usmulhisi3.o)
 .debug_abbrev  0x000001b4       0x14 /usr/local/CrossPack-AVR-20131128/lib/gcc/avr/4.7.2/avr5/libgcc.a(_muluhisi3.o)
 .debug_abbrev  0x000001c8       0x14 /usr/local/CrossPack-AVR-20131128/lib/gcc/avr/4.7.2/avr5/libgcc.a(_mulshisi3.o)
 .debug_abbrev  0x000001dc       0x14 /usr/local/CrossPack-AVR-20131128/lib/gcc/avr/4.7.2/avr5/libgcc.a(_tablejump.o)

.debug_line     0x00000000      0x5be
 *(.debug_line)
 .debug_line    0x00000000       0x5d /usr/local/CrossPack-AVR-20131128/lib/gcc/avr/4.7.2/../../../../avr/lib/avr5/libc.a(random.o)
 .debug_line    0x0000005d       0x65 /usr/local/CrossPack-AVR-20131128/lib/gcc/avr/4.7.2/avr5/libgcc.a(_mulsi3.o)
 .debug_line    0x000000c2       0x6a /usr/local/CrossPack-AVR-20131128/lib/gcc/avr/4.7.2/avr5/libgcc.a(_udivmodhi4.o)
 .debug_line    0x0000012c       0x78 /usr/local/CrossPack-AVR-20131128/lib/gcc/avr/4.7.2/avr5/libgcc.a(_udivmodsi4.o)
 .debug_line    0x000001a4       0x71 /usr/local/CrossPack-AVR-20131128/lib/gcc/avr/4.7.2/avr5/libgcc.a(_divmodsi4.o)
 .debug_line    0x00000215       0x58 /usr/local/CrossPack-AVR-20131128/lib/gcc/avr/4.7.2/avr5/libgcc.a(_exit.o)
 .debug_line    0x0000026d       0x61 /usr/local/CrossPack-AVR-20131128/lib/gcc/avr/4.7.2/avr5/libgcc.a(_copy_data.o)
 .debug_line    0x000002ce       0x5e /usr/local/CrossPack-AVR-20131128/lib/gcc/avr/4.7.2/avr5/libgcc.a(_clear_bss.o)
 .debug_line    0x0000032c       0x60 /usr/local/CrossPack-AVR-20131128/lib/gcc/avr/4.7.2/avr5/libgcc.a(_ctors.o)
 .debug_line    0x0000038c       0x5c /usr/local/CrossPack-AVR-20131128/lib/gcc/avr/4.7.2/avr5/libgcc.a(_mulhisi3.o)
 .debug_line    0x000003e8       0x62 /usr/local/CrossPack-AVR-20131128/lib/gcc/avr/4.7.2/avr5/libgcc.a(_umulhisi3.o)
 .debug_line    0x0000044a       0x5c /usr/local/CrossPack-AVR-20131128/lib/gcc/avr/4.7.2/avr5/libgcc.a(_usmulhisi3.o)
 .debug_line    0x000004a6       0x60 /usr/local/CrossPack-AVR-20131128/lib/gcc/avr/4.7.2/avr5/libgcc.a(_muluhisi3.o)
 .debug_line    0x00000506       0x5c /usr/local/CrossPack-AVR-20131128/lib/gcc/avr/4.7.2/avr5/libgcc.a(_mulshisi3.o)
 .debug_line    0x00000562       0x5c /usr/local/CrossPack-AVR-20131128/lib/gcc/avr/4.7.2/avr5/libgcc.a(_tablejump.o)

.debug_frame    0x00000000       0x88
 *(.debug_frame)
 .debug_frame   0x00000000       0x88 /usr/local/CrossPack-AVR-20131128/lib/gcc/avr/4.7.2/../../../../avr/lib/avr5/libc.a(random.o)

.debug_str      0x00000000       0xc6
 *(.debug_str)
 .debug_str     0x00000000       0xc6 /usr/local/CrossPack-AVR-20131128/lib/gcc/avr/4.7.2/../../../../avr/lib/avr5/libc.a(random.o)
                                 0xda (size before relaxing)

.debug_loc      0x00000000      0x1e8
 *(.debug_loc)
 .debug_loc     0x00000000      0x1e8 /usr/local/CrossPack-AVR-20131128/lib/gcc/avr/4.7.2/../../../../avr/lib/avr5/libc.a(random.o)

.debug_macinfo
 *(.debug_macinfo)

.debug_pubtypes
 *(.debug_pubtypes)

.debug_ranges   0x00000000       0x28
 *(.debug_ranges)
 .debug_ranges  0x00000000       0x28 /usr/local/CrossPack-AVR-20131128/lib/gcc/avr/4.7.2/../../../../avr/lib/avr5/libc.a(random.o)

.debug_macro
 *(.debug_macro)
OUTPUT(littleNerd.elf elf32-avr)
LOAD linker stubs

Cross Reference Table

Symbol                                            File
EEPROM                                            /Users/dasvaclav/Documents/workspace/arduino-base/Release/libarduino-base.a(EEPROM.o)
                                                  ./littleNerd.o
EEPROMClass::read(int)                            /Users/dasvaclav/Documents/workspace/arduino-base/Release/libarduino-base.a(EEPROM.o)
                                                  ./littleNerd.o
EEPROMClass::write(int, unsigned char)            /Users/dasvaclav/Documents/workspace/arduino-base/Release/libarduino-base.a(EEPROM.o)
                                                  ./littleNerd.o
HardwareSerial::HardwareSerial(ring_buffer*, ring_buffer*, unsigned char volatile*, unsigned char volatile*, unsigned char volatile*, unsigned char volatile*, unsigned char volatile*, unsigned char volatile*, unsigned char, unsigned char, unsigned char, unsigned char, unsigned char) /Users/dasvaclav/Documents/workspace/arduino-base/Release/libarduino-base.a(HardwareSerial.o)
HardwareSerial::HardwareSerial(ring_buffer*, ring_buffer*, unsigned char volatile*, unsigned char volatile*, unsigned char volatile*, unsigned char volatile*, unsigned char volatile*, unsigned char volatile*, unsigned char, unsigned char, unsigned char, unsigned char, unsigned char) /Users/dasvaclav/Documents/workspace/arduino-base/Release/libarduino-base.a(HardwareSerial.o)
HardwareSerial::available()                       /Users/dasvaclav/Documents/workspace/arduino-base/Release/libarduino-base.a(HardwareSerial.o)
HardwareSerial::begin(unsigned long)              /Users/dasvaclav/Documents/workspace/arduino-base/Release/libarduino-base.a(HardwareSerial.o)
                                                  ./littleNerd.o
HardwareSerial::begin(unsigned long, unsigned char) /Users/dasvaclav/Documents/workspace/arduino-base/Release/libarduino-base.a(HardwareSerial.o)
HardwareSerial::end()                             /Users/dasvaclav/Documents/workspace/arduino-base/Release/libarduino-base.a(HardwareSerial.o)
HardwareSerial::flush()                           /Users/dasvaclav/Documents/workspace/arduino-base/Release/libarduino-base.a(HardwareSerial.o)
HardwareSerial::operator bool()                   /Users/dasvaclav/Documents/workspace/arduino-base/Release/libarduino-base.a(HardwareSerial.o)
HardwareSerial::peek()                            /Users/dasvaclav/Documents/workspace/arduino-base/Release/libarduino-base.a(HardwareSerial.o)
HardwareSerial::read()                            /Users/dasvaclav/Documents/workspace/arduino-base/Release/libarduino-base.a(HardwareSerial.o)
HardwareSerial::write(unsigned char)              /Users/dasvaclav/Documents/workspace/arduino-base/Release/libarduino-base.a(HardwareSerial.o)
Print::print(Printable const&)                    /Users/dasvaclav/Documents/workspace/arduino-base/Release/libarduino-base.a(Print.o)
Print::print(String const&)                       /Users/dasvaclav/Documents/workspace/arduino-base/Release/libarduino-base.a(Print.o)
Print::print(__FlashStringHelper const*)          /Users/dasvaclav/Documents/workspace/arduino-base/Release/libarduino-base.a(Print.o)
Print::print(char const*)                         /Users/dasvaclav/Documents/workspace/arduino-base/Release/libarduino-base.a(Print.o)
                                                  ./littleNerdHW.o
                                                  ./littleNerd.o
                                                  ./eventMemory.o
                                                  ./eventDelay.o
Print::print(char)                                /Users/dasvaclav/Documents/workspace/arduino-base/Release/libarduino-base.a(Print.o)
Print::print(double, int)                         /Users/dasvaclav/Documents/workspace/arduino-base/Release/libarduino-base.a(Print.o)
Print::print(int, int)                            /Users/dasvaclav/Documents/workspace/arduino-base/Release/libarduino-base.a(Print.o)
Print::print(long, int)                           /Users/dasvaclav/Documents/workspace/arduino-base/Release/libarduino-base.a(Print.o)
Print::print(unsigned char, int)                  /Users/dasvaclav/Documents/workspace/arduino-base/Release/libarduino-base.a(Print.o)
                                                  ./littleNerdHW.o
                                                  ./littleNerd.o
                                                  ./eventMemory.o
                                                  ./eventDelay.o
Print::print(unsigned int, int)                   /Users/dasvaclav/Documents/workspace/arduino-base/Release/libarduino-base.a(Print.o)
Print::print(unsigned long, int)                  /Users/dasvaclav/Documents/workspace/arduino-base/Release/libarduino-base.a(Print.o)
                                                  ./eventMemory.o
                                                  ./eventDelay.o
Print::printFloat(double, unsigned char)          /Users/dasvaclav/Documents/workspace/arduino-base/Release/libarduino-base.a(Print.o)
Print::printNumber(unsigned long, unsigned char)  /Users/dasvaclav/Documents/workspace/arduino-base/Release/libarduino-base.a(Print.o)
Print::println()                                  /Users/dasvaclav/Documents/workspace/arduino-base/Release/libarduino-base.a(Print.o)
                                                  ./eventMemory.o
                                                  ./eventDelay.o
Print::println(Printable const&)                  /Users/dasvaclav/Documents/workspace/arduino-base/Release/libarduino-base.a(Print.o)
Print::println(String const&)                     /Users/dasvaclav/Documents/workspace/arduino-base/Release/libarduino-base.a(Print.o)
Print::println(__FlashStringHelper const*)        /Users/dasvaclav/Documents/workspace/arduino-base/Release/libarduino-base.a(Print.o)
Print::println(char const*)                       /Users/dasvaclav/Documents/workspace/arduino-base/Release/libarduino-base.a(Print.o)
                                                  ./littleNerdHW.o
                                                  ./littleNerd.o
Print::println(char)                              /Users/dasvaclav/Documents/workspace/arduino-base/Release/libarduino-base.a(Print.o)
Print::println(double, int)                       /Users/dasvaclav/Documents/workspace/arduino-base/Release/libarduino-base.a(Print.o)
Print::println(int, int)                          /Users/dasvaclav/Documents/workspace/arduino-base/Release/libarduino-base.a(Print.o)
Print::println(long, int)                         /Users/dasvaclav/Documents/workspace/arduino-base/Release/libarduino-base.a(Print.o)
Print::println(unsigned char, int)                /Users/dasvaclav/Documents/workspace/arduino-base/Release/libarduino-base.a(Print.o)
                                                  ./eventMemory.o
                                                  ./eventDelay.o
Print::println(unsigned int, int)                 /Users/dasvaclav/Documents/workspace/arduino-base/Release/libarduino-base.a(Print.o)
Print::println(unsigned long, int)                /Users/dasvaclav/Documents/workspace/arduino-base/Release/libarduino-base.a(Print.o)
Print::write(char const*)                         /Users/dasvaclav/Documents/workspace/arduino-base/Release/libarduino-base.a(Print.o)
Print::write(unsigned char const*, unsigned int)  /Users/dasvaclav/Documents/workspace/arduino-base/Release/libarduino-base.a(Print.o)
                                                  /Users/dasvaclav/Documents/workspace/arduino-base/Release/libarduino-base.a(HardwareSerial.o)
Serial                                            /Users/dasvaclav/Documents/workspace/arduino-base/Release/libarduino-base.a(HardwareSerial.o)
                                                  ./littleNerdHW.o
                                                  ./littleNerd.o
                                                  ./eventMemory.o
                                                  ./eventDelay.o
String::String(String const&)                     /Users/dasvaclav/Documents/workspace/arduino-base/Release/libarduino-base.a(WString.o)
String::String(String const&)                     /Users/dasvaclav/Documents/workspace/arduino-base/Release/libarduino-base.a(WString.o)
String::String(char const*)                       /Users/dasvaclav/Documents/workspace/arduino-base/Release/libarduino-base.a(WString.o)
String::String(char const*)                       /Users/dasvaclav/Documents/workspace/arduino-base/Release/libarduino-base.a(WString.o)
String::String(char)                              /Users/dasvaclav/Documents/workspace/arduino-base/Release/libarduino-base.a(WString.o)
String::String(char)                              /Users/dasvaclav/Documents/workspace/arduino-base/Release/libarduino-base.a(WString.o)
String::String(int, unsigned char)                /Users/dasvaclav/Documents/workspace/arduino-base/Release/libarduino-base.a(WString.o)
String::String(int, unsigned char)                /Users/dasvaclav/Documents/workspace/arduino-base/Release/libarduino-base.a(WString.o)
String::String(long, unsigned char)               /Users/dasvaclav/Documents/workspace/arduino-base/Release/libarduino-base.a(WString.o)
String::String(long, unsigned char)               /Users/dasvaclav/Documents/workspace/arduino-base/Release/libarduino-base.a(WString.o)
String::String(unsigned char, unsigned char)      /Users/dasvaclav/Documents/workspace/arduino-base/Release/libarduino-base.a(WString.o)
String::String(unsigned char, unsigned char)      /Users/dasvaclav/Documents/workspace/arduino-base/Release/libarduino-base.a(WString.o)
String::String(unsigned int, unsigned char)       /Users/dasvaclav/Documents/workspace/arduino-base/Release/libarduino-base.a(WString.o)
String::String(unsigned int, unsigned char)       /Users/dasvaclav/Documents/workspace/arduino-base/Release/libarduino-base.a(WString.o)
String::String(unsigned long, unsigned char)      /Users/dasvaclav/Documents/workspace/arduino-base/Release/libarduino-base.a(WString.o)
String::String(unsigned long, unsigned char)      /Users/dasvaclav/Documents/workspace/arduino-base/Release/libarduino-base.a(WString.o)
String::changeBuffer(unsigned int)                /Users/dasvaclav/Documents/workspace/arduino-base/Release/libarduino-base.a(WString.o)
String::charAt(unsigned int) const                /Users/dasvaclav/Documents/workspace/arduino-base/Release/libarduino-base.a(WString.o)
String::compareTo(String const&) const            /Users/dasvaclav/Documents/workspace/arduino-base/Release/libarduino-base.a(WString.o)
String::concat(String const&)                     /Users/dasvaclav/Documents/workspace/arduino-base/Release/libarduino-base.a(WString.o)
String::concat(char const*)                       /Users/dasvaclav/Documents/workspace/arduino-base/Release/libarduino-base.a(WString.o)
String::concat(char const*, unsigned int)         /Users/dasvaclav/Documents/workspace/arduino-base/Release/libarduino-base.a(WString.o)
String::concat(char)                              /Users/dasvaclav/Documents/workspace/arduino-base/Release/libarduino-base.a(WString.o)
String::concat(int)                               /Users/dasvaclav/Documents/workspace/arduino-base/Release/libarduino-base.a(WString.o)
String::concat(long)                              /Users/dasvaclav/Documents/workspace/arduino-base/Release/libarduino-base.a(WString.o)
String::concat(unsigned char)                     /Users/dasvaclav/Documents/workspace/arduino-base/Release/libarduino-base.a(WString.o)
String::concat(unsigned int)                      /Users/dasvaclav/Documents/workspace/arduino-base/Release/libarduino-base.a(WString.o)
String::concat(unsigned long)                     /Users/dasvaclav/Documents/workspace/arduino-base/Release/libarduino-base.a(WString.o)
String::copy(char const*, unsigned int)           /Users/dasvaclav/Documents/workspace/arduino-base/Release/libarduino-base.a(WString.o)
String::endsWith(String const&) const             /Users/dasvaclav/Documents/workspace/arduino-base/Release/libarduino-base.a(WString.o)
String::equals(String const&) const               /Users/dasvaclav/Documents/workspace/arduino-base/Release/libarduino-base.a(WString.o)
String::equals(char const*) const                 /Users/dasvaclav/Documents/workspace/arduino-base/Release/libarduino-base.a(WString.o)
String::equalsIgnoreCase(String const&) const     /Users/dasvaclav/Documents/workspace/arduino-base/Release/libarduino-base.a(WString.o)
String::getBytes(unsigned char*, unsigned int, unsigned int) const /Users/dasvaclav/Documents/workspace/arduino-base/Release/libarduino-base.a(WString.o)
String::indexOf(String const&) const              /Users/dasvaclav/Documents/workspace/arduino-base/Release/libarduino-base.a(WString.o)
String::indexOf(String const&, unsigned int) const /Users/dasvaclav/Documents/workspace/arduino-base/Release/libarduino-base.a(WString.o)
String::indexOf(char) const                       /Users/dasvaclav/Documents/workspace/arduino-base/Release/libarduino-base.a(WString.o)
String::indexOf(char, unsigned int) const         /Users/dasvaclav/Documents/workspace/arduino-base/Release/libarduino-base.a(WString.o)
String::invalidate()                              /Users/dasvaclav/Documents/workspace/arduino-base/Release/libarduino-base.a(WString.o)
String::lastIndexOf(String const&) const          /Users/dasvaclav/Documents/workspace/arduino-base/Release/libarduino-base.a(WString.o)
String::lastIndexOf(String const&, unsigned int) const /Users/dasvaclav/Documents/workspace/arduino-base/Release/libarduino-base.a(WString.o)
String::lastIndexOf(char) const                   /Users/dasvaclav/Documents/workspace/arduino-base/Release/libarduino-base.a(WString.o)
String::lastIndexOf(char, unsigned int) const     /Users/dasvaclav/Documents/workspace/arduino-base/Release/libarduino-base.a(WString.o)
String::operator<(String const&) const            /Users/dasvaclav/Documents/workspace/arduino-base/Release/libarduino-base.a(WString.o)
String::operator<=(String const&) const           /Users/dasvaclav/Documents/workspace/arduino-base/Release/libarduino-base.a(WString.o)
String::operator=(String const&)                  /Users/dasvaclav/Documents/workspace/arduino-base/Release/libarduino-base.a(WString.o)
String::operator=(char const*)                    /Users/dasvaclav/Documents/workspace/arduino-base/Release/libarduino-base.a(WString.o)
String::operator>(String const&) const            /Users/dasvaclav/Documents/workspace/arduino-base/Release/libarduino-base.a(WString.o)
String::operator>=(String const&) const           /Users/dasvaclav/Documents/workspace/arduino-base/Release/libarduino-base.a(WString.o)
String::operator[](unsigned int)                  /Users/dasvaclav/Documents/workspace/arduino-base/Release/libarduino-base.a(WString.o)
String::operator[](unsigned int) const            /Users/dasvaclav/Documents/workspace/arduino-base/Release/libarduino-base.a(WString.o)
                                                  /Users/dasvaclav/Documents/workspace/arduino-base/Release/libarduino-base.a(Print.o)
String::replace(String const&, String const&)     /Users/dasvaclav/Documents/workspace/arduino-base/Release/libarduino-base.a(WString.o)
String::replace(char, char)                       /Users/dasvaclav/Documents/workspace/arduino-base/Release/libarduino-base.a(WString.o)
String::reserve(unsigned int)                     /Users/dasvaclav/Documents/workspace/arduino-base/Release/libarduino-base.a(WString.o)
String::setCharAt(unsigned int, char)             /Users/dasvaclav/Documents/workspace/arduino-base/Release/libarduino-base.a(WString.o)
String::startsWith(String const&) const           /Users/dasvaclav/Documents/workspace/arduino-base/Release/libarduino-base.a(WString.o)
String::startsWith(String const&, unsigned int) const /Users/dasvaclav/Documents/workspace/arduino-base/Release/libarduino-base.a(WString.o)
String::substring(unsigned int) const             /Users/dasvaclav/Documents/workspace/arduino-base/Release/libarduino-base.a(WString.o)
String::substring(unsigned int, unsigned int) const /Users/dasvaclav/Documents/workspace/arduino-base/Release/libarduino-base.a(WString.o)
String::toInt() const                             /Users/dasvaclav/Documents/workspace/arduino-base/Release/libarduino-base.a(WString.o)
String::toLowerCase()                             /Users/dasvaclav/Documents/workspace/arduino-base/Release/libarduino-base.a(WString.o)
String::toUpperCase()                             /Users/dasvaclav/Documents/workspace/arduino-base/Release/libarduino-base.a(WString.o)
String::trim()                                    /Users/dasvaclav/Documents/workspace/arduino-base/Release/libarduino-base.a(WString.o)
String::~String()                                 /Users/dasvaclav/Documents/workspace/arduino-base/Release/libarduino-base.a(WString.o)
String::~String()                                 /Users/dasvaclav/Documents/workspace/arduino-base/Release/libarduino-base.a(WString.o)
__addsf3                                          /usr/local/CrossPack-AVR-20131128/lib/gcc/avr/4.7.2/../../../../avr/lib/avr5/libc.a(addsf3.o)
                                                  /Users/dasvaclav/Documents/workspace/arduino-base/Release/libarduino-base.a(Print.o)
                                                  ./euclid.o
__addsf3x                                         /usr/local/CrossPack-AVR-20131128/lib/gcc/avr/4.7.2/../../../../avr/lib/avr5/libc.a(addsf3x.o)
                                                  /usr/local/CrossPack-AVR-20131128/lib/gcc/avr/4.7.2/../../../../avr/lib/avr5/libc.a(addsf3.o)
__bad_interrupt                                   /usr/local/CrossPack-AVR-20131128/lib/gcc/avr/4.7.2/../../../../avr/lib/avr5/crtm328p.o
__brkval                                          /Users/dasvaclav/Documents/workspace/arduino-base/Release/libarduino-base.a(realloc.o)
                                                  /Users/dasvaclav/Documents/workspace/arduino-base/Release/libarduino-base.a(malloc.o)
__bss_end                                         /usr/local/CrossPack-AVR-20131128/lib/gcc/avr/4.7.2/avr5/libgcc.a(_clear_bss.o)
__bss_start                                       /usr/local/CrossPack-AVR-20131128/lib/gcc/avr/4.7.2/avr5/libgcc.a(_clear_bss.o)
__cmpsf2                                          /usr/local/CrossPack-AVR-20131128/lib/gcc/avr/4.7.2/../../../../avr/lib/avr5/libc.a(cmpsf2.o)
__ctors_end                                       /usr/local/CrossPack-AVR-20131128/lib/gcc/avr/4.7.2/avr5/libgcc.a(_ctors.o)
__ctors_start                                     /usr/local/CrossPack-AVR-20131128/lib/gcc/avr/4.7.2/avr5/libgcc.a(_ctors.o)
__ctype_isfalse                                   /usr/local/CrossPack-AVR-20131128/lib/gcc/avr/4.7.2/../../../../avr/lib/avr5/libc.a(cty_isfalse.o)
                                                  /usr/local/CrossPack-AVR-20131128/lib/gcc/avr/4.7.2/../../../../avr/lib/avr5/libc.a(isspace.o)
__ctype_istrue                                    /usr/local/CrossPack-AVR-20131128/lib/gcc/avr/4.7.2/../../../../avr/lib/avr5/libc.a(cty_isfalse.o)
__cxa_guard_abort                                 /Users/dasvaclav/Documents/workspace/arduino-base/Release/libarduino-base.a(new.o)
__cxa_guard_acquire                               /Users/dasvaclav/Documents/workspace/arduino-base/Release/libarduino-base.a(new.o)
__cxa_guard_release                               /Users/dasvaclav/Documents/workspace/arduino-base/Release/libarduino-base.a(new.o)
__cxa_pure_virtual                                /Users/dasvaclav/Documents/workspace/arduino-base/Release/libarduino-base.a(new.o)
                                                  /Users/dasvaclav/Documents/workspace/arduino-base/Release/libarduino-base.a(Print.o)
                                                  /Users/dasvaclav/Documents/workspace/arduino-base/Release/libarduino-base.a(HardwareSerial.o)
__data_end                                        /usr/local/CrossPack-AVR-20131128/lib/gcc/avr/4.7.2/avr5/libgcc.a(_copy_data.o)
__data_load_start                                 /usr/local/CrossPack-AVR-20131128/lib/gcc/avr/4.7.2/avr5/libgcc.a(_copy_data.o)
__data_start                                      /usr/local/CrossPack-AVR-20131128/lib/gcc/avr/4.7.2/avr5/libgcc.a(_copy_data.o)
__divmodsi4                                       /usr/local/CrossPack-AVR-20131128/lib/gcc/avr/4.7.2/avr5/libgcc.a(_divmodsi4.o)
                                                  /usr/local/CrossPack-AVR-20131128/lib/gcc/avr/4.7.2/../../../../avr/lib/avr5/libc.a(random.o)
                                                  /Users/dasvaclav/Documents/workspace/arduino-base/Release/libarduino-base.a(WMath.o)
                                                  ./littleNerd.o
__divsf3                                          /usr/local/CrossPack-AVR-20131128/lib/gcc/avr/4.7.2/../../../../avr/lib/avr5/libc.a(divsf3.o)
                                                  /Users/dasvaclav/Documents/workspace/arduino-base/Release/libarduino-base.a(Print.o)
                                                  ./euclid.o
__divsf3_pse                                      /usr/local/CrossPack-AVR-20131128/lib/gcc/avr/4.7.2/../../../../avr/lib/avr5/libc.a(divsf3x.o)
__divsf3x                                         /usr/local/CrossPack-AVR-20131128/lib/gcc/avr/4.7.2/../../../../avr/lib/avr5/libc.a(divsf3x.o)
                                                  /usr/local/CrossPack-AVR-20131128/lib/gcc/avr/4.7.2/../../../../avr/lib/avr5/libc.a(divsf3.o)
__do_clear_bss                                    /usr/local/CrossPack-AVR-20131128/lib/gcc/avr/4.7.2/avr5/libgcc.a(_clear_bss.o)
                                                  /Users/dasvaclav/Documents/workspace/arduino-base/Release/libarduino-base.a(malloc.o)
                                                  /Users/dasvaclav/Documents/workspace/arduino-base/Release/libarduino-base.a(wiring.o)
                                                  /Users/dasvaclav/Documents/workspace/arduino-base/Release/libarduino-base.a(WString.o)
                                                  /Users/dasvaclav/Documents/workspace/arduino-base/Release/libarduino-base.a(HardwareSerial.o)
                                                  /Users/dasvaclav/Documents/workspace/arduino-base/Release/libarduino-base.a(EEPROM.o)
                                                  ./littleNerdHW.o
                                                  ./littleNerd.o
__do_copy_data                                    /usr/local/CrossPack-AVR-20131128/lib/gcc/avr/4.7.2/avr5/libgcc.a(_copy_data.o)
                                                  /usr/local/CrossPack-AVR-20131128/lib/gcc/avr/4.7.2/../../../../avr/lib/avr5/libc.a(random.o)
                                                  /Users/dasvaclav/Documents/workspace/arduino-base/Release/libarduino-base.a(malloc.o)
                                                  /Users/dasvaclav/Documents/workspace/arduino-base/Release/libarduino-base.a(WString.o)
                                                  /Users/dasvaclav/Documents/workspace/arduino-base/Release/libarduino-base.a(Print.o)
                                                  /Users/dasvaclav/Documents/workspace/arduino-base/Release/libarduino-base.a(HardwareSerial.o)
                                                  ./littleNerdHW.o
                                                  ./littleNerd.o
                                                  ./eventMemory.o
                                                  ./eventDelay.o
__do_global_ctors                                 /usr/local/CrossPack-AVR-20131128/lib/gcc/avr/4.7.2/avr5/libgcc.a(_ctors.o)
                                                  /Users/dasvaclav/Documents/workspace/arduino-base/Release/libarduino-base.a(HardwareSerial.o)
                                                  ./littleNerdHW.o
__eerd_byte_m328p                                 /usr/local/CrossPack-AVR-20131128/lib/gcc/avr/4.7.2/../../../../avr/lib/avr5/libc.a(eerd_byte_atmega328p.o)
                                                  /Users/dasvaclav/Documents/workspace/arduino-base/Release/libarduino-base.a(EEPROM.o)
__eewr_byte_m328p                                 /usr/local/CrossPack-AVR-20131128/lib/gcc/avr/4.7.2/../../../../avr/lib/avr5/libc.a(eewr_byte_atmega328p.o)
                                                  /Users/dasvaclav/Documents/workspace/arduino-base/Release/libarduino-base.a(EEPROM.o)
__eewr_r18_m328p                                  /usr/local/CrossPack-AVR-20131128/lib/gcc/avr/4.7.2/../../../../avr/lib/avr5/libc.a(eewr_byte_atmega328p.o)
__eqsf2                                           /usr/local/CrossPack-AVR-20131128/lib/gcc/avr/4.7.2/../../../../avr/lib/avr5/libc.a(cmpsf2.o)
__fixsfsi                                         /usr/local/CrossPack-AVR-20131128/lib/gcc/avr/4.7.2/../../../../avr/lib/avr5/libc.a(fixsfsi.o)
                                                  /Users/dasvaclav/Documents/workspace/arduino-base/Release/libarduino-base.a(Print.o)
                                                  ./littleNerd.o
                                                  ./euclid.o
__fixunssfsi                                      /usr/local/CrossPack-AVR-20131128/lib/gcc/avr/4.7.2/../../../../avr/lib/avr5/libc.a(fixunssfsi.o)
                                                  /usr/local/CrossPack-AVR-20131128/lib/gcc/avr/4.7.2/../../../../avr/lib/avr5/libc.a(fixsfsi.o)
                                                  /Users/dasvaclav/Documents/workspace/arduino-base/Release/libarduino-base.a(Print.o)
__floatsisf                                       /usr/local/CrossPack-AVR-20131128/lib/gcc/avr/4.7.2/../../../../avr/lib/avr5/libc.a(floatsisf.o)
                                                  /Users/dasvaclav/Documents/workspace/arduino-base/Release/libarduino-base.a(Print.o)
                                                  ./littleNerd.o
                                                  ./euclid.o
__floatunsisf                                     /usr/local/CrossPack-AVR-20131128/lib/gcc/avr/4.7.2/../../../../avr/lib/avr5/libc.a(floatsisf.o)
                                                  /Users/dasvaclav/Documents/workspace/arduino-base/Release/libarduino-base.a(Print.o)
                                                  ./littleNerd.o
                                                  ./euclid.o
__flp                                             /Users/dasvaclav/Documents/workspace/arduino-base/Release/libarduino-base.a(realloc.o)
                                                  /Users/dasvaclav/Documents/workspace/arduino-base/Release/libarduino-base.a(malloc.o)
__fp_cmp                                          /usr/local/CrossPack-AVR-20131128/lib/gcc/avr/4.7.2/../../../../avr/lib/avr5/libc.a(fp_cmp.o)
                                                  /usr/local/CrossPack-AVR-20131128/lib/gcc/avr/4.7.2/../../../../avr/lib/avr5/libc.a(unordsf2.o)
                                                  /usr/local/CrossPack-AVR-20131128/lib/gcc/avr/4.7.2/../../../../avr/lib/avr5/libc.a(gesf2.o)
                                                  /usr/local/CrossPack-AVR-20131128/lib/gcc/avr/4.7.2/../../../../avr/lib/avr5/libc.a(cmpsf2.o)
__fp_inf                                          /usr/local/CrossPack-AVR-20131128/lib/gcc/avr/4.7.2/../../../../avr/lib/avr5/libc.a(fp_inf.o)
                                                  /usr/local/CrossPack-AVR-20131128/lib/gcc/avr/4.7.2/../../../../avr/lib/avr5/libc.a(mulsf3x.o)
                                                  /usr/local/CrossPack-AVR-20131128/lib/gcc/avr/4.7.2/../../../../avr/lib/avr5/libc.a(divsf3x.o)
                                                  /usr/local/CrossPack-AVR-20131128/lib/gcc/avr/4.7.2/../../../../avr/lib/avr5/libc.a(addsf3x.o)
__fp_nan                                          /usr/local/CrossPack-AVR-20131128/lib/gcc/avr/4.7.2/../../../../avr/lib/avr5/libc.a(fp_nan.o)
                                                  /usr/local/CrossPack-AVR-20131128/lib/gcc/avr/4.7.2/../../../../avr/lib/avr5/libc.a(mulsf3x.o)
                                                  /usr/local/CrossPack-AVR-20131128/lib/gcc/avr/4.7.2/../../../../avr/lib/avr5/libc.a(divsf3x.o)
                                                  /usr/local/CrossPack-AVR-20131128/lib/gcc/avr/4.7.2/../../../../avr/lib/avr5/libc.a(addsf3x.o)
__fp_pscA                                         /usr/local/CrossPack-AVR-20131128/lib/gcc/avr/4.7.2/../../../../avr/lib/avr5/libc.a(fp_pscA.o)
                                                  /usr/local/CrossPack-AVR-20131128/lib/gcc/avr/4.7.2/../../../../avr/lib/avr5/libc.a(mulsf3x.o)
                                                  /usr/local/CrossPack-AVR-20131128/lib/gcc/avr/4.7.2/../../../../avr/lib/avr5/libc.a(divsf3x.o)
                                                  /usr/local/CrossPack-AVR-20131128/lib/gcc/avr/4.7.2/../../../../avr/lib/avr5/libc.a(addsf3x.o)
__fp_pscB                                         /usr/local/CrossPack-AVR-20131128/lib/gcc/avr/4.7.2/../../../../avr/lib/avr5/libc.a(fp_pscB.o)