Archive member included because of file (symbol)

/Users/dasvaclav/Documents/workspace/arduino-base/Release/libarduino-base.a(EEPROM.o)
                              ./littleNerd.o (_ZN11EEPROMClass4readEi)
/Users/dasvaclav/Documents/workspace/arduino-base/Release/libarduino-base.a(HardwareSerial.o)
                              ./eventDelay.o (Serial)
/Users/dasvaclav/Documents/workspace/arduino-base/Release/libarduino-base.a(Print.o)
                              /Users/dasvaclav/Documents/workspace/arduino-base/Release/libarduino-base.a(HardwareSerial.o) (_ZN5Print5writeEPKhj)
/Users/dasvaclav/Documents/workspace/arduino-base/Release/libarduino-base.a(WMath.o)
                              ./eventDelay.o (_Z6randoml)
/Users/dasvaclav/Documents/workspace/arduino-base/Release/libarduino-base.a(WString.o)
                              /Users/dasvaclav/Documents/workspace/arduino-base/Release/libarduino-base.a(Print.o) (_ZNK6StringixEj)
/Users/dasvaclav/Documents/workspace/arduino-base/Release/libarduino-base.a(new.o)
                              /Users/dasvaclav/Documents/workspace/arduino-base/Release/libarduino-base.a(HardwareSerial.o) (__cxa_pure_virtual)
/Users/dasvaclav/Documents/workspace/arduino-base/Release/libarduino-base.a(wiring.o)
                              ./littleNerd.o (init)
/Users/dasvaclav/Documents/workspace/arduino-base/Release/libarduino-base.a(malloc.o)
                              /Users/dasvaclav/Documents/workspace/arduino-base/Release/libarduino-base.a(new.o) (malloc)
/Users/dasvaclav/Documents/workspace/arduino-base/Release/libarduino-base.a(realloc.o)
                              /Users/dasvaclav/Documents/workspace/arduino-base/Release/libarduino-base.a(WString.o) (realloc)
/usr/local/CrossPack-AVR-20131216/lib/gcc/avr/4.8.1/../../../../avr/lib/avr5/libc.a(random.o)
                              /Users/dasvaclav/Documents/workspace/arduino-base/Release/libarduino-base.a(WMath.o) (random)
/usr/local/CrossPack-AVR-20131216/lib/gcc/avr/4.8.1/../../../../avr/lib/avr5/libc.a(atol.o)
                              /Users/dasvaclav/Documents/workspace/arduino-base/Release/libarduino-base.a(WString.o) (atol)
/usr/local/CrossPack-AVR-20131216/lib/gcc/avr/4.8.1/../../../../avr/lib/avr5/libc.a(exit.o)
                              /usr/local/CrossPack-AVR-20131216/lib/gcc/avr/4.8.1/../../../../avr/lib/avr5/crtm328p.o (exit)
/usr/local/CrossPack-AVR-20131216/lib/gcc/avr/4.8.1/../../../../avr/lib/avr5/libc.a(isspace.o)
                              /Users/dasvaclav/Documents/workspace/arduino-base/Release/libarduino-base.a(WString.o) (isspace)
/usr/local/CrossPack-AVR-20131216/lib/gcc/avr/4.8.1/../../../../avr/lib/avr5/libc.a(tolower.o)
                              /Users/dasvaclav/Documents/workspace/arduino-base/Release/libarduino-base.a(WString.o) (tolower)
/usr/local/CrossPack-AVR-20131216/lib/gcc/avr/4.8.1/../../../../avr/lib/avr5/libc.a(toupper.o)
                              /Users/dasvaclav/Documents/workspace/arduino-base/Release/libarduino-base.a(WString.o) (toupper)
/usr/local/CrossPack-AVR-20131216/lib/gcc/avr/4.8.1/../../../../avr/lib/avr5/libc.a(memcpy.o)
                              /Users/dasvaclav/Documents/workspace/arduino-base/Release/libarduino-base.a(WString.o) (memcpy)
/usr/local/CrossPack-AVR-20131216/lib/gcc/avr/4.8.1/../../../../avr/lib/avr5/libc.a(memmove.o)
                              /Users/dasvaclav/Documents/workspace/arduino-base/Release/libarduino-base.a(WString.o) (memmove)
/usr/local/CrossPack-AVR-20131216/lib/gcc/avr/4.8.1/../../../../avr/lib/avr5/libc.a(strchr.o)
                              /Users/dasvaclav/Documents/workspace/arduino-base/Release/libarduino-base.a(WString.o) (strchr)
/usr/local/CrossPack-AVR-20131216/lib/gcc/avr/4.8.1/../../../../avr/lib/avr5/libc.a(strcmp.o)
                              /Users/dasvaclav/Documents/workspace/arduino-base/Release/libarduino-base.a(WString.o) (strcmp)
/usr/local/CrossPack-AVR-20131216/lib/gcc/avr/4.8.1/../../../../avr/lib/avr5/libc.a(strcpy.o)
                              /Users/dasvaclav/Documents/workspace/arduino-base/Release/libarduino-base.a(WString.o) (strcpy)
/usr/local/CrossPack-AVR-20131216/lib/gcc/avr/4.8.1/../../../../avr/lib/avr5/libc.a(strncmp.o)
                              /Users/dasvaclav/Documents/workspace/arduino-base/Release/libarduino-base.a(WString.o) (strncmp)
/usr/local/CrossPack-AVR-20131216/lib/gcc/avr/4.8.1/../../../../avr/lib/avr5/libc.a(strncpy.o)
                              /Users/dasvaclav/Documents/workspace/arduino-base/Release/libarduino-base.a(WString.o) (strncpy)
/usr/local/CrossPack-AVR-20131216/lib/gcc/avr/4.8.1/../../../../avr/lib/avr5/libc.a(strrchr.o)
                              /Users/dasvaclav/Documents/workspace/arduino-base/Release/libarduino-base.a(WString.o) (strrchr)
/usr/local/CrossPack-AVR-20131216/lib/gcc/avr/4.8.1/../../../../avr/lib/avr5/libc.a(strstr.o)
[...]
Memory Configuration

Name             Origin             Length             Attributes
text             0x00000000         0x00020000         xr
data             0x00800060         0x0000ffa0         rw !x
eeprom           0x00810000         0x00010000         rw !x
fuse             0x00820000         0x00000400         rw !x
lock             0x00830000         0x00000400         rw !x
signature        0x00840000         0x00000400         rw !x
user_signatures  0x00850000         0x00000400         rw !x
*default*        0x00000000         0xffffffff

Linker script and memory map

Address of section .data set to 0x800100
LOAD /usr/local/CrossPack-AVR-20131216/lib/gcc/avr/4.8.1/../../../../avr/lib/avr5/crtm328p.o
LOAD ./euclid.o
LOAD ./eventDelay.o
LOAD ./eventMemory.o
LOAD ./littleNerd.o
LOAD ./littleNerdHW.o
LOAD /Users/dasvaclav/Documents/workspace/arduino-base/Release/libarduino-base.a
LOAD /usr/local/CrossPack-AVR-20131216/lib/gcc/avr/4.8.1/../../../../avr/lib/avr5/libc.a
LOAD /usr/local/CrossPack-AVR-20131216/lib/gcc/avr/4.8.1/avr5/libgcc.a
LOAD /usr/local/CrossPack-AVR-20131216/lib/gcc/avr/4.8.1/../../../../avr/lib/avr5/libm.a
LOAD /usr/local/CrossPack-AVR-20131216/lib/gcc/avr/4.8.1/../../../../avr/lib/avr5/libc.a
START GROUP
LOAD /usr/local/CrossPack-AVR-20131216/lib/gcc/avr/4.8.1/avr5/libgcc.a
LOAD /usr/local/CrossPack-AVR-20131216/lib/gcc/avr/4.8.1/../../../../avr/lib/avr5/libm.a
LOAD /usr/local/CrossPack-AVR-20131216/lib/gcc/avr/4.8.1/../../../../avr/lib/avr5/libc.a
END GROUP

.hash
 *(.hash)

.dynsym
 *(.dynsym)

.dynstr
 *(.dynstr)

.gnu.version
 *(.gnu.version)

.gnu.version_d
 *(.gnu.version_d)

.gnu.version_r
 *(.gnu.version_r)

.rel.init
 *(.rel.init)

.rela.init
 *(.rela.init)

.rel.text
 *(.rel.text)
 *(.rel.text.*)
 *(.rel.gnu.linkonce.t*)

.rela.text
 *(.rela.text)
 *(.rela.text.*)
 *(.rela.gnu.linkonce.t*)

.rel.fini
 *(.rel.fini)

.rela.fini
 *(.rela.fini)

.rel.rodata
 *(.rel.rodata)
 *(.rel.rodata.*)
 *(.rel.gnu.linkonce.r*)

.rela.rodata
 *(.rela.rodata)
 *(.rela.rodata.*)
 *(.rela.gnu.linkonce.r*)

.rel.data
 *(.rel.data)
 *(.rel.data.*)
 *(.rel.gnu.linkonce.d*)

.rela.data
 *(.rela.data)
 *(.rela.data.*)
 *(.rela.gnu.linkonce.d*)

.rel.ctors
 *(.rel.ctors)

.rela.ctors
 *(.rela.ctors)

.rel.dtors
 *(.rel.dtors)

.rela.dtors
 *(.rela.dtors)

.rel.got
 *(.rel.got)

.rela.got
 *(.rela.got)

.rel.bss
 *(.rel.bss)

.rela.bss
 *(.rela.bss)

.rel.plt
 *(.rel.plt)

.rela.plt
 *(.rela.plt)

.text           0x00000000     0x26b4
 *(.vectors)
 .vectors       0x00000000       0x68 /usr/local/CrossPack-AVR-20131216/lib/gcc/avr/4.8.1/../../../../avr/lib/avr5/crtm328p.o
                0x00000000                __vectors
                0x00000000                __vector_default
 *(.vectors)
 *(.progmem.gcc*)
 .progmem.gcc_sw_table._Z14clockInChannelh
                0x00000068       0x10 ./littleNerd.o
                0x00000078                . = ALIGN (0x2)
                0x00000078                __trampolines_start = .
 *(.trampolines)
 .trampolines   0x00000078        0x0 linker stubs
 *(.trampolines*)
                0x00000078                __trampolines_end = .
 *(.progmem*)
                0x00000078                . = ALIGN (0x2)
 *(.jumptables)
 *(.jumptables*)
 *(.lowtext)
 *(.lowtext*)
                0x00000078                __ctors_start = .
 *(.ctors)
 .ctors         0x00000078        0x2 ./littleNerd.o
 .ctors         0x0000007a        0x2 ./littleNerdHW.o
 .ctors         0x0000007c        0x2 /Users/dasvaclav/Documents/workspace/arduino-base/Release/libarduino-base.a(HardwareSerial.o)
                0x0000007e                __ctors_end = .
                0x0000007e                __dtors_start = .
 *(.dtors)
                0x0000007e                __dtors_end = .
 SORT(*)(.ctors)
 SORT(*)(.dtors)
 *(.init0)
 .init0         0x0000007e        0x0 /usr/local/CrossPack-AVR-20131216/lib/gcc/avr/4.8.1/../../../../avr/lib/avr5/crtm328p.o
                0x0000007e                __init
 *(.init0)
 *(.init1)
 *(.init1)
 *(.init2)
 .init2         0x0000007e        0xc /usr/local/CrossPack-AVR-20131216/lib/gcc/avr/4.8.1/../../../../avr/lib/avr5/crtm328p.o
 *(.init2)
 *(.init3)
 *(.init3)
 *(.init4)
 .init4         0x0000008a       0x16 /usr/local/CrossPack-AVR-20131216/lib/gcc/avr/4.8.1/avr5/libgcc.a(_copy_data.o)
                0x0000008a                __do_copy_data
 .init4         0x000000a0       0x10 /usr/local/CrossPack-AVR-20131216/lib/gcc/avr/4.8.1/avr5/libgcc.a(_clear_bss.o)
                0x000000a0                __do_clear_bss
 *(.init4)
 *(.init5)
 *(.init5)
 *(.init6)
 .init6         0x000000b0       0x16 /usr/local/CrossPack-AVR-20131216/lib/gcc/avr/4.8.1/avr5/libgcc.a(_ctors.o)
                0x000000b0                __do_global_ctors
 *(.init6)
 *(.init7)
 *(.init7)
 *(.init8)
 *(.init8)
 *(.init9)
 .init9         0x000000c6        0x8 /usr/local/CrossPack-AVR-20131216/lib/gcc/avr/4.8.1/../../../../avr/lib/avr5/crtm328p.o
 *(.init9)
 *(.text)
 .text          0x000000ce        0x2 /usr/local/CrossPack-AVR-20131216/lib/gcc/avr/4.8.1/../../../../avr/lib/avr5/crtm328p.o
                0x000000ce                __vector_20
                0x000000ce                __vector_1
                0x000000ce                __vector_24
                0x000000ce                __vector_12
                0x000000ce                __bad_interrupt
                0x000000ce                __vector_6
                0x000000ce                __vector_3
                0x000000ce                __vector_23
                0x000000ce                __vector_25
                0x000000ce                __vector_11
                0x000000ce                __vector_13
                0x000000ce                __vector_17
                0x000000ce                __vector_5
                0x000000ce                __vector_4
                0x000000ce                __vector_9
                0x000000ce                __vector_2
                0x000000ce                __vector_21
                0x000000ce                __vector_15
                0x000000ce                __vector_8
                0x000000ce                __vector_14
                0x000000ce                __vector_10
                0x000000ce                __vector_22
                0x000000d0                . = ALIGN (0x2)
 *(.text.*)
 .text._ZN6euclid16generateSequenceEhh
                0x000000d0      0x13e ./euclid.o
                0x000000d0                _ZN6euclid16generateSequenceEhh
 .text._ZN6euclid14getCurrentStepEv
                0x0000020e        0xc ./euclid.o
                0x0000020e                _ZN6euclid14getCurrentStepEv
 .text._ZN6euclid6doStepEv
                0x0000021a       0x14 ./euclid.o
                0x0000021a                _ZN6euclid6doStepEv
 .text._ZN10eventDelay4initEPFvhhE
                0x0000022e        0xe ./eventDelay.o
                0x0000022e                _ZN10eventDelay4initEPFvhhE
 .text._ZN10eventDelay11createEventEhhm
                0x0000023c       0xb2 ./eventDelay.o
                0x0000023c                _ZN10eventDelay11createEventEhhm
 .text._ZN10eventDelay15shiftTimeBufferEbh
                0x000002ee       0x94 ./eventDelay.o
                0x000002ee                _ZN10eventDelay15shiftTimeBufferEbh
 .text._ZN10eventDelay15shiftTypeBufferEbh
                0x00000382       0x54 ./eventDelay.o
                0x00000382                _ZN10eventDelay15shiftTypeBufferEbh
 .text._ZN10eventDelay6updateEm
                0x000003d6       0xda ./eventDelay.o
                0x000003d6                _ZN10eventDelay6updateEm
 .text._ZN11eventMemory6updateEm
                0x000004b0      0x12a ./eventMemory.o
                0x000004b0                _ZN11eventMemory6updateEm
 .text._ZN11eventMemory11createEventEhhhm
                0x000005da       0x96 ./eventMemory.o
                0x000005da                _ZN11eventMemory11createEventEhhhm
 .text._ZN11eventMemory9recordingEv
                0x00000670        0xe ./eventMemory.o
                0x00000670                _ZN11eventMemory9recordingEv
 .text._ZN11eventMemory7loopingEv
                0x0000067e        0xe ./eventMemory.o
                0x0000067e                _ZN11eventMemory7loopingEv
 .text._Z4saveh
                0x0000068c       0x84 ./littleNerd.o
                0x0000068c                _Z4saveh
 .text._Z4loadh
                0x00000710       0x84 ./littleNerd.o
                0x00000710                _Z4loadh
 .text.setup    0x00000794       0x2e ./littleNerd.o
                0x00000794                setup
 .text.startup._GLOBAL__sub_I_main
                0x000007c2       0x10 ./littleNerd.o
 .text._Z19setAndRecordTriggerhN12littleNerdHW12TriggerStateEh
                0x000007d2       0x94 ./littleNerd.o
                0x000007d2                _Z19setAndRecordTriggerhN12littleNerdHW12TriggerStateEh
 .text._Z11handleEventhhh
                0x00000866       0x20 ./littleNerd.o
                0x00000866                _Z11handleEventhhh
 .text._Z8eventNowhh
                0x00000886        0x4 ./littleNerd.o
                0x00000886                _Z8eventNowhh
 .text._Z16renderMultiplierh
                0x0000088a      0x1d0 ./littleNerd.o
                0x0000088a                _Z16renderMultiplierh
 .text._Z14clockInChannelh
                0x00000a5a      0x526 ./littleNerd.o
                0x00000a5a                _Z14clockInChannelh
 .text._Z13renderClockInh
                0x00000f80       0x1c ./littleNerd.o
                0x00000f80                _Z13renderClockInh
 .text._Z9clockCallh
                0x00000f9c       0x54 ./littleNerd.o
                0x00000f9c                _Z9clockCallh
 .text._Z9renderOsch
                0x00000ff0      0x144 ./littleNerd.o
                0x00000ff0                _Z9renderOsch
 .text._Z13renderChannelh
                0x00001134       0x18 ./littleNerd.o
                0x00001134                _Z13renderChannelh
 .text._Z19renderNumberDisplayhh
                0x0000114c      0x1b8 ./littleNerd.o
                0x0000114c                _Z19renderNumberDisplayhh
 .text._Z10buttonCallh
                0x00001304      0x11a ./littleNerd.o
                0x00001304                _Z10buttonCallh
 .text.loop     0x0000141e      0x1fa ./littleNerd.o
                0x0000141e                loop
 .text.startup.main
                0x00001618        0x8 ./littleNerd.o
                0x00001618                main
 .text._ZN12littleNerdHW6setLEDEhhh
                0x00001620        0x2 ./littleNerdHW.o
                0x00001620                _ZN12littleNerdHW6setLEDEhhh
 .text._ZN12littleNerdHW9writeSRAMElh
                0x00001622        0x2 ./littleNerdHW.o
                0x00001622                _ZN12littleNerdHW9writeSRAMElh
 .text._ZN12littleNerdHW9writeSRAMElPhj
                0x00001624        0x2 ./littleNerdHW.o
                0x00001624                _ZN12littleNerdHW9writeSRAMElPhj
 .text._ZN12littleNerdHW8readSRAMEl
                0x00001626        0x4 ./littleNerdHW.o
                0x00001626                _ZN12littleNerdHW8readSRAMEl
 .text._ZN12littleNerdHW8readSRAMElPhj
                0x0000162a        0x2 ./littleNerdHW.o
                0x0000162a                _ZN12littleNerdHW8readSRAMElPhj
 .text._ZN12littleNerdHW10readEEPROMEhPhj
                0x0000162c        0x2 ./littleNerdHW.o
                0x0000162c                _ZN12littleNerdHW10readEEPROMEhPhj
 .text._ZN12littleNerdHW16readEEPROMDirectEjPhj
                0x0000162e        0x2 ./littleNerdHW.o
                0x0000162e                _ZN12littleNerdHW16readEEPROMDirectEjPhj
 .text._ZN12littleNerdHW12isEEPROMBusyEv
                0x00001630        0x4 ./littleNerdHW.o
                0x00001630                _ZN12littleNerdHW12isEEPROMBusyEv
 .text._ZN12littleNerdHW6setLEDEhN8IHWLayer8LedStateE
                0x00001634        0x2 ./littleNerdHW.o
                0x00001634                _ZN12littleNerdHW6setLEDEhN8IHWLayer8LedStateE
 .text._ZN12littleNerdHW14getButtonStateEh
                0x00001636       0x10 ./littleNerdHW.o
                0x00001636                _ZN12littleNerdHW14getButtonStateEh
 .text._ZN12littleNerdHW12getKnobValueEh
                0x00001646        0xe ./littleNerdHW.o
                0x00001646                _ZN12littleNerdHW12getKnobValueEh
 .text._ZN12littleNerdHW21getElapsedBastlCyclesEv
                0x00001654        0xc ./littleNerdHW.o
                0x00001654                _ZN12littleNerdHW21getElapsedBastlCyclesEv
 .text._ZN12littleNerdHW23getBastlCyclesPerSecondEv
                0x00001660       0x10 ./littleNerdHW.o
                0x00001660                _ZN12littleNerdHW23getBastlCyclesPerSecondEv
 .text._ZN12shiftRegFast8serClkInEv
                0x00001670        0x6 ./littleNerdHW.o
                0x00001670                _ZN12shiftRegFast8serClkInEv
 .text._ZN12shiftRegFast10setDataBitEb
                0x00001676        0xc ./littleNerdHW.o
                0x00001676                _ZN12shiftRegFast10setDataBitEb
 .text._ZN14fastAnalogRead4initEv
                0x00001682       0x16 ./littleNerdHW.o
                0x00001682                _ZN14fastAnalogRead4initEv
 .text._ZN14fastAnalogRead14connectChannelEh
                0x00001698       0x36 ./littleNerdHW.o
                0x00001698                _ZN14fastAnalogRead14connectChannelEh
 .text._ZN14fastAnalogRead15startConversionEv
                0x000016ce        0xc ./littleNerdHW.o
                0x000016ce                _ZN14fastAnalogRead15startConversionEv
 .text._ZN14fastAnalogRead20isConversionFinishedEv
                0x000016da       0x10 ./littleNerdHW.o
                0x000016da                _ZN14fastAnalogRead20isConversionFinishedEv
 .text._ZN14fastAnalogRead19getConversionResultEv
                0x000016ea        0xe ./littleNerdHW.o
                0x000016ea                _ZN14fastAnalogRead19getConversionResultEv
 .text._ZN12littleNerdHW4initEPFvhES1_
                0x000016f8       0x66 ./littleNerdHW.o
                0x000016f8                _ZN12littleNerdHW4initEPFvhES1_
 .text._ZN12littleNerdHW8setColorEh
                0x0000175e       0x34 ./littleNerdHW.o
                0x0000175e                _ZN12littleNerdHW8setColorEh
 .text._ZN12littleNerdHW19compareButtonStatesEv
                0x00001792       0x38 ./littleNerdHW.o
                0x00001792                _ZN12littleNerdHW19compareButtonStatesEv
 .text._ZN12littleNerdHW17isr_updateButtonsEv
                0x000017ca       0x16 ./littleNerdHW.o
                0x000017ca                _ZN12littleNerdHW17isr_updateButtonsEv
 .text._ZN12littleNerdHW10setTriggerEhNS_12TriggerStateEj
                0x000017e0       0x5e ./littleNerdHW.o
                0x000017e0                _ZN12littleNerdHW10setTriggerEhNS_12TriggerStateEj
 .text._ZN12littleNerdHW15getTriggerStateEh
                0x0000183e       0x14 ./littleNerdHW.o
                0x0000183e                _ZN12littleNerdHW15getTriggerStateEh
 .text._ZN12littleNerdHW10freezeKnobEhh
                0x00001852       0x2a ./littleNerdHW.o
                0x00001852                _ZN12littleNerdHW10freezeKnobEhh
 .text._ZN12littleNerdHW12unfreezeKnobEh
                0x0000187c       0x24 ./littleNerdHW.o
                0x0000187c                _ZN12littleNerdHW12unfreezeKnobEh
 .text._ZN12littleNerdHW11knobFreezedEh
                0x000018a0       0x14 ./littleNerdHW.o
                0x000018a0                _ZN12littleNerdHW11knobFreezedEh
 .text._ZN12littleNerdHW9knobMovedEh
                0x000018b4       0x14 ./littleNerdHW.o
                0x000018b4                _ZN12littleNerdHW9knobMovedEh
 .text._ZN12littleNerdHW9inBetweenEhhh
                0x000018c8       0x1a ./littleNerdHW.o
                0x000018c8                _ZN12littleNerdHW9inBetweenEhhh
 .text._ZN12littleNerdHW15isr_updateKnobsEv
                0x000018e2       0xe4 ./littleNerdHW.o
                0x000018e2                _ZN12littleNerdHW15isr_updateKnobsEv
 .text._ZN12littleNerdHW23isr_updateTriggerStatesEv
                0x000019c6       0x9a ./littleNerdHW.o
                0x000019c6                _ZN12littleNerdHW23isr_updateTriggerStatesEv
 .text._ZN12littleNerdHW17isr_updateClockInEv
                0x00001a60       0x54 ./littleNerdHW.o
                0x00001a60                _ZN12littleNerdHW17isr_updateClockInEv
 .text.__vector_7
                0x00001ab4       0x78 ./littleNerdHW.o
                0x00001ab4                __vector_7
 .text.startup._GLOBAL__sub_I__ZN14fastAnalogRead4initEv
                0x00001b2c        0xe ./littleNerdHW.o
 .text._ZN11EEPROMClass4readEi
                0x00001b3a        0x4 /Users/dasvaclav/Documents/workspace/arduino-base/Release/libarduino-base.a(EEPROM.o)
                0x00001b3a                _ZN11EEPROMClass4readEi
 .text._ZN11EEPROMClass5writeEih
                0x00001b3e        0x6 /Users/dasvaclav/Documents/workspace/arduino-base/Release/libarduino-base.a(EEPROM.o)
                0x00001b3e                _ZN11EEPROMClass5writeEih
 .text._ZN14HardwareSerial9availableEv
                0x00001b44       0x20 /Users/dasvaclav/Documents/workspace/arduino-base/Release/libarduino-base.a(HardwareSerial.o)
                0x00001b44                _ZN14HardwareSerial9availableEv
 .text._ZN14HardwareSerial4peekEv
                0x00001b64       0x32 /Users/dasvaclav/Documents/workspace/arduino-base/Release/libarduino-base.a(HardwareSerial.o)
                0x00001b64                _ZN14HardwareSerial4peekEv
 .text._ZN14HardwareSerial4readEv
                0x00001b96       0x40 /Users/dasvaclav/Documents/workspace/arduino-base/Release/libarduino-base.a(HardwareSerial.o)
                0x00001b96                _ZN14HardwareSerial4readEv
 .text._ZN14HardwareSerial5flushEv
                0x00001bd6       0x16 /Users/dasvaclav/Documents/workspace/arduino-base/Release/libarduino-base.a(HardwareSerial.o)
                0x00001bd6                _ZN14HardwareSerial5flushEv
 .text._ZN14HardwareSerial5writeEh
                0x00001bec       0x7a /Users/dasvaclav/Documents/workspace/arduino-base/Release/libarduino-base.a(HardwareSerial.o)
                0x00001bec                _ZN14HardwareSerial5writeEh
 .text.__vector_18
                0x00001c66       0x74 /Users/dasvaclav/Documents/workspace/arduino-base/Release/libarduino-base.a(HardwareSerial.o)
                0x00001c66                __vector_18
 .text.__vector_19
                0x00001cda       0x76 /Users/dasvaclav/Documents/workspace/arduino-base/Release/libarduino-base.a(HardwareSerial.o)
                0x00001cda                __vector_19
 .text._ZN14HardwareSerial5beginEm
                0x00001d50       0xfe /Users/dasvaclav/Documents/workspace/arduino-base/Release/libarduino-base.a(HardwareSerial.o)
                0x00001d50                _ZN14HardwareSerial5beginEm
 .text.startup._GLOBAL__sub_I_rx_buffer
                0x00001e4e       0xac /Users/dasvaclav/Documents/workspace/arduino-base/Release/libarduino-base.a(HardwareSerial.o)
 .text._ZN5Print5writeEPKhj
                0x00001efa       0x50 /Users/dasvaclav/Documents/workspace/arduino-base/Release/libarduino-base.a(Print.o)
                0x00001efa                _ZN5Print5writeEPKhj
 .text._Z6randoml
                0x00001f4a       0x44 /Users/dasvaclav/Documents/workspace/arduino-base/Release/libarduino-base.a(WMath.o)
                0x00001f4a                _Z6randoml
 .text.__vector_16
                0x00001f8e       0x94 /Users/dasvaclav/Documents/workspace/arduino-base/Release/libarduino-base.a(wiring.o)
                0x00001f8e                __vector_16
 .text.init     0x00002022       0x76 /Users/dasvaclav/Documents/workspace/arduino-base/Release/libarduino-base.a(wiring.o)
                0x00002022                init
 .text.avr-libc
                0x00002098       0xac /usr/local/CrossPack-AVR-20131216/lib/gcc/avr/4.8.1/../../../../avr/lib/avr5/libc.a(random.o)
                0x0000212a                random_r
                0x0000212c                random
                0x00002132                srandom
 .text.avr-libc
                0x00002144        0x4 /usr/local/CrossPack-AVR-20131216/lib/gcc/avr/4.8.1/../../../../avr/lib/avr5/libc.a(exit.o)
                0x00002144                exit
 .text.avr-libc.fplib
                0x00002148        0xa /usr/local/CrossPack-AVR-20131216/lib/gcc/avr/4.8.1/../../../../avr/lib/avr5/libc.a(addsf3.o)
                0x00002148                __subsf3
                0x0000214a                __addsf3
 .text.avr-libc.fplib
                0x00002152       0xc0 /usr/local/CrossPack-AVR-20131216/lib/gcc/avr/4.8.1/../../../../avr/lib/avr5/libc.a(addsf3x.o)
                0x0000216c                __addsf3x
 .text.avr-libc.fplib
                0x00002212        0x8 /usr/local/CrossPack-AVR-20131216/lib/gcc/avr/4.8.1/../../../../avr/lib/avr5/libc.a(cmpsf2.o)
                0x00002212                __lesf2
                0x00002212                __nesf2
                0x00002212                __eqsf2
                0x00002212                __cmpsf2
                0x00002212                __ltsf2
 .text.avr-libc.fplib
                0x0000221a        0x4 /usr/local/CrossPack-AVR-20131216/lib/gcc/avr/4.8.1/../../../../avr/lib/avr5/libc.a(divsf3.o)
                0x0000221a                __divsf3
 .text.avr-libc.fplib
                0x0000221e       0xcc /usr/local/CrossPack-AVR-20131216/lib/gcc/avr/4.8.1/../../../../avr/lib/avr5/libc.a(divsf3x.o)
                0x00002234                __divsf3x
                0x00002238                __divsf3_pse
 .text.avr-libc.fplib
                0x000022ea        0xa /usr/local/CrossPack-AVR-20131216/lib/gcc/avr/4.8.1/../../../../avr/lib/avr5/libc.a(fixsfsi.o)
                0x000022ea                __fixsfsi
 .text.avr-libc.fplib
                0x000022f4       0x58 /usr/local/CrossPack-AVR-20131216/lib/gcc/avr/4.8.1/../../../../avr/lib/avr5/libc.a(fixunssfsi.o)
                0x000022f4                __fixunssfsi
 .text.avr-libc.fplib
                0x0000234c       0x7a /usr/local/CrossPack-AVR-20131216/lib/gcc/avr/4.8.1/../../../../avr/lib/avr5/libc.a(floatsisf.o)
                0x0000234c                __floatunsisf
                0x00002350                __floatsisf
 .text.avr-libc.fplib
                0x000023c6       0x48 /usr/local/CrossPack-AVR-20131216/lib/gcc/avr/4.8.1/../../../../avr/lib/avr5/libc.a(fp_cmp.o)
                0x000023c6                __fp_cmp
 .text.avr-libc.fplib
                0x0000240e        0xc /usr/local/CrossPack-AVR-20131216/lib/gcc/avr/4.8.1/../../../../avr/lib/avr5/libc.a(fp_inf.o)
                0x0000240e                __fp_inf
 .text.avr-libc.fplib
                0x0000241a        0x6 /usr/local/CrossPack-AVR-20131216/lib/gcc/avr/4.8.1/../../../../avr/lib/avr5/libc.a(fp_nan.o)
                0x0000241a                __fp_nan
 .text.avr-libc.fplib
                0x00002420        0xe /usr/local/CrossPack-AVR-20131216/lib/gcc/avr/4.8.1/../../../../avr/lib/avr5/libc.a(fp_pscA.o)
                0x00002420                __fp_pscA
 .text.avr-libc.fplib
                0x0000242e        0xe /usr/local/CrossPack-AVR-20131216/lib/gcc/avr/4.8.1/../../../../avr/lib/avr5/libc.a(fp_pscB.o)
                0x0000242e                __fp_pscB
 .text.avr-libc.fplib
                0x0000243c       0x22 /usr/local/CrossPack-AVR-20131216/lib/gcc/avr/4.8.1/../../../../avr/lib/avr5/libc.a(fp_round.o)
                0x0000243c                __fp_round
 .text.avr-libc.fplib
                0x0000245e       0x44 /usr/local/CrossPack-AVR-20131216/lib/gcc/avr/4.8.1/../../../../avr/lib/avr5/libc.a(fp_split3.o)
                0x0000245e                __fp_split3
                0x0000246e                __fp_splitA
 .text.avr-libc.fplib
                0x000024a2        0xe /usr/local/CrossPack-AVR-20131216/lib/gcc/avr/4.8.1/../../../../avr/lib/avr5/libc.a(fp_zero.o)
                0x000024a2                __fp_zero
                0x000024a4                __fp_szero
 .text.avr-libc.fplib
                0x000024b0        0x8 /usr/local/CrossPack-AVR-20131216/lib/gcc/avr/4.8.1/../../../../avr/lib/avr5/libc.a(gesf2.o)
                0x000024b0                __gtsf2
                0x000024b0                __gesf2
 .text.avr-libc.fplib
                0x000024b8        0x4 /usr/local/CrossPack-AVR-20131216/lib/gcc/avr/4.8.1/../../../../avr/lib/avr5/libc.a(mulsf3.o)
                0x000024b8                __mulsf3
 .text.avr-libc.fplib
                0x000024bc       0xc2 /usr/local/CrossPack-AVR-20131216/lib/gcc/avr/4.8.1/../../../../avr/lib/avr5/libc.a(mulsf3x.o)
                0x000024d0                __mulsf3x
                0x000024d4                __mulsf3_pse
 .text.avr-libc
                0x0000257e       0x10 /usr/local/CrossPack-AVR-20131216/lib/gcc/avr/4.8.1/../../../../avr/lib/avr5/libc.a(eerd_byte_atmega328p.o)
                0x0000257e                __eerd_byte_m328p
 .text.avr-libc
                0x0000258e       0x1c /usr/local/CrossPack-AVR-20131216/lib/gcc/avr/4.8.1/../../../../avr/lib/avr5/libc.a(eewr_byte_atmega328p.o)
                0x0000258e                __eewr_byte_m328p
                0x00002590                __eewr_r18_m328p
 .text.libgcc.div
                0x000025aa       0x28 /usr/local/CrossPack-AVR-20131216/lib/gcc/avr/4.8.1/avr5/libgcc.a(_udivmodhi4.o)
                0x000025aa                __udivmodhi4
 .text.libgcc.div
                0x000025d2       0x44 /usr/local/CrossPack-AVR-20131216/lib/gcc/avr/4.8.1/avr5/libgcc.a(_udivmodsi4.o)
                0x000025d2                __udivmodsi4
 .text.libgcc.div
                0x00002616       0x28 /usr/local/CrossPack-AVR-20131216/lib/gcc/avr/4.8.1/avr5/libgcc.a(_divmodsi4.o)
                0x00002616                __divmodsi4
 .text.libgcc.div
                0x0000263e       0x10 /usr/local/CrossPack-AVR-20131216/lib/gcc/avr/4.8.1/avr5/libgcc.a(_negsi2.o)
                0x0000263e                __negsi2
 .text.libgcc   0x0000264e        0xc /usr/local/CrossPack-AVR-20131216/lib/gcc/avr/4.8.1/avr5/libgcc.a(_tablejump.o)
                0x0000264e                __tablejump2__
                0x00002652                __tablejump__
 .text.libgcc.mul
                0x0000265a        0xc /usr/local/CrossPack-AVR-20131216/lib/gcc/avr/4.8.1/avr5/libgcc.a(_mulhisi3.o)
                0x0000265a                __mulhisi3
 .text.libgcc.mul
                0x00002666       0x1e /usr/local/CrossPack-AVR-20131216/lib/gcc/avr/4.8.1/avr5/libgcc.a(_umulhisi3.o)
                0x00002666                __umulhisi3
 .text.libgcc.mul
                0x00002684        0xc /usr/local/CrossPack-AVR-20131216/lib/gcc/avr/4.8.1/avr5/libgcc.a(_usmulhisi3.o)
                0x00002684                __usmulhisi3
                0x00002686                __usmulhisi3_tail
 .text.libgcc.mul
                0x00002690       0x14 /usr/local/CrossPack-AVR-20131216/lib/gcc/avr/4.8.1/avr5/libgcc.a(_muluhisi3.o)
                0x00002690                __muluhisi3
 .text.libgcc.mul
                0x000026a4        0xc /usr/local/CrossPack-AVR-20131216/lib/gcc/avr/4.8.1/avr5/libgcc.a(_mulshisi3.o)
                0x000026a4                __mulshisi3
                0x000026a8                __mulohisi3
                0x000026b0                . = ALIGN (0x2)
 *(.fini9)
 .fini9         0x000026b0        0x0 /usr/local/CrossPack-AVR-20131216/lib/gcc/avr/4.8.1/avr5/libgcc.a(_exit.o)
                0x000026b0                _exit
 *(.fini9)
 *(.fini8)
 *(.fini8)
 *(.fini7)
 *(.fini7)
 *(.fini6)
 *(.fini6)
 *(.fini5)
 *(.fini5)
 *(.fini4)
 *(.fini4)
 *(.fini3)
 *(.fini3)
 *(.fini2)
 *(.fini2)
 *(.fini1)
 *(.fini1)
 *(.fini0)
 .fini0         0x000026b0        0x4 /usr/local/CrossPack-AVR-20131216/lib/gcc/avr/4.8.1/avr5/libgcc.a(_exit.o)
 *(.fini0)
                0x000026b4                _etext = .

.data           0x00800100       0x54 load address 0x000026b4
                0x00800100                PROVIDE (__data_start, .)
 *(.data)
 .data          0x00800100        0x0 /usr/local/CrossPack-AVR-20131216/lib/gcc/avr/4.8.1/../../../../avr/lib/avr5/crtm328p.o
 .data          0x00800100        0x0 ./euclid.o
 .data          0x00800100        0x0 ./eventDelay.o
 .data          0x00800100        0x0 ./eventMemory.o
 .data          0x00800100        0x0 ./littleNerd.o
 .data          0x00800100        0x0 ./littleNerdHW.o
 .data          0x00800100        0x0 /Users/dasvaclav/Documents/workspace/arduino-base/Release/libarduino-base.a(EEPROM.o)
 .data          0x00800100        0x0 /Users/dasvaclav/Documents/workspace/arduino-base/Release/libarduino-base.a(HardwareSerial.o)
 .data          0x00800100        0x0 /Users/dasvaclav/Documents/workspace/arduino-base/Release/libarduino-base.a(Print.o)
 .data          0x00800100        0x0 /Users/dasvaclav/Documents/workspace/arduino-base/Release/libarduino-base.a(WMath.o)
 .data          0x00800100        0x0 /Users/dasvaclav/Documents/workspace/arduino-base/Release/libarduino-base.a(WString.o)
 .data          0x00800100        0x0 /Users/dasvaclav/Documents/workspace/arduino-base/Release/libarduino-base.a(new.o)
 .data          0x00800100        0x0 /Users/dasvaclav/Documents/workspace/arduino-base/Release/libarduino-base.a(wiring.o)
 .data          0x00800100        0x0 /Users/dasvaclav/Documents/workspace/arduino-base/Release/libarduino-base.a(malloc.o)
 .data          0x00800100        0x0 /Users/dasvaclav/Documents/workspace/arduino-base/Release/libarduino-base.a(realloc.o)
 .data          0x00800100        0x4 /usr/local/CrossPack-AVR-20131216/lib/gcc/avr/4.8.1/../../../../avr/lib/avr5/libc.a(random.o)
 .data          0x00800104        0x0 /usr/local/CrossPack-AVR-20131216/lib/gcc/avr/4.8.1/../../../../avr/lib/avr5/libc.a(atol.o)
 .data          0x00800104        0x0 /usr/local/CrossPack-AVR-20131216/lib/gcc/avr/4.8.1/../../../../avr/lib/avr5/libc.a(exit.o)
 .data          0x00800104        0x0 /usr/local/CrossPack-AVR-20131216/lib/gcc/avr/4.8.1/../../../../avr/lib/avr5/libc.a(isspace.o)
 .data          0x00800104        0x0 /usr/local/CrossPack-AVR-20131216/lib/gcc/avr/4.8.1/../../../../avr/lib/avr5/libc.a(tolower.o)
 .data          0x00800104        0x0 /usr/local/CrossPack-AVR-20131216/lib/gcc/avr/4.8.1/../../../../avr/lib/avr5/libc.a(toupper.o)
 .data          0x00800104        0x0 /usr/local/CrossPack-AVR-20131216/lib/gcc/avr/4.8.1/../../../../avr/lib/avr5/libc.a(memcpy.o)
 .data          0x00800104        0x0 /usr/local/CrossPack-AVR-20131216/lib/gcc/avr/4.8.1/../../../../avr/lib/avr5/libc.a(memmove.o)
 .data          0x00800104        0x0 /usr/local/CrossPack-AVR-20131216/lib/gcc/avr/4.8.1/../../../../avr/lib/avr5/libc.a(strchr.o)
 .data          0x00800104        0x0 /usr/local/CrossPack-AVR-20131216/lib/gcc/avr/4.8.1/../../../../avr/lib/avr5/libc.a(strcmp.o)
 .data          0x00800104        0x0 /usr/local/CrossPack-AVR-20131216/lib/gcc/avr/4.8.1/../../../../avr/lib/avr5/libc.a(strcpy.o)
 .data          0x00800104        0x0 /usr/local/CrossPack-AVR-20131216/lib/gcc/avr/4.8.1/../../../../avr/lib/avr5/libc.a(strncmp.o)
 .data          0x00800104        0x0 /usr/local/CrossPack-AVR-20131216/lib/gcc/avr/4.8.1/../../../../avr/lib/avr5/libc.a(strncpy.o)
 .data          0x00800104        0x0 /usr/local/CrossPack-AVR-20131216/lib/gcc/avr/4.8.1/../../../../avr/lib/avr5/libc.a(strrchr.o)
 .data          0x00800104        0x0 /usr/local/CrossPack-AVR-20131216/lib/gcc/avr/4.8.1/../../../../avr/lib/avr5/libc.a(strstr.o)
 .data          0x00800104        0x0 /usr/local/CrossPack-AVR-20131216/lib/gcc/avr/4.8.1/../../../../avr/lib/avr5/libc.a(itoa.o)
 .data          0x00800104        0x0 /usr/local/CrossPack-AVR-20131216/lib/gcc/avr/4.8.1/../../../../avr/lib/avr5/libc.a(itoa_ncheck.o)
 .data          0x00800104        0x0 /usr/local/CrossPack-AVR-20131216/lib/gcc/avr/4.8.1/../../../../avr/lib/avr5/libc.a(ltoa.o)
 .data          0x00800104        0x0 /usr/local/CrossPack-AVR-20131216/lib/gcc/avr/4.8.1/../../../../avr/lib/avr5/libc.a(ltoa_ncheck.o)
 .data          0x00800104        0x0 /usr/local/CrossPack-AVR-20131216/lib/gcc/avr/4.8.1/../../../../avr/lib/avr5/libc.a(mulsi10.o)
 .data          0x00800104        0x0 /usr/local/CrossPack-AVR-20131216/lib/gcc/avr/4.8.1/../../../../avr/lib/avr5/libc.a(ultoa.o)
 .data          0x00800104        0x0 /usr/local/CrossPack-AVR-20131216/lib/gcc/avr/4.8.1/../../../../avr/lib/avr5/libc.a(ultoa_ncheck.o)
 .data          0x00800104        0x0 /usr/local/CrossPack-AVR-20131216/lib/gcc/avr/4.8.1/../../../../avr/lib/avr5/libc.a(utoa.o)
 .data          0x00800104        0x0 /usr/local/CrossPack-AVR-20131216/lib/gcc/avr/4.8.1/../../../../avr/lib/avr5/libc.a(utoa_ncheck.o)
 .data          0x00800104        0x0 /usr/local/CrossPack-AVR-20131216/lib/gcc/avr/4.8.1/../../../../avr/lib/avr5/libc.a(addsf3.o)
 .data          0x00800104        0x0 /usr/local/CrossPack-AVR-20131216/lib/gcc/avr/4.8.1/../../../../avr/lib/avr5/libc.a(addsf3x.o)
 .data          0x00800104        0x0 /usr/local/CrossPack-AVR-20131216/lib/gcc/avr/4.8.1/../../../../avr/lib/avr5/libc.a(cmpsf2.o)
 .data          0x00800104        0x0 /usr/local/CrossPack-AVR-20131216/lib/gcc/avr/4.8.1/../../../../avr/lib/avr5/libc.a(divsf3.o)
 .data          0x00800104        0x0 /usr/local/CrossPack-AVR-20131216/lib/gcc/avr/4.8.1/../../../../avr/lib/avr5/libc.a(divsf3x.o)
 .data          0x00800104        0x0 /usr/local/CrossPack-AVR-20131216/lib/gcc/avr/4.8.1/../../../../avr/lib/avr5/libc.a(fixsfsi.o)
 .data          0x00800104        0x0 /usr/local/CrossPack-AVR-20131216/lib/gcc/avr/4.8.1/../../../../avr/lib/avr5/libc.a(fixunssfsi.o)
 .data          0x00800104        0x0 /usr/local/CrossPack-AVR-20131216/lib/gcc/avr/4.8.1/../../../../avr/lib/avr5/libc.a(floatsisf.o)
 .data          0x00800104        0x0 /usr/local/CrossPack-AVR-20131216/lib/gcc/avr/4.8.1/../../../../avr/lib/avr5/libc.a(fp_cmp.o)
 .data          0x00800104        0x0 /usr/local/CrossPack-AVR-20131216/lib/gcc/avr/4.8.1/../../../../avr/lib/avr5/libc.a(fp_inf.o)
 .data          0x00800104        0x0 /usr/local/CrossPack-AVR-20131216/lib/gcc/avr/4.8.1/../../../../avr/lib/avr5/libc.a(fp_nan.o)
 .data          0x00800104        0x0 /usr/local/CrossPack-AVR-20131216/lib/gcc/avr/4.8.1/../../../../avr/lib/avr5/libc.a(fp_pscA.o)
 .data          0x00800104        0x0 /usr/local/CrossPack-AVR-20131216/lib/gcc/avr/4.8.1/../../../../avr/lib/avr5/libc.a(fp_pscB.o)
 .data          0x00800104        0x0 /usr/local/CrossPack-AVR-20131216/lib/gcc/avr/4.8.1/../../../../avr/lib/avr5/libc.a(fp_round.o)
 .data          0x00800104        0x0 /usr/local/CrossPack-AVR-20131216/lib/gcc/avr/4.8.1/../../../../avr/lib/avr5/libc.a(fp_split3.o)
 .data          0x00800104        0x0 /usr/local/CrossPack-AVR-20131216/lib/gcc/avr/4.8.1/../../../../avr/lib/avr5/libc.a(fp_zero.o)
 .data          0x00800104        0x0 /usr/local/CrossPack-AVR-20131216/lib/gcc/avr/4.8.1/../../../../avr/lib/avr5/libc.a(gesf2.o)
 .data          0x00800104        0x0 /usr/local/CrossPack-AVR-20131216/lib/gcc/avr/4.8.1/../../../../avr/lib/avr5/libc.a(mulsf3.o)
 .data          0x00800104        0x0 /usr/local/CrossPack-AVR-20131216/lib/gcc/avr/4.8.1/../../../../avr/lib/avr5/libc.a(mulsf3x.o)
 .data          0x00800104        0x0 /usr/local/CrossPack-AVR-20131216/lib/gcc/avr/4.8.1/../../../../avr/lib/avr5/libc.a(unordsf2.o)
 .data          0x00800104        0x0 /usr/local/CrossPack-AVR-20131216/lib/gcc/avr/4.8.1/../../../../avr/lib/avr5/libc.a(eerd_byte_atmega328p.o)
 .data          0x00800104        0x0 /usr/local/CrossPack-AVR-20131216/lib/gcc/avr/4.8.1/../../../../avr/lib/avr5/libc.a(eewr_byte_atmega328p.o)
 .data          0x00800104        0x0 /usr/local/CrossPack-AVR-20131216/lib/gcc/avr/4.8.1/../../../../avr/lib/avr5/libc.a(cty_isfalse.o)
 .data          0x00800104        0x0 /usr/local/CrossPack-AVR-20131216/lib/gcc/avr/4.8.1/../../../../avr/lib/avr5/libc.a(strrev.o)
 .data          0x00800104        0x0 /usr/local/CrossPack-AVR-20131216/lib/gcc/avr/4.8.1/avr5/libgcc.a(_mulsi3.o)
 .data          0x00800104        0x0 /usr/local/CrossPack-AVR-20131216/lib/gcc/avr/4.8.1/avr5/libgcc.a(_udivmodhi4.o)
 .data          0x00800104        0x0 /usr/local/CrossPack-AVR-20131216/lib/gcc/avr/4.8.1/avr5/libgcc.a(_udivmodsi4.o)
 .data          0x00800104        0x0 /usr/local/CrossPack-AVR-20131216/lib/gcc/avr/4.8.1/avr5/libgcc.a(_divmodsi4.o)
 .data          0x00800104        0x0 /usr/local/CrossPack-AVR-20131216/lib/gcc/avr/4.8.1/avr5/libgcc.a(_negsi2.o)
 .data          0x00800104        0x0 /usr/local/CrossPack-AVR-20131216/lib/gcc/avr/4.8.1/avr5/libgcc.a(_exit.o)
 .data          0x00800104        0x0 /usr/local/CrossPack-AVR-20131216/lib/gcc/avr/4.8.1/avr5/libgcc.a(_tablejump.o)
 .data          0x00800104        0x0 /usr/local/CrossPack-AVR-20131216/lib/gcc/avr/4.8.1/avr5/libgcc.a(_copy_data.o)
 .data          0x00800104        0x0 /usr/local/CrossPack-AVR-20131216/lib/gcc/avr/4.8.1/avr5/libgcc.a(_clear_bss.o)
 .data          0x00800104        0x0 /usr/local/CrossPack-AVR-20131216/lib/gcc/avr/4.8.1/avr5/libgcc.a(_ctors.o)
 .data          0x00800104        0x0 /usr/local/CrossPack-AVR-20131216/lib/gcc/avr/4.8.1/avr5/libgcc.a(_mulhisi3.o)
 .data          0x00800104        0x0 /usr/local/CrossPack-AVR-20131216/lib/gcc/avr/4.8.1/avr5/libgcc.a(_umulhisi3.o)
 .data          0x00800104        0x0 /usr/local/CrossPack-AVR-20131216/lib/gcc/avr/4.8.1/avr5/libgcc.a(_usmulhisi3.o)
 .data          0x00800104        0x0 /usr/local/CrossPack-AVR-20131216/lib/gcc/avr/4.8.1/avr5/libgcc.a(_muluhisi3.o)
 .data          0x00800104        0x0 /usr/local/CrossPack-AVR-20131216/lib/gcc/avr/4.8.1/avr5/libgcc.a(_mulshisi3.o)
 *(.data*)
 .data.parameter
                0x00800104        0xc ./littleNerd.o
                0x00800104                parameter
 .data.channelMode
                0x00800110        0x6 ./littleNerd.o
                0x00800110                channelMode
 .data.selectedChannel
                0x00800116        0x1 ./littleNerd.o
                0x00800116                selectedChannel
 .data.analogPin
                0x00800117        0x6 ./littleNerdHW.o
                0x00800117                analogPin
 .data.colorBit
                0x0080011d        0x8 ./littleNerdHW.o
                0x0080011d                colorBit
 *(.rodata)
 *(.rodata*)
 .rodata._ZTV12littleNerdHW
                0x00800125       0x1e ./littleNerdHW.o
                0x00800125                _ZTV12littleNerdHW
 .rodata._ZTV14HardwareSerial
                0x00800143       0x10 /Users/dasvaclav/Documents/workspace/arduino-base/Release/libarduino-base.a(HardwareSerial.o)
                0x00800143                _ZTV14HardwareSerial
 *(.gnu.linkonce.d*)
                0x00800154                . = ALIGN (0x2)
 *fill*         0x00800153        0x1 
                0x00800154                _edata = .
                0x00800154                PROVIDE (__data_end, .)

.bss            0x00800154      0x523
                0x00800154                PROVIDE (__bss_start, .)
 *(.bss)
 *(.bss*)
 .bss._ZZ9clockCallhE13nextClockFrom
                0x00800154        0x1 ./littleNerd.o
 .bss.color     0x00800155        0x1 ./littleNerd.o
                0x00800155                color
 .bss.rainbow   0x00800156        0x1 ./littleNerd.o
                0x00800156                rainbow
 .bss.timeNow   0x00800157        0x4 ./littleNerd.o
                0x00800157                timeNow
 .bss.probability
                0x0080015b        0x1 ./littleNerd.o
                0x0080015b                probability
 .bss.counterLeft
                0x0080015c        0x6 ./littleNerd.o
                0x0080015c                counterLeft
 .bss.offset    0x00800162       0x18 ./littleNerd.o
                0x00800162                offset
 .bss.divider   0x0080017a        0x1 ./littleNerd.o
                0x0080017a                divider
 .bss.bothTime  0x0080017b        0x4 ./littleNerd.o
                0x0080017b                bothTime
 .bss.show      0x0080017f        0x1 ./littleNerd.o
                0x0080017f                show
 .bss.showTime  0x00800180        0x4 ./littleNerd.o
                0x00800180                showTime
 .bss.currentPreset
                0x00800184        0x1 ./littleNerd.o
                0x00800184                currentPreset
 .bss.flop      0x00800185        0x6 ./littleNerd.o
                0x00800185                flop
 .bss.counter   0x0080018b        0xc ./littleNerd.o
                0x0080018b                counter
 .bss.lastChannelTime
                0x00800197       0x18 ./littleNerd.o
                0x00800197                lastChannelTime
 .bss.channelTime
                0x008001af       0x18 ./littleNerd.o
                0x008001af                channelTime
 .bss.lastClockInTime
                0x008001c7       0x18 ./littleNerd.o
                0x008001c7                lastClockInTime
 .bss.clockInTime
                0x008001df       0x18 ./littleNerd.o
                0x008001df                clockInTime
 .bss.editMode  0x008001f7        0x1 ./littleNerd.o
                0x008001f7                editMode
 .bss.memory    0x008001f8      0x151 ./littleNerd.o
                0x008001f8                memory
 .bss.euclidian
                0x00800349       0xd2 ./littleNerd.o
                0x00800349                euclidian
 .bss.dly       0x0080041b      0x147 ./littleNerd.o
                0x0080041b                dly
 .bss.vol       0x00800562       0x19 ./littleNerd.o
                0x00800562                vol
 .bss.card      0x0080057b        0x5 ./littleNerd.o
                0x0080057b                card
 .bss._ZZN12littleNerdHW17isr_updateClockInEvE12clockInState
                0x00800580        0x2 ./littleNerdHW.o
 .bss.hardware  0x00800582       0x41 ./littleNerdHW.o
                0x00800582                hardware
 .bss.EEPROM    0x008005c3        0x1 /Users/dasvaclav/Documents/workspace/arduino-base/Release/libarduino-base.a(EEPROM.o)
                0x008005c3                EEPROM
 .bss.Serial    0x008005c4       0x22 /Users/dasvaclav/Documents/workspace/arduino-base/Release/libarduino-base.a(HardwareSerial.o)
                0x008005c4                Serial
 .bss.tx_buffer
                0x008005e6       0x44 /Users/dasvaclav/Documents/workspace/arduino-base/Release/libarduino-base.a(HardwareSerial.o)
                0x008005e6                tx_buffer
 .bss.rx_buffer
                0x0080062a       0x44 /Users/dasvaclav/Documents/workspace/arduino-base/Release/libarduino-base.a(HardwareSerial.o)
                0x0080062a                rx_buffer
 .bss.timer0_fract
                0x0080066e        0x1 /Users/dasvaclav/Documents/workspace/arduino-base/Release/libarduino-base.a(wiring.o)
 .bss.timer0_millis
                0x0080066f        0x4 /Users/dasvaclav/Documents/workspace/arduino-base/Release/libarduino-base.a(wiring.o)
                0x0080066f                timer0_millis
 .bss.timer0_overflow_count
                0x00800673        0x4 /Users/dasvaclav/Documents/workspace/arduino-base/Release/libarduino-base.a(wiring.o)
                0x00800673                timer0_overflow_count
 *(COMMON)
                0x00800677                PROVIDE (__bss_end, .)
                0x000026b4                __data_load_start = LOADADDR (.data)
                0x00002708                __data_load_end = (__data_load_start + SIZEOF (.data))

.noinit         0x00800677        0x0
                0x00800677                PROVIDE (__noinit_start, .)
 *(.noinit*)
                0x00800677                PROVIDE (__noinit_end, .)
                0x00800677                _end = .
                0x00800677                PROVIDE (__heap_start, .)

.eeprom         0x00810000        0x0
 *(.eeprom*)
                0x00810000                __eeprom_end = .

.fuse
 *(.fuse)
 *(.lfuse)
 *(.hfuse)
 *(.efuse)

.lock
 *(.lock*)

.signature
 *(.signature*)

.user_signatures
 *(.user_signatures*)

.stab
 *(.stab)

.stabstr
 *(.stabstr)

.stab.excl
 *(.stab.excl)

.stab.exclstr
 *(.stab.exclstr)

.stab.index
 *(.stab.index)

.stab.indexstr
 *(.stab.indexstr)

.comment        0x00000000       0x11
 *(.comment)
 .comment       0x00000000       0x11 ./euclid.o
                                 0x12 (size before relaxing)
 .comment       0x00000000       0x12 ./eventDelay.o
 .comment       0x00000000       0x12 ./eventMemory.o
 .comment       0x00000000       0x12 ./littleNerd.o
 .comment       0x00000000       0x12 ./littleNerdHW.o
 .comment       0x00000000       0x12 /Users/dasvaclav/Documents/workspace/arduino-base/Release/libarduino-base.a(EEPROM.o)
 .comment       0x00000000       0x12 /Users/dasvaclav/Documents/workspace/arduino-base/Release/libarduino-base.a(HardwareSerial.o)
 .comment       0x00000000       0x12 /Users/dasvaclav/Documents/workspace/arduino-base/Release/libarduino-base.a(Print.o)
 .comment       0x00000000       0x12 /Users/dasvaclav/Documents/workspace/arduino-base/Release/libarduino-base.a(WMath.o)
 .comment       0x00000000       0x12 /Users/dasvaclav/Documents/workspace/arduino-base/Release/libarduino-base.a(WString.o)
 .comment       0x00000000       0x12 /Users/dasvaclav/Documents/workspace/arduino-base/Release/libarduino-base.a(new.o)
 .comment       0x00000000       0x12 /Users/dasvaclav/Documents/workspace/arduino-base/Release/libarduino-base.a(wiring.o)
 .comment       0x00000000       0x12 /Users/dasvaclav/Documents/workspace/arduino-base/Release/libarduino-base.a(malloc.o)
 .comment       0x00000000       0x12 /Users/dasvaclav/Documents/workspace/arduino-base/Release/libarduino-base.a(realloc.o)
 .comment       0x00000000       0x12 /usr/local/CrossPack-AVR-20131216/lib/gcc/avr/4.8.1/../../../../avr/lib/avr5/libc.a(random.o)

.debug
 *(.debug)

.line
 *(.line)

.debug_srcinfo
 *(.debug_srcinfo)

.debug_sfnames
 *(.debug_sfnames)

.debug_aranges  0x00000000      0x1e0
 *(.debug_aranges)
 .debug_aranges
                0x00000000       0x20 /usr/local/CrossPack-AVR-20131216/lib/gcc/avr/4.8.1/avr5/libgcc.a(_mulsi3.o)
 .debug_aranges
                0x00000020       0x20 /usr/local/CrossPack-AVR-20131216/lib/gcc/avr/4.8.1/avr5/libgcc.a(_udivmodhi4.o)
 .debug_aranges
                0x00000040       0x20 /usr/local/CrossPack-AVR-20131216/lib/gcc/avr/4.8.1/avr5/libgcc.a(_udivmodsi4.o)
 .debug_aranges
                0x00000060       0x20 /usr/local/CrossPack-AVR-20131216/lib/gcc/avr/4.8.1/avr5/libgcc.a(_divmodsi4.o)
 .debug_aranges
                0x00000080       0x20 /usr/local/CrossPack-AVR-20131216/lib/gcc/avr/4.8.1/avr5/libgcc.a(_negsi2.o)
 .debug_aranges
                0x000000a0       0x20 /usr/local/CrossPack-AVR-20131216/lib/gcc/avr/4.8.1/avr5/libgcc.a(_exit.o)
 .debug_aranges
                0x000000c0       0x20 /usr/local/CrossPack-AVR-20131216/lib/gcc/avr/4.8.1/avr5/libgcc.a(_tablejump.o)
 .debug_aranges
                0x000000e0       0x20 /usr/local/CrossPack-AVR-20131216/lib/gcc/avr/4.8.1/avr5/libgcc.a(_copy_data.o)
 .debug_aranges
                0x00000100       0x20 /usr/local/CrossPack-AVR-20131216/lib/gcc/avr/4.8.1/avr5/libgcc.a(_clear_bss.o)
 .debug_aranges
                0x00000120       0x20 /usr/local/CrossPack-AVR-20131216/lib/gcc/avr/4.8.1/avr5/libgcc.a(_ctors.o)
 .debug_aranges
                0x00000140       0x20 /usr/local/CrossPack-AVR-20131216/lib/gcc/avr/4.8.1/avr5/libgcc.a(_mulhisi3.o)
 .debug_aranges
                0x00000160       0x20 /usr/local/CrossPack-AVR-20131216/lib/gcc/avr/4.8.1/avr5/libgcc.a(_umulhisi3.o)
 .debug_aranges
                0x00000180       0x20 /usr/local/CrossPack-AVR-20131216/lib/gcc/avr/4.8.1/avr5/libgcc.a(_usmulhisi3.o)
 .debug_aranges
                0x000001a0       0x20 /usr/local/CrossPack-AVR-20131216/lib/gcc/avr/4.8.1/avr5/libgcc.a(_muluhisi3.o)
 .debug_aranges
                0x000001c0       0x20 /usr/local/CrossPack-AVR-20131216/lib/gcc/avr/4.8.1/avr5/libgcc.a(_mulshisi3.o)

.debug_pubnames
 *(.debug_pubnames)

.debug_info     0x00000000      0xb22
 *(.debug_info)
 .debug_info    0x00000000       0xbe /usr/local/CrossPack-AVR-20131216/lib/gcc/avr/4.8.1/avr5/libgcc.a(_mulsi3.o)
 .debug_info    0x000000be       0xbe /usr/local/CrossPack-AVR-20131216/lib/gcc/avr/4.8.1/avr5/libgcc.a(_udivmodhi4.o)
 .debug_info    0x0000017c       0xbe /usr/local/CrossPack-AVR-20131216/lib/gcc/avr/4.8.1/avr5/libgcc.a(_udivmodsi4.o)
 .debug_info    0x0000023a       0xbe /usr/local/CrossPack-AVR-20131216/lib/gcc/avr/4.8.1/avr5/libgcc.a(_divmodsi4.o)
 .debug_info    0x000002f8       0xbe /usr/local/CrossPack-AVR-20131216/lib/gcc/avr/4.8.1/avr5/libgcc.a(_negsi2.o)
 .debug_info    0x000003b6       0xbe /usr/local/CrossPack-AVR-20131216/lib/gcc/avr/4.8.1/avr5/libgcc.a(_exit.o)
 .debug_info    0x00000474       0xbe /usr/local/CrossPack-AVR-20131216/lib/gcc/avr/4.8.1/avr5/libgcc.a(_tablejump.o)
 .debug_info    0x00000532       0xbe /usr/local/CrossPack-AVR-20131216/lib/gcc/avr/4.8.1/avr5/libgcc.a(_copy_data.o)
 .debug_info    0x000005f0       0xbe /usr/local/CrossPack-AVR-20131216/lib/gcc/avr/4.8.1/avr5/libgcc.a(_clear_bss.o)
 .debug_info    0x000006ae       0xbe /usr/local/CrossPack-AVR-20131216/lib/gcc/avr/4.8.1/avr5/libgcc.a(_ctors.o)
 .debug_info    0x0000076c       0xbe /usr/local/CrossPack-AVR-20131216/lib/gcc/avr/4.8.1/avr5/libgcc.a(_mulhisi3.o)
 .debug_info    0x0000082a       0xbe /usr/local/CrossPack-AVR-20131216/lib/gcc/avr/4.8.1/avr5/libgcc.a(_umulhisi3.o)
 .debug_info    0x000008e8       0xbe /usr/local/CrossPack-AVR-20131216/lib/gcc/avr/4.8.1/avr5/libgcc.a(_usmulhisi3.o)
 .debug_info    0x000009a6       0xbe /usr/local/CrossPack-AVR-20131216/lib/gcc/avr/4.8.1/avr5/libgcc.a(_muluhisi3.o)
 .debug_info    0x00000a64       0xbe /usr/local/CrossPack-AVR-20131216/lib/gcc/avr/4.8.1/avr5/libgcc.a(_mulshisi3.o)
 *(.gnu.linkonce.wi.*)

.debug_abbrev   0x00000000      0x12c
 *(.debug_abbrev)
 .debug_abbrev  0x00000000       0x14 /usr/local/CrossPack-AVR-20131216/lib/gcc/avr/4.8.1/avr5/libgcc.a(_mulsi3.o)
 .debug_abbrev  0x00000014       0x14 /usr/local/CrossPack-AVR-20131216/lib/gcc/avr/4.8.1/avr5/libgcc.a(_udivmodhi4.o)
 .debug_abbrev  0x00000028       0x14 /usr/local/CrossPack-AVR-20131216/lib/gcc/avr/4.8.1/avr5/libgcc.a(_udivmodsi4.o)
 .debug_abbrev  0x0000003c       0x14 /usr/local/CrossPack-AVR-20131216/lib/gcc/avr/4.8.1/avr5/libgcc.a(_divmodsi4.o)
 .debug_abbrev  0x00000050       0x14 /usr/local/CrossPack-AVR-20131216/lib/gcc/avr/4.8.1/avr5/libgcc.a(_negsi2.o)
 .debug_abbrev  0x00000064       0x14 /usr/local/CrossPack-AVR-20131216/lib/gcc/avr/4.8.1/avr5/libgcc.a(_exit.o)
 .debug_abbrev  0x00000078       0x14 /usr/local/CrossPack-AVR-20131216/lib/gcc/avr/4.8.1/avr5/libgcc.a(_tablejump.o)
 .debug_abbrev  0x0000008c       0x14 /usr/local/CrossPack-AVR-20131216/lib/gcc/avr/4.8.1/avr5/libgcc.a(_copy_data.o)
 .debug_abbrev  0x000000a0       0x14 /usr/local/CrossPack-AVR-20131216/lib/gcc/avr/4.8.1/avr5/libgcc.a(_clear_bss.o)
 .debug_abbrev  0x000000b4       0x14 /usr/local/CrossPack-AVR-20131216/lib/gcc/avr/4.8.1/avr5/libgcc.a(_ctors.o)
 .debug_abbrev  0x000000c8       0x14 /usr/local/CrossPack-AVR-20131216/lib/gcc/avr/4.8.1/avr5/libgcc.a(_mulhisi3.o)
 .debug_abbrev  0x000000dc       0x14 /usr/local/CrossPack-AVR-20131216/lib/gcc/avr/4.8.1/avr5/libgcc.a(_umulhisi3.o)
 .debug_abbrev  0x000000f0       0x14 /usr/local/CrossPack-AVR-20131216/lib/gcc/avr/4.8.1/avr5/libgcc.a(_usmulhisi3.o)
 .debug_abbrev  0x00000104       0x14 /usr/local/CrossPack-AVR-20131216/lib/gcc/avr/4.8.1/avr5/libgcc.a(_muluhisi3.o)
 .debug_abbrev  0x00000118       0x14 /usr/local/CrossPack-AVR-20131216/lib/gcc/avr/4.8.1/avr5/libgcc.a(_mulshisi3.o)

.debug_line     0x00000000      0x5b5
 *(.debug_line)
 .debug_line    0x00000000       0x65 /usr/local/CrossPack-AVR-20131216/lib/gcc/avr/4.8.1/avr5/libgcc.a(_mulsi3.o)
 .debug_line    0x00000065       0x6a /usr/local/CrossPack-AVR-20131216/lib/gcc/avr/4.8.1/avr5/libgcc.a(_udivmodhi4.o)
 .debug_line    0x000000cf       0x78 /usr/local/CrossPack-AVR-20131216/lib/gcc/avr/4.8.1/avr5/libgcc.a(_udivmodsi4.o)
 .debug_line    0x00000147       0x6a /usr/local/CrossPack-AVR-20131216/lib/gcc/avr/4.8.1/avr5/libgcc.a(_divmodsi4.o)
 .debug_line    0x000001b1       0x58 /usr/local/CrossPack-AVR-20131216/lib/gcc/avr/4.8.1/avr5/libgcc.a(_negsi2.o)
 .debug_line    0x00000209       0x58 /usr/local/CrossPack-AVR-20131216/lib/gcc/avr/4.8.1/avr5/libgcc.a(_exit.o)
 .debug_line    0x00000261       0x5c /usr/local/CrossPack-AVR-20131216/lib/gcc/avr/4.8.1/avr5/libgcc.a(_tablejump.o)
 .debug_line    0x000002bd       0x61 /usr/local/CrossPack-AVR-20131216/lib/gcc/avr/4.8.1/avr5/libgcc.a(_copy_data.o)
 .debug_line    0x0000031e       0x5e /usr/local/CrossPack-AVR-20131216/lib/gcc/avr/4.8.1/avr5/libgcc.a(_clear_bss.o)
 .debug_line    0x0000037c       0x60 /usr/local/CrossPack-AVR-20131216/lib/gcc/avr/4.8.1/avr5/libgcc.a(_ctors.o)
 .debug_line    0x000003dc       0x5c /usr/local/CrossPack-AVR-20131216/lib/gcc/avr/4.8.1/avr5/libgcc.a(_mulhisi3.o)
 .debug_line    0x00000438       0x65 /usr/local/CrossPack-AVR-20131216/lib/gcc/avr/4.8.1/avr5/libgcc.a(_umulhisi3.o)
 .debug_line    0x0000049d       0x5c /usr/local/CrossPack-AVR-20131216/lib/gcc/avr/4.8.1/avr5/libgcc.a(_usmulhisi3.o)
 .debug_line    0x000004f9       0x60 /usr/local/CrossPack-AVR-20131216/lib/gcc/avr/4.8.1/avr5/libgcc.a(_muluhisi3.o)
 .debug_line    0x00000559       0x5c /usr/local/CrossPack-AVR-20131216/lib/gcc/avr/4.8.1/avr5/libgcc.a(_mulshisi3.o)

.debug_frame
 *(.debug_frame)

.debug_str
 *(.debug_str)

.debug_loc
 *(.debug_loc)

.debug_macinfo
 *(.debug_macinfo)

.debug_pubtypes
 *(.debug_pubtypes)

.debug_ranges
 *(.debug_ranges)

.debug_macro
 *(.debug_macro)
OUTPUT(littleNerd.elf elf32-avr)
LOAD linker stubs

Cross Reference Table

Symbol                                            File
EEPROM                                            /Users/dasvaclav/Documents/workspace/arduino-base/Release/libarduino-base.a(EEPROM.o)
                                                  ./littleNerd.o
EEPROMClass::read(int)                            /Users/dasvaclav/Documents/workspace/arduino-base/Release/libarduino-base.a(EEPROM.o)
                                                  ./littleNerd.o
EEPROMClass::write(int, unsigned char)            /Users/dasvaclav/Documents/workspace/arduino-base/Release/libarduino-base.a(EEPROM.o)
                                                  ./littleNerd.o
HardwareSerial::HardwareSerial(ring_buffer*, ring_buffer*, unsigned char volatile*, unsigned char volatile*, unsigned char volatile*, unsigned char volatile*, unsigned char volatile*, unsigned char volatile*, unsigned char, unsigned char, unsigned char, unsigned char, unsigned char) /Users/dasvaclav/Documents/workspace/arduino-base/Release/libarduino-base.a(HardwareSerial.o)
HardwareSerial::HardwareSerial(ring_buffer*, ring_buffer*, unsigned char volatile*, unsigned char volatile*, unsigned char volatile*, unsigned char volatile*, unsigned char volatile*, unsigned char volatile*, unsigned char, unsigned char, unsigned char, unsigned char, unsigned char) /Users/dasvaclav/Documents/workspace/arduino-base/Release/libarduino-base.a(HardwareSerial.o)
HardwareSerial::available()                       /Users/dasvaclav/Documents/workspace/arduino-base/Release/libarduino-base.a(HardwareSerial.o)
HardwareSerial::begin(unsigned long)              /Users/dasvaclav/Documents/workspace/arduino-base/Release/libarduino-base.a(HardwareSerial.o)
                                                  ./littleNerd.o
HardwareSerial::begin(unsigned long, unsigned char) /Users/dasvaclav/Documents/workspace/arduino-base/Release/libarduino-base.a(HardwareSerial.o)
HardwareSerial::end()                             /Users/dasvaclav/Documents/workspace/arduino-base/Release/libarduino-base.a(HardwareSerial.o)
HardwareSerial::flush()                           /Users/dasvaclav/Documents/workspace/arduino-base/Release/libarduino-base.a(HardwareSerial.o)
HardwareSerial::operator bool()                   /Users/dasvaclav/Documents/workspace/arduino-base/Release/libarduino-base.a(HardwareSerial.o)
HardwareSerial::peek()                            /Users/dasvaclav/Documents/workspace/arduino-base/Release/libarduino-base.a(HardwareSerial.o)
HardwareSerial::read()                            /Users/dasvaclav/Documents/workspace/arduino-base/Release/libarduino-base.a(HardwareSerial.o)
HardwareSerial::write(unsigned char)              /Users/dasvaclav/Documents/workspace/arduino-base/Release/libarduino-base.a(HardwareSerial.o)
Print::print(Printable const&)                    /Users/dasvaclav/Documents/workspace/arduino-base/Release/libarduino-base.a(Print.o)
Print::print(String const&)                       /Users/dasvaclav/Documents/workspace/arduino-base/Release/libarduino-base.a(Print.o)
Print::print(__FlashStringHelper const*)          /Users/dasvaclav/Documents/workspace/arduino-base/Release/libarduino-base.a(Print.o)
Print::print(char const*)                         /Users/dasvaclav/Documents/workspace/arduino-base/Release/libarduino-base.a(Print.o)
                                                  ./littleNerdHW.o
                                                  ./eventMemory.o
                                                  ./eventDelay.o
Print::print(char)                                /Users/dasvaclav/Documents/workspace/arduino-base/Release/libarduino-base.a(Print.o)
Print::print(double, int)                         /Users/dasvaclav/Documents/workspace/arduino-base/Release/libarduino-base.a(Print.o)
Print::print(int, int)                            /Users/dasvaclav/Documents/workspace/arduino-base/Release/libarduino-base.a(Print.o)
Print::print(long, int)                           /Users/dasvaclav/Documents/workspace/arduino-base/Release/libarduino-base.a(Print.o)
Print::print(unsigned char, int)                  /Users/dasvaclav/Documents/workspace/arduino-base/Release/libarduino-base.a(Print.o)
                                                  ./littleNerdHW.o
                                                  ./eventMemory.o
                                                  ./eventDelay.o
Print::print(unsigned int, int)                   /Users/dasvaclav/Documents/workspace/arduino-base/Release/libarduino-base.a(Print.o)
Print::print(unsigned long, int)                  /Users/dasvaclav/Documents/workspace/arduino-base/Release/libarduino-base.a(Print.o)
                                                  ./eventMemory.o
                                                  ./eventDelay.o
Print::printFloat(double, unsigned char)          /Users/dasvaclav/Documents/workspace/arduino-base/Release/libarduino-base.a(Print.o)
Print::printNumber(unsigned long, unsigned char)  /Users/dasvaclav/Documents/workspace/arduino-base/Release/libarduino-base.a(Print.o)
Print::println()                                  /Users/dasvaclav/Documents/workspace/arduino-base/Release/libarduino-base.a(Print.o)
                                                  ./eventMemory.o
                                                  ./eventDelay.o
Print::println(Printable const&)                  /Users/dasvaclav/Documents/workspace/arduino-base/Release/libarduino-base.a(Print.o)
Print::println(String const&)                     /Users/dasvaclav/Documents/workspace/arduino-base/Release/libarduino-base.a(Print.o)
Print::println(__FlashStringHelper const*)        /Users/dasvaclav/Documents/workspace/arduino-base/Release/libarduino-base.a(Print.o)
Print::println(char const*)                       /Users/dasvaclav/Documents/workspace/arduino-base/Release/libarduino-base.a(Print.o)
                                                  ./littleNerdHW.o
Print::println(char)                              /Users/dasvaclav/Documents/workspace/arduino-base/Release/libarduino-base.a(Print.o)
Print::println(double, int)                       /Users/dasvaclav/Documents/workspace/arduino-base/Release/libarduino-base.a(Print.o)
Print::println(int, int)                          /Users/dasvaclav/Documents/workspace/arduino-base/Release/libarduino-base.a(Print.o)
Print::println(long, int)                         /Users/dasvaclav/Documents/workspace/arduino-base/Release/libarduino-base.a(Print.o)
Print::println(unsigned char, int)                /Users/dasvaclav/Documents/workspace/arduino-base/Release/libarduino-base.a(Print.o)
                                                  ./eventMemory.o
                                                  ./eventDelay.o
Print::println(unsigned int, int)                 /Users/dasvaclav/Documents/workspace/arduino-base/Release/libarduino-base.a(Print.o)
Print::println(unsigned long, int)                /Users/dasvaclav/Documents/workspace/arduino-base/Release/libarduino-base.a(Print.o)
Print::write(char const*)                         /Users/dasvaclav/Documents/workspace/arduino-base/Release/libarduino-base.a(Print.o)
Print::write(unsigned char const*, unsigned int)  /Users/dasvaclav/Documents/workspace/arduino-base/Release/libarduino-base.a(Print.o)
                                                  /Users/dasvaclav/Documents/workspace/arduino-base/Release/libarduino-base.a(HardwareSerial.o)
Serial                                            /Users/dasvaclav/Documents/workspace/arduino-base/Release/libarduino-base.a(HardwareSerial.o)
                                                  ./littleNerdHW.o
                                                  ./littleNerd.o
                                                  ./eventMemory.o
                                                  ./eventDelay.o
String::String(String const&)                     /Users/dasvaclav/Documents/workspace/arduino-base/Release/libarduino-base.a(WString.o)
String::String(String const&)                     /Users/dasvaclav/Documents/workspace/arduino-base/Release/libarduino-base.a(WString.o)
String::String(char const*)                       /Users/dasvaclav/Documents/workspace/arduino-base/Release/libarduino-base.a(WString.o)
String::String(char const*)                       /Users/dasvaclav/Documents/workspace/arduino-base/Release/libarduino-base.a(WString.o)
String::String(char)                              /Users/dasvaclav/Documents/workspace/arduino-base/Release/libarduino-base.a(WString.o)
String::String(char)                              /Users/dasvaclav/Documents/workspace/arduino-base/Release/libarduino-base.a(WString.o)
String::String(int, unsigned char)                /Users/dasvaclav/Documents/workspace/arduino-base/Release/libarduino-base.a(WString.o)
String::String(int, unsigned char)                /Users/dasvaclav/Documents/workspace/arduino-base/Release/libarduino-base.a(WString.o)
String::String(long, unsigned char)               /Users/dasvaclav/Documents/workspace/arduino-base/Release/libarduino-base.a(WString.o)
String::String(long, unsigned char)               /Users/dasvaclav/Documents/workspace/arduino-base/Release/libarduino-base.a(WString.o)
String::String(unsigned char, unsigned char)      /Users/dasvaclav/Documents/workspace/arduino-base/Release/libarduino-base.a(WString.o)
String::String(unsigned char, unsigned char)      /Users/dasvaclav/Documents/workspace/arduino-base/Release/libarduino-base.a(WString.o)
String::String(unsigned int, unsigned char)       /Users/dasvaclav/Documents/workspace/arduino-base/Release/libarduino-base.a(WString.o)
String::String(unsigned int, unsigned char)       /Users/dasvaclav/Documents/workspace/arduino-base/Release/libarduino-base.a(WString.o)
String::String(unsigned long, unsigned char)      /Users/dasvaclav/Documents/workspace/arduino-base/Release/libarduino-base.a(WString.o)
String::String(unsigned long, unsigned char)      /Users/dasvaclav/Documents/workspace/arduino-base/Release/libarduino-base.a(WString.o)
String::changeBuffer(unsigned int)                /Users/dasvaclav/Documents/workspace/arduino-base/Release/libarduino-base.a(WString.o)
String::charAt(unsigned int) const                /Users/dasvaclav/Documents/workspace/arduino-base/Release/libarduino-base.a(WString.o)
String::compareTo(String const&) const            /Users/dasvaclav/Documents/workspace/arduino-base/Release/libarduino-base.a(WString.o)
String::concat(String const&)                     /Users/dasvaclav/Documents/workspace/arduino-base/Release/libarduino-base.a(WString.o)
String::concat(char const*)                       /Users/dasvaclav/Documents/workspace/arduino-base/Release/libarduino-base.a(WString.o)
String::concat(char const*, unsigned int)         /Users/dasvaclav/Documents/workspace/arduino-base/Release/libarduino-base.a(WString.o)
String::concat(char)                              /Users/dasvaclav/Documents/workspace/arduino-base/Release/libarduino-base.a(WString.o)
String::concat(int)                               /Users/dasvaclav/Documents/workspace/arduino-base/Release/libarduino-base.a(WString.o)
String::concat(long)                              /Users/dasvaclav/Documents/workspace/arduino-base/Release/libarduino-base.a(WString.o)
String::concat(unsigned char)                     /Users/dasvaclav/Documents/workspace/arduino-base/Release/libarduino-base.a(WString.o)
String::concat(unsigned int)                      /Users/dasvaclav/Documents/workspace/arduino-base/Release/libarduino-base.a(WString.o)
String::concat(unsigned long)                     /Users/dasvaclav/Documents/workspace/arduino-base/Release/libarduino-base.a(WString.o)
String::copy(char const*, unsigned int)           /Users/dasvaclav/Documents/workspace/arduino-base/Release/libarduino-base.a(WString.o)
String::endsWith(String const&) const             /Users/dasvaclav/Documents/workspace/arduino-base/Release/libarduino-base.a(WString.o)
String::equals(String const&) const               /Users/dasvaclav/Documents/workspace/arduino-base/Release/libarduino-base.a(WString.o)
String::equals(char const*) const                 /Users/dasvaclav/Documents/workspace/arduino-base/Release/libarduino-base.a(WString.o)
String::equalsIgnoreCase(String const&) const     /Users/dasvaclav/Documents/workspace/arduino-base/Release/libarduino-base.a(WString.o)
String::getBytes(unsigned char*, unsigned int, unsigned int) const /Users/dasvaclav/Documents/workspace/arduino-base/Release/libarduino-base.a(WString.o)
String::indexOf(String const&) const              /Users/dasvaclav/Documents/workspace/arduino-base/Release/libarduino-base.a(WString.o)
String::indexOf(String const&, unsigned int) const /Users/dasvaclav/Documents/workspace/arduino-base/Release/libarduino-base.a(WString.o)
String::indexOf(char) const                       /Users/dasvaclav/Documents/workspace/arduino-base/Release/libarduino-base.a(WString.o)
String::indexOf(char, unsigned int) const         /Users/dasvaclav/Documents/workspace/arduino-base/Release/libarduino-base.a(WString.o)
String::invalidate()                              /Users/dasvaclav/Documents/workspace/arduino-base/Release/libarduino-base.a(WString.o)
String::lastIndexOf(String const&) const          /Users/dasvaclav/Documents/workspace/arduino-base/Release/libarduino-base.a(WString.o)
String::lastIndexOf(String const&, unsigned int) const /Users/dasvaclav/Documents/workspace/arduino-base/Release/libarduino-base.a(WString.o)
String::lastIndexOf(char) const                   /Users/dasvaclav/Documents/workspace/arduino-base/Release/libarduino-base.a(WString.o)
String::lastIndexOf(char, unsigned int) const     /Users/dasvaclav/Documents/workspace/arduino-base/Release/libarduino-base.a(WString.o)
String::operator<(String const&) const            /Users/dasvaclav/Documents/workspace/arduino-base/Release/libarduino-base.a(WString.o)
String::operator<=(String const&) const           /Users/dasvaclav/Documents/workspace/arduino-base/Release/libarduino-base.a(WString.o)
String::operator=(String const&)                  /Users/dasvaclav/Documents/workspace/arduino-base/Release/libarduino-base.a(WString.o)
String::operator=(char const*)                    /Users/dasvaclav/Documents/workspace/arduino-base/Release/libarduino-base.a(WString.o)
String::operator>(String const&) const            /Users/dasvaclav/Documents/workspace/arduino-base/Release/libarduino-base.a(WString.o)
String::operator>=(String const&) const           /Users/dasvaclav/Documents/workspace/arduino-base/Release/libarduino-base.a(WString.o)
String::operator[](unsigned int)                  /Users/dasvaclav/Documents/workspace/arduino-base/Release/libarduino-base.a(WString.o)
String::operator[](unsigned int) const            /Users/dasvaclav/Documents/workspace/arduino-base/Release/libarduino-base.a(WString.o)
                                                  /Users/dasvaclav/Documents/workspace/arduino-base/Release/libarduino-base.a(Print.o)
String::replace(String const&, String const&)     /Users/dasvaclav/Documents/workspace/arduino-base/Release/libarduino-base.a(WString.o)
String::replace(char, char)                       /Users/dasvaclav/Documents/workspace/arduino-base/Release/libarduino-base.a(WString.o)
String::reserve(unsigned int)                     /Users/dasvaclav/Documents/workspace/arduino-base/Release/libarduino-base.a(WString.o)
String::setCharAt(unsigned int, char)             /Users/dasvaclav/Documents/workspace/arduino-base/Release/libarduino-base.a(WString.o)
String::startsWith(String const&) const           /Users/dasvaclav/Documents/workspace/arduino-base/Release/libarduino-base.a(WString.o)
String::startsWith(String const&, unsigned int) const /Users/dasvaclav/Documents/workspace/arduino-base/Release/libarduino-base.a(WString.o)
String::substring(unsigned int) const             /Users/dasvaclav/Documents/workspace/arduino-base/Release/libarduino-base.a(WString.o)
String::substring(unsigned int, unsigned int) const /Users/dasvaclav/Documents/workspace/arduino-base/Release/libarduino-base.a(WString.o)
String::toInt() const                             /Users/dasvaclav/Documents/workspace/arduino-base/Release/libarduino-base.a(WString.o)
String::toLowerCase()                             /Users/dasvaclav/Documents/workspace/arduino-base/Release/libarduino-base.a(WString.o)
String::toUpperCase()                             /Users/dasvaclav/Documents/workspace/arduino-base/Release/libarduino-base.a(WString.o)
String::trim()                                    /Users/dasvaclav/Documents/workspace/arduino-base/Release/libarduino-base.a(WString.o)
String::~String()                                 /Users/dasvaclav/Documents/workspace/arduino-base/Release/libarduino-base.a(WString.o)
String::~String()                                 /Users/dasvaclav/Documents/workspace/arduino-base/Release/libarduino-base.a(WString.o)
__addsf3                                          /usr/local/CrossPack-AVR-20131216/lib/gcc/avr/4.8.1/../../../../avr/lib/avr5/libc.a(addsf3.o)
                                                  /Users/dasvaclav/Documents/workspace/arduino-base/Release/libarduino-base.a(Print.o)
                                                  ./euclid.o
__addsf3x                                         /usr/local/CrossPack-AVR-20131216/lib/gcc/avr/4.8.1/../../../../avr/lib/avr5/libc.a(addsf3x.o)
                                                  /usr/local/CrossPack-AVR-20131216/lib/gcc/avr/4.8.1/../../../../avr/lib/avr5/libc.a(addsf3.o)
__bad_interrupt                                   /usr/local/CrossPack-AVR-20131216/lib/gcc/avr/4.8.1/../../../../avr/lib/avr5/crtm328p.o
__brkval                                          /Users/dasvaclav/Documents/workspace/arduino-base/Release/libarduino-base.a(realloc.o)
                                                  /Users/dasvaclav/Documents/workspace/arduino-base/Release/libarduino-base.a(malloc.o)
__bss_end                                         /usr/local/CrossPack-AVR-20131216/lib/gcc/avr/4.8.1/avr5/libgcc.a(_clear_bss.o)
__bss_start                                       /usr/local/CrossPack-AVR-20131216/lib/gcc/avr/4.8.1/avr5/libgcc.a(_clear_bss.o)
__cmpsf2                                          /usr/local/CrossPack-AVR-20131216/lib/gcc/avr/4.8.1/../../../../avr/lib/avr5/libc.a(cmpsf2.o)
__ctors_end                                       /usr/local/CrossPack-AVR-20131216/lib/gcc/avr/4.8.1/avr5/libgcc.a(_ctors.o)
__ctors_start                                     /usr/local/CrossPack-AVR-20131216/lib/gcc/avr/4.8.1/avr5/libgcc.a(_ctors.o)
__ctype_isfalse                                   /usr/local/CrossPack-AVR-20131216/lib/gcc/avr/4.8.1/../../../../avr/lib/avr5/libc.a(cty_isfalse.o)
                                                  /usr/local/CrossPack-AVR-20131216/lib/gcc/avr/4.8.1/../../../../avr/lib/avr5/libc.a(isspace.o)
__ctype_istrue                                    /usr/local/CrossPack-AVR-20131216/lib/gcc/avr/4.8.1/../../../../avr/lib/avr5/libc.a(cty_isfalse.o)
__cxa_guard_abort                                 /Users/dasvaclav/Documents/workspace/arduino-base/Release/libarduino-base.a(new.o)
__cxa_guard_acquire                               /Users/dasvaclav/Documents/workspace/arduino-base/Release/libarduino-base.a(new.o)
__cxa_guard_release                               /Users/dasvaclav/Documents/workspace/arduino-base/Release/libarduino-base.a(new.o)
__cxa_pure_virtual                                /Users/dasvaclav/Documents/workspace/arduino-base/Release/libarduino-base.a(new.o)
                                                  /Users/dasvaclav/Documents/workspace/arduino-base/Release/libarduino-base.a(Print.o)
                                                  /Users/dasvaclav/Documents/workspace/arduino-base/Release/libarduino-base.a(HardwareSerial.o)
__data_end                                        /usr/local/CrossPack-AVR-20131216/lib/gcc/avr/4.8.1/avr5/libgcc.a(_copy_data.o)
__data_load_start                                 /usr/local/CrossPack-AVR-20131216/lib/gcc/avr/4.8.1/avr5/libgcc.a(_copy_data.o)
__data_start                                      /usr/local/CrossPack-AVR-20131216/lib/gcc/avr/4.8.1/avr5/libgcc.a(_copy_data.o)
__divmodsi4                                       /usr/local/CrossPack-AVR-20131216/lib/gcc/avr/4.8.1/avr5/libgcc.a(_divmodsi4.o)
                                                  /usr/local/CrossPack-AVR-20131216/lib/gcc/avr/4.8.1/../../../../avr/lib/avr5/libc.a(random.o)
                                                  /Users/dasvaclav/Documents/workspace/arduino-base/Release/libarduino-base.a(WMath.o)
                                                  ./littleNerd.o
__divsf3                                          /usr/local/CrossPack-AVR-20131216/lib/gcc/avr/4.8.1/../../../../avr/lib/avr5/libc.a(divsf3.o)
                                                  /Users/dasvaclav/Documents/workspace/arduino-base/Release/libarduino-base.a(Print.o)
                                                  ./euclid.o
__divsf3_pse                                      /usr/local/CrossPack-AVR-20131216/lib/gcc/avr/4.8.1/../../../../avr/lib/avr5/libc.a(divsf3x.o)
__divsf3x                                         /usr/local/CrossPack-AVR-20131216/lib/gcc/avr/4.8.1/../../../../avr/lib/avr5/libc.a(divsf3x.o)
                                                  /usr/local/CrossPack-AVR-20131216/lib/gcc/avr/4.8.1/../../../../avr/lib/avr5/libc.a(divsf3.o)
__do_clear_bss                                    /usr/local/CrossPack-AVR-20131216/lib/gcc/avr/4.8.1/avr5/libgcc.a(_clear_bss.o)
                                                  /Users/dasvaclav/Documents/workspace/arduino-base/Release/libarduino-base.a(malloc.o)
                                                  /Users/dasvaclav/Documents/workspace/arduino-base/Release/libarduino-base.a(wiring.o)
                                                  /Users/dasvaclav/Documents/workspace/arduino-base/Release/libarduino-base.a(WString.o)
                                                  /Users/dasvaclav/Documents/workspace/arduino-base/Release/libarduino-base.a(HardwareSerial.o)
                                                  /Users/dasvaclav/Documents/workspace/arduino-base/Release/libarduino-base.a(EEPROM.o)
                                                  ./littleNerdHW.o
                                                  ./littleNerd.o
__do_copy_data                                    /usr/local/CrossPack-AVR-20131216/lib/gcc/avr/4.8.1/avr5/libgcc.a(_copy_data.o)
                                                  /usr/local/CrossPack-AVR-20131216/lib/gcc/avr/4.8.1/../../../../avr/lib/avr5/libc.a(random.o)
                                                  /Users/dasvaclav/Documents/workspace/arduino-base/Release/libarduino-base.a(malloc.o)
                                                  /Users/dasvaclav/Documents/workspace/arduino-base/Release/libarduino-base.a(WString.o)
                                                  /Users/dasvaclav/Documents/workspace/arduino-base/Release/libarduino-base.a(Print.o)
                                                  /Users/dasvaclav/Documents/workspace/arduino-base/Release/libarduino-base.a(HardwareSerial.o)
                                                  ./littleNerdHW.o
                                                  ./littleNerd.o
                                                  ./eventMemory.o
                                                  ./eventDelay.o
__do_global_ctors                                 /usr/local/CrossPack-AVR-20131216/lib/gcc/avr/4.8.1/avr5/libgcc.a(_ctors.o)
                                                  /Users/dasvaclav/Documents/workspace/arduino-base/Release/libarduino-base.a(HardwareSerial.o)
                                                  ./littleNerdHW.o
                                                  ./littleNerd.o
__eerd_byte_m328p                                 /usr/local/CrossPack-AVR-20131216/lib/gcc/avr/4.8.1/../../../../avr/lib/avr5/libc.a(eerd_byte_atmega328p.o)
                                                  /Users/dasvaclav/Documents/workspace/arduino-base/Release/libarduino-base.a(EEPROM.o)
__eewr_byte_m328p                                 /usr/local/CrossPack-AVR-20131216/lib/gcc/avr/4.8.1/../../../../avr/lib/avr5/libc.a(eewr_byte_atmega328p.o)
                                                  /Users/dasvaclav/Documents/workspace/arduino-base/Release/libarduino-base.a(EEPROM.o)
__eewr_r18_m328p                                  /usr/local/CrossPack-AVR-20131216/lib/gcc/avr/4.8.1/../../../../avr/lib/avr5/libc.a(eewr_byte_atmega328p.o)
__eqsf2                                           /usr/local/CrossPack-AVR-20131216/lib/gcc/avr/4.8.1/../../../../avr/lib/avr5/libc.a(cmpsf2.o)
__fixsfsi                                         /usr/local/CrossPack-AVR-20131216/lib/gcc/avr/4.8.1/../../../../avr/lib/avr5/libc.a(fixsfsi.o)
                                                  /Users/dasvaclav/Documents/workspace/arduino-base/Release/libarduino-base.a(Print.o)
                                                  ./littleNerd.o
                                                  ./euclid.o
__fixunssfsi                                      /usr/local/CrossPack-AVR-20131216/lib/gcc/avr/4.8.1/../../../../avr/lib/avr5/libc.a(fixunssfsi.o)
                                                  /usr/local/CrossPack-AVR-20131216/lib/gcc/avr/4.8.1/../../../../avr/lib/avr5/libc.a(fixsfsi.o)
                                                  /Users/dasvaclav/Documents/workspace/arduino-base/Release/libarduino-base.a(Print.o)
__floatsisf                                       /usr/local/CrossPack-AVR-20131216/lib/gcc/avr/4.8.1/../../../../avr/lib/avr5/libc.a(floatsisf.o)
                                                  /Users/dasvaclav/Documents/workspace/arduino-base/Release/libarduino-base.a(Print.o)
                                                  ./littleNerd.o
                                                  ./euclid.o
__floatunsisf                                     /usr/local/CrossPack-AVR-20131216/lib/gcc/avr/4.8.1/../../../../avr/lib/avr5/libc.a(floatsisf.o)
                                                  /Users/dasvaclav/Documents/workspace/arduino-base/Release/libarduino-base.a(Print.o)
                                                  ./littleNerd.o
                                                  ./euclid.o
__flp                                             /Users/dasvaclav/Documents/workspace/arduino-base/Release/libarduino-base.a(realloc.o)
                                                  /Users/dasvaclav/Documents/workspace/arduino-base/Release/libarduino-base.a(malloc.o)
__fp_cmp                                          /usr/local/CrossPack-AVR-20131216/lib/gcc/avr/4.8.1/../../../../avr/lib/avr5/libc.a(fp_cmp.o)
                                                  /usr/local/CrossPack-AVR-20131216/lib/gcc/avr/4.8.1/../../../../avr/lib/avr5/libc.a(unordsf2.o)
                                                  /usr/local/CrossPack-AVR-20131216/lib/gcc/avr/4.8.1/../../../../avr/lib/avr5/libc.a(gesf2.o)
                                                  /usr/local/CrossPack-AVR-20131216/lib/gcc/avr/4.8.1/../../../../avr/lib/avr5/libc.a(cmpsf2.o)
__fp_inf                                          /usr/local/CrossPack-AVR-20131216/lib/gcc/avr/4.8.1/../../../../avr/lib/avr5/libc.a(fp_inf.o)
                                                  /usr/local/CrossPack-AVR-20131216/lib/gcc/avr/4.8.1/../../../../avr/lib/avr5/libc.a(mulsf3x.o)
                                                  /usr/local/CrossPack-AVR-20131216/lib/gcc/avr/4.8.1/../../../../avr/lib/avr5/libc.a(divsf3x.o)
                                                  /usr/local/CrossPack-AVR-20131216/lib/gcc/avr/4.8.1/../../../../avr/lib/avr5/libc.a(addsf3x.o)
__fp_nan                                          /usr/local/CrossPack-AVR-20131216/lib/gcc/avr/4.8.1/../../../../avr/lib/avr5/libc.a(fp_nan.o)
                                                  /usr/local/CrossPack-AVR-20131216/lib/gcc/avr/4.8.1/../../../../avr/lib/avr5/libc.a(mulsf3x.o)
                                                  /usr/local/CrossPack-AVR-20131216/lib/gcc/avr/4.8.1/../../../../avr/lib/avr5/libc.a(divsf3x.o)
                                                  /usr/local/CrossPack-AVR-20131216/lib/gcc/avr/4.8.1/../../../../avr/lib/avr5/libc.a(addsf3x.o)
__fp_pscA                                         /usr/local/CrossPack-AVR-20131216/lib/gcc/avr/4.8.1/../../../../avr/lib/avr5/libc.a(fp_pscA.o)
                                                  /usr/local/CrossPack-AVR-20131216/lib/gcc/avr/4.8.1/../../../../avr/lib/avr5/libc.a(mulsf3x.o)
                                                  /usr/local/CrossPack-AVR-20131216/lib/gcc/avr/4.8.1/../../../../avr/lib/avr5/libc.a(divsf3x.o)
                                                  /usr/local/CrossPack-AVR-20131216/lib/gcc/avr/4.8.1/../../../../avr/lib/avr5/libc.a(addsf3x.o)
__fp_pscB                                         /usr/local/CrossPack-AVR-20131216/lib/gcc/avr/4.8.1/../../../../avr/lib/avr5/libc.a(fp_pscB.o)
                                                  /usr/local/CrossPack-AVR-20131216/lib/gcc/avr/4.8.1/../../../../avr/lib/avr5/libc.a(mulsf3x.o)
                                                  /usr/local/CrossPack-AVR-20131216/lib/gcc/avr/4.8.1/../../../../avr/lib/avr5/libc.a(divsf3x.o)
                                                  /usr/local/CrossPack-AVR-20131216/lib/gcc/avr/4.8.1/../../../../avr/lib/avr5/libc.a(addsf3x.o)
__fp_round                                        /usr/local/CrossPack-AVR-20131216/lib/gcc/avr/4.8.1/../../../../avr/lib/avr5/libc.a(fp_round.o)
                                                  /usr/local/CrossPack-AVR-20131216/lib/gcc/avr/4.8.1/../../../../avr/lib/avr5/libc.a(mulsf3.o)
                                                  /usr/local/CrossPack-AVR-20131216/lib/gcc/avr/4.8.1/../../../../avr/lib/avr5/libc.a(divsf3.o)
                                                  /usr/local/CrossPack-AVR-20131216/lib/gcc/avr/4.8.1/../../../../avr/lib/avr5/libc.a(addsf3.o)
__fp_split3                                       /usr/local/CrossPack-AVR-20131216/lib/gcc/avr/4.8.1/../../../../avr/lib/avr5/libc.a(fp_split3.o)
                                                  /usr/local/CrossPack-AVR-20131216/lib/gcc/avr/4.8.1/../../../../avr/lib/avr5/libc.a(mulsf3x.o)
                                                  /usr/local/CrossPack-AVR-20131216/lib/gcc/avr/4.8.1/../../../../avr/lib/avr5/libc.a(divsf3x.o)
                                                  /usr/local/CrossPack-AVR-20131216/lib/gcc/avr/4.8.1/../../../../avr/lib/avr5/libc.a(addsf3x.o)
__fp_splitA                                       /usr/local/CrossPack-AVR-20131216/lib/gcc/avr/4.8.1/../../../../avr/lib/avr5/libc.a(fp_split3.o)
                                                  /usr/local/CrossPack-AVR-20131216/lib/gcc/avr/4.8.1/../../../../avr/lib/avr5/libc.a(fixunssfsi.o)
__fp_szero                                        /usr/local/CrossPack-AVR-20131216/lib/gcc/avr/4.8.1/../../../../avr/lib/avr5/libc.a(fp_zero.o)
                                                  /usr/local/CrossPack-AVR-20131216/lib/gcc/avr/4.8.1/../../../../avr/lib/avr5/libc.a(mulsf3x.o)
                                                  /usr/local/CrossPack-AVR-20131216/lib/gcc/avr/4.8.1/../../../../avr/lib/avr5/libc.a(fixsfsi.o)
                                                  /usr/local/CrossPack-AVR-20131216/lib/gcc/avr/4.8.1/../../../../avr/lib/avr5/libc.a(divsf3x.o)
__fp_zero                                         /usr/local/CrossPack-AVR-20131216/lib/gcc/avr/4.8.1/../../../../avr/lib/avr5/libc.a(fp_zero.o)
                                                  /usr/local/CrossPack-AVR-20131216/lib/gcc/avr/4.8.1/../../../../avr/lib/avr5/libc.a(fixunssfsi.o)
                                                  /usr/local/CrossPack-AVR-20131216/lib/gcc/avr/4.8.1/../../../../avr/lib/avr5/libc.a(addsf3x.o)
__gesf2                                           /usr/local/CrossPack-AVR-20131216/lib/gcc/avr/4.8.1/../../../../avr/lib/avr5/libc.a(gesf2.o)
                                                  ./euclid.o
__gtsf2                                           /usr/local/CrossPack-AVR-20131216/lib/gcc/avr/4.8.1/../../../../avr/lib/avr5/libc.a(gesf2.o)
                                                  /Users/dasvaclav/Documents/workspace/arduino-base/Release/libarduino-base.a(Print.o)
__heap_end                                        /usr/local/CrossPack-AVR-20131216/lib/gcc/avr/4.8.1/../../../../avr/lib/avr5/crtm328p.o
                                                  /Users/dasvaclav/Documents/workspace/arduino-base/Release/libarduino-base.a(malloc.o)
__heap_start                                      /Users/dasvaclav/Documents/workspace/arduino-base/Release/libarduino-base.a(malloc.o)
__init                                            /usr/local/CrossPack-AVR-20131216/lib/gcc/avr/4.8.1/../../../../avr/lib/avr5/crtm328p.o
__itoa                                            /usr/local/CrossPack-AVR-20131216/lib/gcc/avr/4.8.1/../../../../avr/lib/avr5/libc.a(itoa.o)
                                                  /Users/dasvaclav/Documents/workspace/arduino-base/Release/libarduino-base.a(WString.o)
__itoa_ncheck                                     /usr/local/CrossPack-AVR-20131216/lib/gcc/avr/4.8.1/../../../../avr/lib/avr5/libc.a(itoa_ncheck.o)
                                                  /usr/local/CrossPack-AVR-20131216/lib/gcc/avr/4.8.1/../../../../avr/lib/avr5/libc.a(itoa.o)
__lesf2                                           /usr/local/CrossPack-AVR-20131216/lib/gcc/avr/4.8.1/../../../../avr/lib/avr5/libc.a(cmpsf2.o)
                                                  /Users/dasvaclav/Documents/workspace/arduino-base/Release/libarduino-base.a(Print.o)
__ltoa                                            /usr/local/CrossPack-AVR-20131216/lib/gcc/avr/4.8.1/../../../../avr/lib/avr5/libc.a(ltoa.o)
                                                  /Users/dasvaclav/Documents/workspace/arduino-base/Release/libarduino-base.a(WString.o)
__ltoa_ncheck                                     /usr/local/CrossPack-AVR-20131216/lib/gcc/avr/4.8.1/../../../../avr/lib/avr5/libc.a(ltoa_ncheck.o)
                                                  /usr/local/CrossPack-AVR-20131216/lib/gcc/avr/4.8.1/../../../../avr/lib/avr5/libc.a(ltoa.o)
__ltsf2                                           /usr/local/CrossPack-AVR-20131216/lib/gcc/avr/4.8.1/../../../../avr/lib/avr5/libc.a(cmpsf2.o)
                                                  /Users/dasvaclav/Documents/workspace/arduino-base/Release/libarduino-base.a(Print.o)
                                                  ./euclid.o
__malloc_heap_end                                 /Users/dasvaclav/Documents/workspace/arduino-base/Release/libarduino-base.a(malloc.o)
                                                  /Users/dasvaclav/Documents/workspace/arduino-base/Release/libarduino-base.a(realloc.o)
__malloc_heap_start                               /Users/dasvaclav/Documents/workspace/arduino-base/Release/libarduino-base.a(malloc.o)
__malloc_margin                                   /Users/dasvaclav/Documents/workspace/arduino-base/Release/libarduino-base.a(malloc.o)
                                                  /Users/dasvaclav/Documents/workspace/arduino-base/Release/libarduino-base.a(realloc.o)
__mulhisi3                                        /usr/local/CrossPack-AVR-20131216/lib/gcc/avr/4.8.1/avr5/libgcc.a(_mulhisi3.o)
                                                  ./littleNerd.o
__mulohisi3                                       /usr/local/CrossPack-AVR-20131216/lib/gcc/avr/4.8.1/avr5/libgcc.a(_mulshisi3.o)
                                                  /usr/local/CrossPack-AVR-20131216/lib/gcc/avr/4.8.1/../../../../avr/lib/avr5/libc.a(random.o)
__mulsf3                                          /usr/local/CrossPack-AVR-20131216/lib/gcc/avr/4.8.1/../../../../avr/lib/avr5/libc.a(mulsf3.o)
                                                  /Users/dasvaclav/Documents/workspace/arduino-base/Release/libarduino-base.a(Print.o)
                                                  ./littleNerd.o
__mulsf3_pse                                      /usr/local/CrossPack-AVR-20131216/lib/gcc/avr/4.8.1/../../../../avr/lib/avr5/libc.a(mulsf3x.o)
__mulsf3x                                         /usr/local/CrossPack-AVR-20131216/lib/gcc/avr/4.8.1/../../../../avr/lib/avr5/libc.a(mulsf3x.o)
                                                  /usr/local/CrossPack-AVR-20131216/lib/gcc/avr/4.8.1/../../../../avr/lib/avr5/libc.a(mulsf3.o)
__mulshisi3                                       /usr/local/CrossPack-AVR-20131216/lib/gcc/avr/4.8.1/avr5/libgcc.a(_mulshisi3.o)
__mulsi3                                          /usr/local/CrossPack-AVR-20131216/lib/gcc/avr/4.8.1/avr5/libgcc.a(_mulsi3.o)
                                                  /Users/dasvaclav/Documents/workspace/arduino-base/Release/libarduino-base.a(WMath.o)
                                                  ./littleNerd.o
__mulsi_const_10                                  /usr/local/CrossPack-AVR-20131216/lib/gcc/avr/4.8.1/../../../../avr/lib/avr5/libc.a(mulsi10.o)
                                                  /usr/local/CrossPack-AVR-20131216/lib/gcc/avr/4.8.1/../../../../avr/lib/avr5/libc.a(atol.o)
__muluhisi3                                       /usr/local/CrossPack-AVR-20131216/lib/gcc/avr/4.8.1/avr5/libgcc.a(_muluhisi3.o)
                                                  /usr/local/CrossPack-AVR-20131216/lib/gcc/avr/4.8.1/avr5/libgcc.a(_mulshisi3.o)
                                                  /usr/local/CrossPack-AVR-20131216/lib/gcc/avr/4.8.1/avr5/libgcc.a(_mulsi3.o)
                                                  /usr/local/CrossPack-AVR-20131216/lib/gcc/avr/4.8.1/../../../../avr/lib/avr5/libc.a(random.o)
                                                  ./littleNerd.o
__negsi2                                          /usr/local/CrossPack-AVR-20131216/lib/gcc/avr/4.8.1/avr5/libgcc.a(_negsi2.o)
                                                  /usr/local/CrossPack-AVR-20131216/lib/gcc/avr/4.8.1/avr5/libgcc.a(_divmodsi4.o)
__nesf2                                           /usr/local/CrossPack-AVR-20131216/lib/gcc/avr/4.8.1/../../../../avr/lib/avr5/libc.a(cmpsf2.o)
__stack                                           /usr/local/CrossPack-AVR-20131216/lib/gcc/avr/4.8.1/../../../../avr/lib/avr5/crtm328p.o
__subsf3                                          /usr/local/CrossPack-AVR-20131216/lib/gcc/avr/4.8.1/../../../../avr/lib/avr5/libc.a(addsf3.o)
                                                  /Users/dasvaclav/Documents/workspace/arduino-base/Release/libarduino-base.a(Print.o)
                                                  ./euclid.o
__tablejump2__                                    /usr/local/CrossPack-AVR-20131216/lib/gcc/avr/4.8.1/avr5/libgcc.a(_tablejump.o)
                                                  ./littleNerd.o
__tablejump__                                     /usr/local/CrossPack-AVR-20131216/lib/gcc/avr/4.8.1/avr5/libgcc.a(_tablejump.o)
                                                  /usr/local/CrossPack-AVR-20131216/lib/gcc/avr/4.8.1/avr5/libgcc.a(_ctors.o)
__udivmodhi4                                      /usr/local/CrossPack-AVR-20131216/lib/gcc/avr/4.8.1/avr5/libgcc.a(_udivmodhi4.o)
                                                  ./littleNerdHW.o
                                                  ./littleNerd.o
__udivmodsi4                                      /usr/local/CrossPack-AVR-20131216/lib/gcc/avr/4.8.1/avr5/libgcc.a(_udivmodsi4.o)
                                                  /usr/local/CrossPack-AVR-20131216/lib/gcc/avr/4.8.1/avr5/libgcc.a(_divmodsi4.o)
                                                  /Users/dasvaclav/Documents/workspace/arduino-base/Release/libarduino-base.a(Print.o)
                                                  /Users/dasvaclav/Documents/workspace/arduino-base/Release/libarduino-base.a(HardwareSerial.o)
                                                  ./littleNerd.o
__ultoa                                           /usr/local/CrossPack-AVR-20131216/lib/gcc/avr/4.8.1/../../../../avr/lib/avr5/libc.a(ultoa.o)
                                                  /Users/dasvaclav/Documents/workspace/arduino-base/Release/libarduino-base.a(WString.o)
__ultoa_common                                    /usr/local/CrossPack-AVR-20131216/lib/gcc/avr/4.8.1/../../../../avr/lib/avr5/libc.a(ultoa_ncheck.o)