Archive member included because of file (symbol)

/Users/dasvaclav/Documents/workspace/arduino-base/Release/libarduino-base.a(SPI.o)
                              ./trinityRackCV_HW.o (_ZN8SPIClass5beginEv)
/Users/dasvaclav/Documents/workspace/arduino-base/Release/libarduino-base.a(expADSR.o)
                              ./trinityRackCV.o (_ZN4ADSRD1Ev)
/Users/dasvaclav/Documents/workspace/arduino-base/Release/libarduino-base.a(interpolatingBuffer.o)
                              ./trinityRackCV.o (_ZN19interpolatingBuffer4initEh)
/Users/dasvaclav/Documents/workspace/arduino-base/Release/libarduino-base.a(lfoExtended.o)
                              ./trinityRackCV.o (_ZN11lfoExtended4initEj)
/Users/dasvaclav/Documents/workspace/arduino-base/Release/libarduino-base.a(random.o)
                              /Users/dasvaclav/Documents/workspace/arduino-base/Release/libarduino-base.a(lfoExtended.o) (_ZN11bastlRandom5rangeEhh)
/Users/dasvaclav/Documents/workspace/arduino-base/Release/libarduino-base.a(simpleSerialDecoder.o)
                              ./trinityRackCV.o (_ZN19simpleSerialDecoder4initEj)
/Users/dasvaclav/Documents/workspace/arduino-base/Release/libarduino-base.a(simpleSerialProtocol.o)
                              /Users/dasvaclav/Documents/workspace/arduino-base/Release/libarduino-base.a(simpleSerialDecoder.o) (_ZN20simpleSerialProtocol4initEj)
/Users/dasvaclav/Documents/workspace/arduino-base/Release/libarduino-base.a(HardwareSerial.o)
                              /Users/dasvaclav/Documents/workspace/arduino-base/Release/libarduino-base.a(simpleSerialProtocol.o) (_ZN14HardwareSerial9availableEv)
/Users/dasvaclav/Documents/workspace/arduino-base/Release/libarduino-base.a(Print.o)
                              /Users/dasvaclav/Documents/workspace/arduino-base/Release/libarduino-base.a(HardwareSerial.o) (_ZN5Print5writeEPKhj)
/Users/dasvaclav/Documents/workspace/arduino-base/Release/libarduino-base.a(WMath.o)
                              /Users/dasvaclav/Documents/workspace/arduino-base/Release/libarduino-base.a(interpolatingBuffer.o) (_Z6randomll)
/Users/dasvaclav/Documents/workspace/arduino-base/Release/libarduino-base.a(WString.o)
                              /Users/dasvaclav/Documents/workspace/arduino-base/Release/libarduino-base.a(Print.o) (_ZNK6StringixEj)
/Users/dasvaclav/Documents/workspace/arduino-base/Release/libarduino-base.a(new.o)
                              /Users/dasvaclav/Documents/workspace/arduino-base/Release/libarduino-base.a(HardwareSerial.o) (__cxa_pure_virtual)
/Users/dasvaclav/Documents/workspace/arduino-base/Release/libarduino-base.a(wiring.o)
                              ./trinityRackCV.o (init)
/Users/dasvaclav/Documents/workspace/arduino-base/Release/libarduino-base.a(wiring_digital.o)
                              /Users/dasvaclav/Documents/workspace/arduino-base/Release/libarduino-base.a(SPI.o) (pinMode)
/Users/dasvaclav/Documents/workspace/arduino-base/Release/libarduino-base.a(malloc.o)
                              /Users/dasvaclav/Documents/workspace/arduino-base/Release/libarduino-base.a(new.o) (malloc)
/Users/dasvaclav/Documents/workspace/arduino-base/Release/libarduino-base.a(realloc.o)
                              /Users/dasvaclav/Documents/workspace/arduino-base/Release/libarduino-base.a(WString.o) (realloc)
/usr/local/CrossPack-AVR-20131128/lib/gcc/avr/4.7.2/../../../../avr/lib/avr5/libc.a(random.o)
                              /Users/dasvaclav/Documents/workspace/arduino-base/Release/libarduino-base.a(WMath.o) (random)
/usr/local/CrossPack-AVR-20131128/lib/gcc/avr/4.7.2/../../../../avr/lib/avr5/libc.a(atol.o)
                              /Users/dasvaclav/Documents/workspace/arduino-base/Release/libarduino-base.a(WString.o) (atol)
/usr/local/CrossPack-AVR-20131128/lib/gcc/avr/4.7.2/../../../../avr/lib/avr5/libc.a(exit.o)
                              /usr/local/CrossPack-AVR-20131128/lib/gcc/avr/4.7.2/../../../../avr/lib/avr5/crtm328p.o (exit)
/usr/local/CrossPack-AVR-20131128/lib/gcc/avr/4.7.2/../../../../avr/lib/avr5/libc.a(isspace.o)
                              /Users/dasvaclav/Documents/workspace/arduino-base/Release/libarduino-base.a(WString.o) (isspace)
/usr/local/CrossPack-AVR-20131128/lib/gcc/avr/4.7.2/../../../../avr/lib/avr5/libc.a(tolower.o)
                              /Users/dasvaclav/Documents/workspace/arduino-base/Release/libarduino-base.a(WString.o) (tolower)
/usr/local/CrossPack-AVR-20131128/lib/gcc/avr/4.7.2/../../../../avr/lib/avr5/libc.a(toupper.o)
                              /Users/dasvaclav/Documents/workspace/arduino-base/Release/libarduino-base.a(WString.o) (toupper)
/usr/local/CrossPack-AVR-20131128/lib/gcc/avr/4.7.2/../../../../avr/lib/avr5/libc.a(memcpy.o)
                              /Users/dasvaclav/Documents/workspace/arduino-base/Release/libarduino-base.a(WString.o) (memcpy)
/usr/local/CrossPack-AVR-20131128/lib/gcc/avr/4.7.2/../../../../avr/lib/avr5/libc.a(memmove.o)
[...]
Memory Configuration

Name             Origin             Length             Attributes
text             0x00000000         0x00020000         xr
data             0x00800060         0x0000ffa0         rw !x
eeprom           0x00810000         0x00010000         rw !x
fuse             0x00820000         0x00000400         rw !x
lock             0x00830000         0x00000400         rw !x
signature        0x00840000         0x00000400         rw !x
user_signatures  0x00850000         0x00000400         rw !x
*default*        0x00000000         0xffffffff

Linker script and memory map

Address of section .data set to 0x800100
LOAD /usr/local/CrossPack-AVR-20131128/lib/gcc/avr/4.7.2/../../../../avr/lib/avr5/crtm328p.o
LOAD ./trinityRackCV.o
LOAD ./trinityRackCV_HW.o
LOAD /Users/dasvaclav/Documents/workspace/arduino-base/Release/libarduino-base.a
LOAD /usr/local/CrossPack-AVR-20131128/lib/gcc/avr/4.7.2/../../../../avr/lib/avr5/libc.a
LOAD /usr/local/CrossPack-AVR-20131128/lib/gcc/avr/4.7.2/avr5/libgcc.a
LOAD /usr/local/CrossPack-AVR-20131128/lib/gcc/avr/4.7.2/../../../../avr/lib/avr5/libm.a
LOAD /usr/local/CrossPack-AVR-20131128/lib/gcc/avr/4.7.2/../../../../avr/lib/avr5/libc.a
START GROUP
LOAD /usr/local/CrossPack-AVR-20131128/lib/gcc/avr/4.7.2/avr5/libgcc.a
LOAD /usr/local/CrossPack-AVR-20131128/lib/gcc/avr/4.7.2/../../../../avr/lib/avr5/libm.a
LOAD /usr/local/CrossPack-AVR-20131128/lib/gcc/avr/4.7.2/../../../../avr/lib/avr5/libc.a
END GROUP

.hash
 *(.hash)

.dynsym
 *(.dynsym)

.dynstr
 *(.dynstr)

.gnu.version
 *(.gnu.version)

.gnu.version_d
 *(.gnu.version_d)

.gnu.version_r
 *(.gnu.version_r)

.rel.init
 *(.rel.init)

.rela.init
 *(.rela.init)

.rel.text
 *(.rel.text)
 *(.rel.text.*)
 *(.rel.gnu.linkonce.t*)

.rela.text
 *(.rela.text)
 *(.rela.text.*)
 *(.rela.gnu.linkonce.t*)

.rel.fini
 *(.rel.fini)

.rela.fini
 *(.rela.fini)

.rel.rodata
 *(.rel.rodata)
 *(.rel.rodata.*)
 *(.rel.gnu.linkonce.r*)

.rela.rodata
 *(.rela.rodata)
 *(.rela.rodata.*)
 *(.rela.gnu.linkonce.r*)

.rel.data
 *(.rel.data)
 *(.rel.data.*)
 *(.rel.gnu.linkonce.d*)

.rela.data
 *(.rela.data)
 *(.rela.data.*)
 *(.rela.gnu.linkonce.d*)

.rel.ctors
 *(.rel.ctors)

.rela.ctors
 *(.rela.ctors)

.rel.dtors
 *(.rel.dtors)

.rela.dtors
 *(.rela.dtors)

.rel.got
 *(.rel.got)

.rela.got
 *(.rela.got)

.rel.bss
 *(.rel.bss)

.rela.bss
 *(.rela.bss)

.rel.plt
 *(.rel.plt)

.rela.plt
 *(.rela.plt)

.text           0x00000000     0x36c4
 *(.vectors)
 .vectors       0x00000000       0x68 /usr/local/CrossPack-AVR-20131128/lib/gcc/avr/4.7.2/../../../../avr/lib/avr5/crtm328p.o
                0x00000000                __vectors
                0x00000000                __vector_default
 *(.vectors)
 *(.progmem.gcc*)
 .progmem.gcc_fplib
                0x00000068       0x28 /usr/local/CrossPack-AVR-20131128/lib/gcc/avr/4.7.2/../../../../avr/lib/avr5/libc.a(exp.o)
 .progmem.gcc_fplib
                0x00000090       0x5a /usr/local/CrossPack-AVR-20131128/lib/gcc/avr/4.7.2/../../../../avr/lib/avr5/libc.a(log.o)
 *(.progmem*)
 .progmem.data.digital_pin_to_timer_PGM
                0x000000ea       0x14 /Users/dasvaclav/Documents/workspace/arduino-base/Release/libarduino-base.a(wiring_digital.o)
                0x000000ea                digital_pin_to_timer_PGM
 .progmem.data.digital_pin_to_bit_mask_PGM
                0x000000fe       0x14 /Users/dasvaclav/Documents/workspace/arduino-base/Release/libarduino-base.a(wiring_digital.o)
                0x000000fe                digital_pin_to_bit_mask_PGM
 .progmem.data.digital_pin_to_port_PGM
                0x00000112       0x14 /Users/dasvaclav/Documents/workspace/arduino-base/Release/libarduino-base.a(wiring_digital.o)
                0x00000112                digital_pin_to_port_PGM
 .progmem.data.port_to_output_PGM
                0x00000126        0xa /Users/dasvaclav/Documents/workspace/arduino-base/Release/libarduino-base.a(wiring_digital.o)
                0x00000126                port_to_output_PGM
 .progmem.data.port_to_mode_PGM
                0x00000130        0xa /Users/dasvaclav/Documents/workspace/arduino-base/Release/libarduino-base.a(wiring_digital.o)
                0x00000130                port_to_mode_PGM
                0x0000013a                . = ALIGN (0x2)
                0x0000013a                __trampolines_start = .
 *(.trampolines)
 .trampolines   0x0000013a        0x0 linker stubs
 *(.trampolines*)
                0x0000013a                __trampolines_end = .
 *(.jumptables)
 *(.jumptables*)
 *(.lowtext)
 *(.lowtext*)
                0x0000013a                __ctors_start = .
 *(.ctors)
 .ctors         0x0000013a        0x2 ./trinityRackCV.o
 .ctors         0x0000013c        0x2 ./trinityRackCV_HW.o
 .ctors         0x0000013e        0x2 /Users/dasvaclav/Documents/workspace/arduino-base/Release/libarduino-base.a(HardwareSerial.o)
                0x00000140                __ctors_end = .
                0x00000140                __dtors_start = .
 *(.dtors)
 .dtors         0x00000140        0x2 ./trinityRackCV.o
                0x00000142                __dtors_end = .
 SORT(*)(.ctors)
 SORT(*)(.dtors)
 *(.init0)
 .init0         0x00000142        0x0 /usr/local/CrossPack-AVR-20131128/lib/gcc/avr/4.7.2/../../../../avr/lib/avr5/crtm328p.o
                0x00000142                __init
 *(.init0)
 *(.init1)
 *(.init1)
 *(.init2)
 .init2         0x00000142        0xc /usr/local/CrossPack-AVR-20131128/lib/gcc/avr/4.7.2/../../../../avr/lib/avr5/crtm328p.o
 *(.init2)
 *(.init3)
 *(.init3)
 *(.init4)
 .init4         0x0000014e       0x16 /usr/local/CrossPack-AVR-20131128/lib/gcc/avr/4.7.2/avr5/libgcc.a(_copy_data.o)
                0x0000014e                __do_copy_data
 .init4         0x00000164       0x10 /usr/local/CrossPack-AVR-20131128/lib/gcc/avr/4.7.2/avr5/libgcc.a(_clear_bss.o)
                0x00000164                __do_clear_bss
 *(.init4)
 *(.init5)
 *(.init5)
 *(.init6)
 .init6         0x00000174       0x16 /usr/local/CrossPack-AVR-20131128/lib/gcc/avr/4.7.2/avr5/libgcc.a(_ctors.o)
                0x00000174                __do_global_ctors
 *(.init6)
 *(.init7)
 *(.init7)
 *(.init8)
 *(.init8)
 *(.init9)
 .init9         0x0000018a        0x8 /usr/local/CrossPack-AVR-20131128/lib/gcc/avr/4.7.2/../../../../avr/lib/avr5/crtm328p.o
 *(.init9)
 *(.text)
 .text          0x00000192        0x2 /usr/local/CrossPack-AVR-20131128/lib/gcc/avr/4.7.2/../../../../avr/lib/avr5/crtm328p.o
                0x00000192                __vector_20
                0x00000192                __vector_1
                0x00000192                __vector_24
                0x00000192                __vector_12
                0x00000192                __bad_interrupt
                0x00000192                __vector_6
                0x00000192                __vector_3
                0x00000192                __vector_23
                0x00000192                __vector_25
                0x00000192                __vector_11
                0x00000192                __vector_13
                0x00000192                __vector_17
                0x00000192                __vector_5
                0x00000192                __vector_4
                0x00000192                __vector_9
                0x00000192                __vector_2
                0x00000192                __vector_21
                0x00000192                __vector_15
                0x00000192                __vector_8
                0x00000192                __vector_14
                0x00000192                __vector_10
                0x00000192                __vector_22
                0x00000194                . = ALIGN (0x2)
 *(.text.*)
 .text._Z9clockCallh
                0x00000194        0x2 ./trinityRackCV.o
                0x00000194                _Z9clockCallh
 .text._Z8stepCallh
                0x00000196        0x2 ./trinityRackCV.o
                0x00000196                _Z8stepCallh
 .text._Z8gateCallh
                0x00000198        0x2 ./trinityRackCV.o
                0x00000198                _Z8gateCallh
 .text._Z9startCallh
                0x0000019a        0x2 ./trinityRackCV.o
                0x0000019a                _Z9startCallh
 .text._Z8stopCallh
                0x0000019c        0x2 ./trinityRackCV.o
                0x0000019c                _Z8stopCallh
 .text._Z11restartCallh
                0x0000019e        0x2 ./trinityRackCV.o
                0x0000019e                _Z11restartCallh
 .text._Z18channelTriggerCallhh
                0x000001a0        0x2 ./trinityRackCV.o
                0x000001a0                _Z18channelTriggerCallhh
 .text._Z26channelInterpolateFromCallhh
                0x000001a2       0x14 ./trinityRackCV.o
                0x000001a2                _Z26channelInterpolateFromCallhh
 .text._Z24channelInterpolateToCallhh
                0x000001b6       0x42 ./trinityRackCV.o
                0x000001b6                _Z24channelInterpolateToCallhh
 .text._Z13channelCVCallhh
                0x000001f8        0xc ./trinityRackCV.o
                0x000001f8                _Z13channelCVCallhh
 .text._Z21channeInterpolateCallhh
                0x00000204       0x52 ./trinityRackCV.o
                0x00000204                _Z21channeInterpolateCallhh
 .text._Z11triggerCallh
                0x00000256       0x4a ./trinityRackCV.o
                0x00000256                _Z11triggerCallh
 .text._Z10selectCallh
                0x000002a0        0xc ./trinityRackCV.o
                0x000002a0                _Z10selectCallh
 .text._Z15channelGateCallhh
                0x000002ac       0x14 ./trinityRackCV.o
                0x000002ac                _Z15channelGateCallhh
 .text._Z8curveMaphhPj
                0x000002c0      0x146 ./trinityRackCV.o
                0x000002c0                _Z8curveMaphhPj
 .text._Z17reflectModeChangeh
                0x00000406       0x40 ./trinityRackCV.o
                0x00000406                _Z17reflectModeChangeh
 .text._Z15channelModeCallhh
                0x00000446        0xc ./trinityRackCV.o
                0x00000446                _Z15channelModeCallhh
 .text._Z18reflectValueChangehh
                0x00000452      0x6dc ./trinityRackCV.o
                0x00000452                _Z18reflectValueChangehh
 .text._Z11clockInCallv
                0x00000b2e      0x1ac ./trinityRackCV.o
                0x00000b2e                _Z11clockInCallv
 .text._Z16channelValueCallhhh
                0x00000cda       0x14 ./trinityRackCV.o
                0x00000cda                _Z16channelValueCallhhh
 .text.setup    0x00000cee      0x1b4 ./trinityRackCV.o
                0x00000cee                setup
 .text._Z12renderOutputv
                0x00000ea2      0x5ec ./trinityRackCV.o
                0x00000ea2                _Z12renderOutputv
 .text._Z8updateHWv
                0x0000148e       0x12 ./trinityRackCV.o
                0x0000148e                _Z8updateHWv
 .text.loop     0x000014a0       0xac ./trinityRackCV.o
                0x000014a0                loop
 .text.startup.main
                0x0000154c        0xa ./trinityRackCV.o
                0x0000154c                main
 .text.startup._GLOBAL__sub_I_main
                0x00001556       0x1e ./trinityRackCV.o
 .text.exit._GLOBAL__sub_D_main
                0x00001574       0x1e ./trinityRackCV.o
 .text._ZN16trinityRackCV_HW21getElapsedBastlCyclesEv
                0x00001592       0x14 ./trinityRackCV_HW.o
                0x00001592                _ZN16trinityRackCV_HW21getElapsedBastlCyclesEv
 .text._ZN16trinityRackCV_HW14getButtonStateEh
                0x000015a6        0x6 ./trinityRackCV_HW.o
                0x000015a6                _ZN16trinityRackCV_HW14getButtonStateEh
 .text._ZN16trinityRackCV_HW6setLEDEhN6ILEDHW8LedStateE
                0x000015ac        0x2 ./trinityRackCV_HW.o
                0x000015ac                _ZN16trinityRackCV_HW6setLEDEhN6ILEDHW8LedStateE
 .text._ZN16trinityRackCV_HW12getKnobValueEh
                0x000015ae        0x4 ./trinityRackCV_HW.o
                0x000015ae                _ZN16trinityRackCV_HW12getKnobValueEh
 .text._ZN16trinityRackCV_HW10freezeKnobEhh
                0x000015b2        0x2 ./trinityRackCV_HW.o
                0x000015b2                _ZN16trinityRackCV_HW10freezeKnobEhh
 .text._ZN16trinityRackCV_HW10setKnobLEDEhh
                0x000015b4        0x2 ./trinityRackCV_HW.o
                0x000015b4                _ZN16trinityRackCV_HW10setKnobLEDEhh
 .text._ZN16trinityRackCV_HW18setKnobLEDTrackingEhb
                0x000015b6        0x2 ./trinityRackCV_HW.o
                0x000015b6                _ZN16trinityRackCV_HW18setKnobLEDTrackingEhb
 .text._ZN16trinityRackCV_HW8readSRAMEl
                0x000015b8        0x4 ./trinityRackCV_HW.o
                0x000015b8                _ZN16trinityRackCV_HW8readSRAMEl
 .text._ZN16trinityRackCV_HW8readSRAMElPhj
                0x000015bc        0x2 ./trinityRackCV_HW.o
                0x000015bc                _ZN16trinityRackCV_HW8readSRAMElPhj
 .text._ZN16trinityRackCV_HW9writeSRAMElh
                0x000015be        0x2 ./trinityRackCV_HW.o
                0x000015be                _ZN16trinityRackCV_HW9writeSRAMElh
 .text._ZN16trinityRackCV_HW9writeSRAMElPhj
                0x000015c0        0x2 ./trinityRackCV_HW.o
                0x000015c0                _ZN16trinityRackCV_HW9writeSRAMElPhj
 .text._ZN16trinityRackCV_HW11writeEEPROMEjPhj
                0x000015c2        0x4 ./trinityRackCV_HW.o
                0x000015c2                _ZN16trinityRackCV_HW11writeEEPROMEjPhj
 .text._ZN16trinityRackCV_HW10readEEPROMEjPhj
                0x000015c6        0x2 ./trinityRackCV_HW.o
                0x000015c6                _ZN16trinityRackCV_HW10readEEPROMEjPhj
 .text._ZN16trinityRackCV_HW12giveSomeTimeEv
                0x000015c8        0x2 ./trinityRackCV_HW.o
                0x000015c8                _ZN16trinityRackCV_HW12giveSomeTimeEv
 .text._ZN16trinityRackCV_HW11giveAllTimeEv
                0x000015ca        0x2 ./trinityRackCV_HW.o
                0x000015ca                _ZN16trinityRackCV_HW11giveAllTimeEv
 .text._ZN16trinityRackCV_HW23getBastlCyclesPerSecondEv
                0x000015cc       0x12 ./trinityRackCV_HW.o
                0x000015cc                _ZN16trinityRackCV_HW23getBastlCyclesPerSecondEv
 .text._ZN14fastAnalogRead4initEv
                0x000015de       0x16 ./trinityRackCV_HW.o
                0x000015de                _ZN14fastAnalogRead4initEv
 .text._ZN14fastAnalogRead14connectChannelEh
                0x000015f4       0x24 ./trinityRackCV_HW.o
                0x000015f4                _ZN14fastAnalogRead14connectChannelEh
 .text._ZN14fastAnalogRead15startConversionEv
                0x00001618        0xc ./trinityRackCV_HW.o
                0x00001618                _ZN14fastAnalogRead15startConversionEv
 .text._ZN14fastAnalogRead20isConversionFinishedEv
                0x00001624        0xa ./trinityRackCV_HW.o
                0x00001624                _ZN14fastAnalogRead20isConversionFinishedEv
 .text._ZN14fastAnalogRead19getConversionResultEv
                0x0000162e       0x16 ./trinityRackCV_HW.o
                0x0000162e                _ZN14fastAnalogRead19getConversionResultEv
 .text._ZN16trinityRackCV_HW6setDACEhh
                0x00001644        0xa ./trinityRackCV_HW.o
                0x00001644                _ZN16trinityRackCV_HW6setDACEhh
 .text._ZN16trinityRackCV_HW10getCVValueEh
                0x0000164e        0xa ./trinityRackCV_HW.o
                0x0000164e                _ZN16trinityRackCV_HW10getCVValueEh
 .text._ZN16trinityRackCV_HW13isr_updateADCEv
                0x00001658       0x9e ./trinityRackCV_HW.o
                0x00001658                _ZN16trinityRackCV_HW13isr_updateADCEv
 .text._ZN16trinityRackCV_HW13isr_updateDACEv
                0x000016f6       0x4e ./trinityRackCV_HW.o
                0x000016f6                _ZN16trinityRackCV_HW13isr_updateDACEv
 .text._ZN16trinityRackCV_HW8zeroDACsEv
                0x00001744       0x2e ./trinityRackCV_HW.o
                0x00001744                _ZN16trinityRackCV_HW8zeroDACsEv
 .text._ZN16trinityRackCV_HW7DACInitEv
                0x00001772       0x20 ./trinityRackCV_HW.o
                0x00001772                _ZN16trinityRackCV_HW7DACInitEv
 .text._ZN16trinityRackCV_HW4initEPFvvE
                0x00001792       0x56 ./trinityRackCV_HW.o
                0x00001792                _ZN16trinityRackCV_HW4initEPFvvE
 .text._ZN16trinityRackCV_HW17isr_updateClockInEv
                0x000017e8       0x30 ./trinityRackCV_HW.o
                0x000017e8                _ZN16trinityRackCV_HW17isr_updateClockInEv
 .text.__vector_7
                0x00001818       0x46 ./trinityRackCV_HW.o
                0x00001818                __vector_7
 .text.startup._GLOBAL__sub_I__ZN14fastAnalogRead4initEv
                0x0000185e        0xe ./trinityRackCV_HW.o
 .text._ZN8SPIClass5beginEv
                0x0000186c       0x2c /Users/dasvaclav/Documents/workspace/arduino-base/Release/libarduino-base.a(SPI.o)
                0x0000186c                _ZN8SPIClass5beginEv
 .text._ZN8SPIClass11setBitOrderEh
                0x00001898       0x12 /Users/dasvaclav/Documents/workspace/arduino-base/Release/libarduino-base.a(SPI.o)
                0x00001898                _ZN8SPIClass11setBitOrderEh
 .text._ZN8SPIClass11setDataModeEh
                0x000018aa        0xa /Users/dasvaclav/Documents/workspace/arduino-base/Release/libarduino-base.a(SPI.o)
                0x000018aa                _ZN8SPIClass11setDataModeEh
 .text._ZN8SPIClass15setClockDividerEh
                0x000018b4       0x1c /Users/dasvaclav/Documents/workspace/arduino-base/Release/libarduino-base.a(SPI.o)
                0x000018b4                _ZN8SPIClass15setClockDividerEh
 .text._ZN4ADSRD2Ev
                0x000018d0        0x2 /Users/dasvaclav/Documents/workspace/arduino-base/Release/libarduino-base.a(expADSR.o)
                0x000018d0                _ZN4ADSRD2Ev
                0x000018d0                _ZN4ADSRD1Ev
 .text._ZN4ADSR4syncEv
                0x000018d2        0x2 /Users/dasvaclav/Documents/workspace/arduino-base/Release/libarduino-base.a(expADSR.o)
                0x000018d2                _ZN4ADSR4syncEv
 .text._ZN4ADSR8calcCoefEff
                0x000018d4       0x5a /Users/dasvaclav/Documents/workspace/arduino-base/Release/libarduino-base.a(expADSR.o)
                0x000018d4                _ZN4ADSR8calcCoefEff
 .text._ZN4ADSR14setReleaseRateEf
                0x0000192e       0x6e /Users/dasvaclav/Documents/workspace/arduino-base/Release/libarduino-base.a(expADSR.o)
                0x0000192e                _ZN4ADSR14setReleaseRateEf
 .text._ZN4ADSR12setDecayRateEf
                0x0000199c       0x8e /Users/dasvaclav/Documents/workspace/arduino-base/Release/libarduino-base.a(expADSR.o)
                0x0000199c                _ZN4ADSR12setDecayRateEf
 .text._ZN4ADSR13setAttackRateEf
                0x00001a2a       0x8e /Users/dasvaclav/Documents/workspace/arduino-base/Release/libarduino-base.a(expADSR.o)
                0x00001a2a                _ZN4ADSR13setAttackRateEf
 .text._ZN4ADSR15setSustainLevelEf
                0x00001ab8       0x60 /Users/dasvaclav/Documents/workspace/arduino-base/Release/libarduino-base.a(expADSR.o)
                0x00001ab8                _ZN4ADSR15setSustainLevelEf
 .text._ZN4ADSRC2Ev
                0x00001b18       0xfe /Users/dasvaclav/Documents/workspace/arduino-base/Release/libarduino-base.a(expADSR.o)
                0x00001b18                _ZN4ADSRC1Ev
                0x00001b18                _ZN4ADSRC2Ev
 .text._ZN4ADSR15setTargetRatioAEf
                0x00001c16       0x88 /Users/dasvaclav/Documents/workspace/arduino-base/Release/libarduino-base.a(expADSR.o)
                0x00001c16                _ZN4ADSR15setTargetRatioAEf
 .text._ZN4ADSR16setTargetRatioDREf
                0x00001c9e       0xc8 /Users/dasvaclav/Documents/workspace/arduino-base/Release/libarduino-base.a(expADSR.o)
                0x00001c9e                _ZN4ADSR16setTargetRatioDREf
 .text._ZN19interpolatingBuffer4initEh
                0x00001d66        0x6 /Users/dasvaclav/Documents/workspace/arduino-base/Release/libarduino-base.a(interpolatingBuffer.o)
                0x00001d66                _ZN19interpolatingBuffer4initEh
 .text._ZN19interpolatingBuffer4syncEv
                0x00001d6c        0x2 /Users/dasvaclav/Documents/workspace/arduino-base/Release/libarduino-base.a(interpolatingBuffer.o)
                0x00001d6c                _ZN19interpolatingBuffer4syncEv
 .text._ZN19interpolatingBuffer7setStepEh
                0x00001d6e      0x19e /Users/dasvaclav/Documents/workspace/arduino-base/Release/libarduino-base.a(interpolatingBuffer.o)
                0x00001d6e                _ZN19interpolatingBuffer7setStepEh
 .text._ZN19interpolatingBuffer12rotateBufferEv
                0x00001f0c       0x24 /Users/dasvaclav/Documents/workspace/arduino-base/Release/libarduino-base.a(interpolatingBuffer.o)
                0x00001f0c                _ZN19interpolatingBuffer12rotateBufferEv
 .text._ZN19interpolatingBuffer13addRandomStepEv
                0x00001f30       0x44 /Users/dasvaclav/Documents/workspace/arduino-base/Release/libarduino-base.a(interpolatingBuffer.o)
                0x00001f30                _ZN19interpolatingBuffer13addRandomStepEv
 .text._ZN19interpolatingBuffer18rotateSmoothBufferEv
                0x00001f74       0x2c /Users/dasvaclav/Documents/workspace/arduino-base/Release/libarduino-base.a(interpolatingBuffer.o)
                0x00001f74                _ZN19interpolatingBuffer18rotateSmoothBufferEv
 .text._ZN19interpolatingBuffer6updateEv
                0x00001fa0      0x104 /Users/dasvaclav/Documents/workspace/arduino-base/Release/libarduino-base.a(interpolatingBuffer.o)
                0x00001fa0                _ZN19interpolatingBuffer6updateEv
 .text._ZN19interpolatingBuffer22calculateSmoothAverageEv
                0x000020a4       0x2c /Users/dasvaclav/Documents/workspace/arduino-base/Release/libarduino-base.a(interpolatingBuffer.o)
                0x000020a4                _ZN19interpolatingBuffer22calculateSmoothAverageEv
 .text._ZN19interpolatingBuffer15getCurrentValueEv
                0x000020d0       0xac /Users/dasvaclav/Documents/workspace/arduino-base/Release/libarduino-base.a(interpolatingBuffer.o)
                0x000020d0                _ZN19interpolatingBuffer15getCurrentValueEv
 .text._ZN11lfoExtended4initEj
                0x0000217c       0x2c /Users/dasvaclav/Documents/workspace/arduino-base/Release/libarduino-base.a(lfoExtended.o)
                0x0000217c                _ZN11lfoExtended4initEj
 .text._ZN11lfoExtended23setBastlCyclesPerPeriodEj
                0x000021a8       0x3c /Users/dasvaclav/Documents/workspace/arduino-base/Release/libarduino-base.a(lfoExtended.o)
                0x000021a8                _ZN11lfoExtended23setBastlCyclesPerPeriodEj
 .text._ZN11lfoExtended11setWaveformE16LFOBasicWaveform
                0x000021e4        0x8 /Users/dasvaclav/Documents/workspace/arduino-base/Release/libarduino-base.a(lfoExtended.o)
                0x000021e4                _ZN11lfoExtended11setWaveformE16LFOBasicWaveform
 .text._ZN11lfoExtended6setXOREh
                0x000021ec        0x6 /Users/dasvaclav/Documents/workspace/arduino-base/Release/libarduino-base.a(lfoExtended.o)
                0x000021ec                _ZN11lfoExtended6setXOREh
 .text._ZN11lfoExtended7setFlopEh
                0x000021f2        0x6 /Users/dasvaclav/Documents/workspace/arduino-base/Release/libarduino-base.a(lfoExtended.o)
                0x000021f2                _ZN11lfoExtended7setFlopEh
 .text._ZN11lfoExtended13setResolutionEh
                0x000021f8       0x30 /Users/dasvaclav/Documents/workspace/arduino-base/Release/libarduino-base.a(lfoExtended.o)
                0x000021f8                _ZN11lfoExtended13setResolutionEh
 .text._ZN11lfoExtended8getValueEv
                0x00002228      0x102 /Users/dasvaclav/Documents/workspace/arduino-base/Release/libarduino-base.a(lfoExtended.o)
                0x00002228                _ZN11lfoExtended8getValueEv
 .text._ZN11lfoExtended8getValueEj
                0x0000232a       0x3c /Users/dasvaclav/Documents/workspace/arduino-base/Release/libarduino-base.a(lfoExtended.o)
                0x0000232a                _ZN11lfoExtended8getValueEj
 .text._ZN11bastlRandom4byteEv
                0x00002366       0x42 /Users/dasvaclav/Documents/workspace/arduino-base/Release/libarduino-base.a(random.o)
                0x00002366                _ZN11bastlRandom4byteEv
 .text._ZN11bastlRandom5rangeEhh
                0x000023a8       0x3e /Users/dasvaclav/Documents/workspace/arduino-base/Release/libarduino-base.a(random.o)
                0x000023a8                _ZN11bastlRandom5rangeEhh
 .text._ZN19simpleSerialDecoder4initEj
                0x000023e6        0x6 /Users/dasvaclav/Documents/workspace/arduino-base/Release/libarduino-base.a(simpleSerialDecoder.o)
                0x000023e6                _ZN19simpleSerialDecoder4initEj
 .text._ZN19simpleSerialDecoder15sendPairMessageEv
                0x000023ec        0x6 /Users/dasvaclav/Documents/workspace/arduino-base/Release/libarduino-base.a(simpleSerialDecoder.o)
                0x000023ec                _ZN19simpleSerialDecoder15sendPairMessageEv
 .text._ZN19simpleSerialDecoder8sendStepEh
                0x000023f2        0xa /Users/dasvaclav/Documents/workspace/arduino-base/Release/libarduino-base.a(simpleSerialDecoder.o)
                0x000023f2                _ZN19simpleSerialDecoder8sendStepEh
 .text._ZN19simpleSerialDecoder11sendTriggerEh
                0x000023fc        0xa /Users/dasvaclav/Documents/workspace/arduino-base/Release/libarduino-base.a(simpleSerialDecoder.o)
                0x000023fc                _ZN19simpleSerialDecoder11sendTriggerEh
 .text._ZN19simpleSerialDecoder13sendChannelCVEhh
                0x00002406        0x8 /Users/dasvaclav/Documents/workspace/arduino-base/Release/libarduino-base.a(simpleSerialDecoder.o)
                0x00002406                _ZN19simpleSerialDecoder13sendChannelCVEhh
 .text._ZN19simpleSerialDecoder6updateEv
                0x0000240e      0x1a2 /Users/dasvaclav/Documents/workspace/arduino-base/Release/libarduino-base.a(simpleSerialDecoder.o)
                0x0000240e                _ZN19simpleSerialDecoder6updateEv
 .text._ZN19simpleSerialDecoder19attachClockCallbackEPFvhE
                0x000025b0        0x8 /Users/dasvaclav/Documents/workspace/arduino-base/Release/libarduino-base.a(simpleSerialDecoder.o)
                0x000025b0                _ZN19simpleSerialDecoder19attachClockCallbackEPFvhE
 .text._ZN19simpleSerialDecoder18attachStepCallbackEPFvhE
                0x000025b8        0x8 /Users/dasvaclav/Documents/workspace/arduino-base/Release/libarduino-base.a(simpleSerialDecoder.o)
                0x000025b8                _ZN19simpleSerialDecoder18attachStepCallbackEPFvhE
 .text._ZN19simpleSerialDecoder18attachGateCallbackEPFvhE
                0x000025c0        0x8 /Users/dasvaclav/Documents/workspace/arduino-base/Release/libarduino-base.a(simpleSerialDecoder.o)
                0x000025c0                _ZN19simpleSerialDecoder18attachGateCallbackEPFvhE
 .text._ZN19simpleSerialDecoder21attachTriggerCallbackEPFvhE
                0x000025c8        0x8 /Users/dasvaclav/Documents/workspace/arduino-base/Release/libarduino-base.a(simpleSerialDecoder.o)
                0x000025c8                _ZN19simpleSerialDecoder21attachTriggerCallbackEPFvhE
 .text._ZN19simpleSerialDecoder19attachStartCallbackEPFvhE
                0x000025d0        0x8 /Users/dasvaclav/Documents/workspace/arduino-base/Release/libarduino-base.a(simpleSerialDecoder.o)
                0x000025d0                _ZN19simpleSerialDecoder19attachStartCallbackEPFvhE
 .text._ZN19simpleSerialDecoder18attachStopCallbackEPFvhE
                0x000025d8        0x8 /Users/dasvaclav/Documents/workspace/arduino-base/Release/libarduino-base.a(simpleSerialDecoder.o)
                0x000025d8                _ZN19simpleSerialDecoder18attachStopCallbackEPFvhE
 .text._ZN19simpleSerialDecoder21attachRestartCallbackEPFvhE
                0x000025e0        0x8 /Users/dasvaclav/Documents/workspace/arduino-base/Release/libarduino-base.a(simpleSerialDecoder.o)
                0x000025e0                _ZN19simpleSerialDecoder21attachRestartCallbackEPFvhE
 .text._ZN19simpleSerialDecoder20attachSelectCallbackEPFvhE
                0x000025e8        0x8 /Users/dasvaclav/Documents/workspace/arduino-base/Release/libarduino-base.a(simpleSerialDecoder.o)
                0x000025e8                _ZN19simpleSerialDecoder20attachSelectCallbackEPFvhE
 .text._ZN19simpleSerialDecoder28attachChannelTriggerCallbackEPFvhhE
                0x000025f0        0x8 /Users/dasvaclav/Documents/workspace/arduino-base/Release/libarduino-base.a(simpleSerialDecoder.o)
                0x000025f0                _ZN19simpleSerialDecoder28attachChannelTriggerCallbackEPFvhhE
 .text._ZN19simpleSerialDecoder25attachChannelGateCallbackEPFvhhE
                0x000025f8        0x8 /Users/dasvaclav/Documents/workspace/arduino-base/Release/libarduino-base.a(simpleSerialDecoder.o)
                0x000025f8                _ZN19simpleSerialDecoder25attachChannelGateCallbackEPFvhhE
 .text._ZN19simpleSerialDecoder23attachChannelCVCallbackEPFvhhE
                0x00002600        0x8 /Users/dasvaclav/Documents/workspace/arduino-base/Release/libarduino-base.a(simpleSerialDecoder.o)
                0x00002600                _ZN19simpleSerialDecoder23attachChannelCVCallbackEPFvhhE
 .text._ZN19simpleSerialDecoder36attachChannelInterpolateFromCallbackEPFvhhE
                0x00002608        0x8 /Users/dasvaclav/Documents/workspace/arduino-base/Release/libarduino-base.a(simpleSerialDecoder.o)
                0x00002608                _ZN19simpleSerialDecoder36attachChannelInterpolateFromCallbackEPFvhhE
 .text._ZN19simpleSerialDecoder34attachChannelInterpolateToCallbackEPFvhhE
                0x00002610        0x8 /Users/dasvaclav/Documents/workspace/arduino-base/Release/libarduino-base.a(simpleSerialDecoder.o)
                0x00002610                _ZN19simpleSerialDecoder34attachChannelInterpolateToCallbackEPFvhhE
 .text._ZN19simpleSerialDecoder32attachChannelInterpolateCallbackEPFvhhE
                0x00002618        0x8 /Users/dasvaclav/Documents/workspace/arduino-base/Release/libarduino-base.a(simpleSerialDecoder.o)
                0x00002618                _ZN19simpleSerialDecoder32attachChannelInterpolateCallbackEPFvhhE
 .text._ZN19simpleSerialDecoder25attachChannelModeCallbackEPFvhhE
                0x00002620        0x8 /Users/dasvaclav/Documents/workspace/arduino-base/Release/libarduino-base.a(simpleSerialDecoder.o)
                0x00002620                _ZN19simpleSerialDecoder25attachChannelModeCallbackEPFvhhE
 .text._ZN19simpleSerialDecoder26attachChannelValueCallbackEPFvhhhE
                0x00002628        0x8 /Users/dasvaclav/Documents/workspace/arduino-base/Release/libarduino-base.a(simpleSerialDecoder.o)
                0x00002628                _ZN19simpleSerialDecoder26attachChannelValueCallbackEPFvhhhE
 .text._ZN20simpleSerialProtocol4initEj
                0x00002630        0xc /Users/dasvaclav/Documents/workspace/arduino-base/Release/libarduino-base.a(simpleSerialProtocol.o)
                0x00002630                _ZN20simpleSerialProtocol4initEj
 .text._ZN20simpleSerialProtocol15transferMessageEhh
                0x0000263c       0x22 /Users/dasvaclav/Documents/workspace/arduino-base/Release/libarduino-base.a(simpleSerialProtocol.o)
                0x0000263c                _ZN20simpleSerialProtocol15transferMessageEhh
 .text._ZN20simpleSerialProtocol14recieveMessageEv
                0x0000265e       0x6a /Users/dasvaclav/Documents/workspace/arduino-base/Release/libarduino-base.a(simpleSerialProtocol.o)
                0x0000265e                _ZN20simpleSerialProtocol14recieveMessageEv
 .text._ZN20simpleSerialProtocol14getMessageTypeEv
                0x000026c8        0x6 /Users/dasvaclav/Documents/workspace/arduino-base/Release/libarduino-base.a(simpleSerialProtocol.o)
                0x000026c8                _ZN20simpleSerialProtocol14getMessageTypeEv
 .text._ZN20simpleSerialProtocol15getMessageValueEv
                0x000026ce        0x6 /Users/dasvaclav/Documents/workspace/arduino-base/Release/libarduino-base.a(simpleSerialProtocol.o)
                0x000026ce                _ZN20simpleSerialProtocol15getMessageValueEv
 .text._ZN20simpleSerialProtocol11pairMessageEv
                0x000026d4        0x6 /Users/dasvaclav/Documents/workspace/arduino-base/Release/libarduino-base.a(simpleSerialProtocol.o)
                0x000026d4                _ZN20simpleSerialProtocol11pairMessageEv
 .text._ZN20simpleSerialProtocol4syncEv
                0x000026da        0xa /Users/dasvaclav/Documents/workspace/arduino-base/Release/libarduino-base.a(simpleSerialProtocol.o)
                0x000026da                _ZN20simpleSerialProtocol4syncEv
 .text._ZN14HardwareSerial9availableEv
                0x000026e4       0x26 /Users/dasvaclav/Documents/workspace/arduino-base/Release/libarduino-base.a(HardwareSerial.o)
                0x000026e4                _ZN14HardwareSerial9availableEv
 .text._ZN14HardwareSerial4peekEv
                0x0000270a       0x38 /Users/dasvaclav/Documents/workspace/arduino-base/Release/libarduino-base.a(HardwareSerial.o)
                0x0000270a                _ZN14HardwareSerial4peekEv
 .text._ZN14HardwareSerial4readEv
                0x00002742       0x48 /Users/dasvaclav/Documents/workspace/arduino-base/Release/libarduino-base.a(HardwareSerial.o)
                0x00002742                _ZN14HardwareSerial4readEv
 .text._ZN14HardwareSerial5flushEv
                0x0000278a       0x16 /Users/dasvaclav/Documents/workspace/arduino-base/Release/libarduino-base.a(HardwareSerial.o)
                0x0000278a                _ZN14HardwareSerial5flushEv
 .text._ZN14HardwareSerial5writeEh
                0x000027a0       0x7a /Users/dasvaclav/Documents/workspace/arduino-base/Release/libarduino-base.a(HardwareSerial.o)
                0x000027a0                _ZN14HardwareSerial5writeEh
 .text.__vector_18
                0x0000281a       0x74 /Users/dasvaclav/Documents/workspace/arduino-base/Release/libarduino-base.a(HardwareSerial.o)
                0x0000281a                __vector_18
 .text.__vector_19
                0x0000288e       0x76 /Users/dasvaclav/Documents/workspace/arduino-base/Release/libarduino-base.a(HardwareSerial.o)
                0x0000288e                __vector_19
 .text._ZN14HardwareSerial5beginEm
                0x00002904       0xfe /Users/dasvaclav/Documents/workspace/arduino-base/Release/libarduino-base.a(HardwareSerial.o)
                0x00002904                _ZN14HardwareSerial5beginEm
 .text.startup._GLOBAL__sub_I_rx_buffer
                0x00002a02       0xac /Users/dasvaclav/Documents/workspace/arduino-base/Release/libarduino-base.a(HardwareSerial.o)
 .text._ZN5Print5writeEPKhj
                0x00002aae       0x50 /Users/dasvaclav/Documents/workspace/arduino-base/Release/libarduino-base.a(Print.o)
                0x00002aae                _ZN5Print5writeEPKhj
 .text._Z6randoml
                0x00002afe       0x54 /Users/dasvaclav/Documents/workspace/arduino-base/Release/libarduino-base.a(WMath.o)
                0x00002afe                _Z6randoml
 .text._Z6randomll
                0x00002b52       0x3a /Users/dasvaclav/Documents/workspace/arduino-base/Release/libarduino-base.a(WMath.o)
                0x00002b52                _Z6randomll
 .text._Z3maplllll
                0x00002b8c       0x8a /Users/dasvaclav/Documents/workspace/arduino-base/Release/libarduino-base.a(WMath.o)
                0x00002b8c                _Z3maplllll
 .text.__vector_16
                0x00002c16       0x94 /Users/dasvaclav/Documents/workspace/arduino-base/Release/libarduino-base.a(wiring.o)
                0x00002c16                __vector_16
 .text.init     0x00002caa       0x76 /Users/dasvaclav/Documents/workspace/arduino-base/Release/libarduino-base.a(wiring.o)
                0x00002caa                init
 .text.turnOffPWM
                0x00002d20       0x54 /Users/dasvaclav/Documents/workspace/arduino-base/Release/libarduino-base.a(wiring_digital.o)
 .text.pinMode  0x00002d74       0x70 /Users/dasvaclav/Documents/workspace/arduino-base/Release/libarduino-base.a(wiring_digital.o)
                0x00002d74                pinMode
 .text.digitalWrite
                0x00002de4       0x6c /Users/dasvaclav/Documents/workspace/arduino-base/Release/libarduino-base.a(wiring_digital.o)
                0x00002de4                digitalWrite
 .text.avr-libc
                0x00002e50       0xae /usr/local/CrossPack-AVR-20131128/lib/gcc/avr/4.7.2/../../../../avr/lib/avr5/libc.a(random.o)
                0x00002ee4                random_r
                0x00002ee6                random
                0x00002eec                srandom
 .text.avr-libc
                0x00002efe        0x4 /usr/local/CrossPack-AVR-20131128/lib/gcc/avr/4.7.2/../../../../avr/lib/avr5/libc.a(exit.o)
                0x00002efe                exit
 .text.avr-libc.fplib
                0x00002f02        0xa /usr/local/CrossPack-AVR-20131128/lib/gcc/avr/4.7.2/../../../../avr/lib/avr5/libc.a(addsf3.o)
                0x00002f02                __subsf3
                0x00002f04                __addsf3
 .text.avr-libc.fplib
                0x00002f0c       0xc0 /usr/local/CrossPack-AVR-20131128/lib/gcc/avr/4.7.2/../../../../avr/lib/avr5/libc.a(addsf3x.o)
                0x00002f26                __addsf3x
 .text.avr-libc.fplib
                0x00002fcc        0x8 /usr/local/CrossPack-AVR-20131128/lib/gcc/avr/4.7.2/../../../../avr/lib/avr5/libc.a(cmpsf2.o)
                0x00002fcc                __lesf2
                0x00002fcc                __nesf2
                0x00002fcc                __eqsf2
                0x00002fcc                __cmpsf2
                0x00002fcc                __ltsf2
 .text.avr-libc.fplib
                0x00002fd4        0x4 /usr/local/CrossPack-AVR-20131128/lib/gcc/avr/4.7.2/../../../../avr/lib/avr5/libc.a(divsf3.o)
                0x00002fd4                __divsf3
 .text.avr-libc.fplib
                0x00002fd8       0xcc /usr/local/CrossPack-AVR-20131128/lib/gcc/avr/4.7.2/../../../../avr/lib/avr5/libc.a(divsf3x.o)
                0x00002fee                __divsf3x
                0x00002ff2                __divsf3_pse
 .text.avr-libc.fplib
                0x000030a4       0x62 /usr/local/CrossPack-AVR-20131128/lib/gcc/avr/4.7.2/../../../../avr/lib/avr5/libc.a(exp.o)
                0x000030ae                exp
 .text.avr-libc.fplib
                0x00003106        0xa /usr/local/CrossPack-AVR-20131128/lib/gcc/avr/4.7.2/../../../../avr/lib/avr5/libc.a(fixsfsi.o)
                0x00003106                __fixsfsi
 .text.avr-libc.fplib
                0x00003110       0x58 /usr/local/CrossPack-AVR-20131128/lib/gcc/avr/4.7.2/../../../../avr/lib/avr5/libc.a(fixunssfsi.o)
                0x00003110                __fixunssfsi
 .text.avr-libc.fplib
                0x00003168       0x7a /usr/local/CrossPack-AVR-20131128/lib/gcc/avr/4.7.2/../../../../avr/lib/avr5/libc.a(floatsisf.o)
                0x00003168                __floatunsisf
                0x0000316c                __floatsisf
 .text.avr-libc.fplib
                0x000031e2       0x48 /usr/local/CrossPack-AVR-20131128/lib/gcc/avr/4.7.2/../../../../avr/lib/avr5/libc.a(fp_cmp.o)
                0x000031e2                __fp_cmp
 .text.avr-libc.fplib
                0x0000322a        0xc /usr/local/CrossPack-AVR-20131128/lib/gcc/avr/4.7.2/../../../../avr/lib/avr5/libc.a(fp_inf.o)
                0x0000322a                __fp_inf
 .text.avr-libc.fplib
                0x00003236        0x6 /usr/local/CrossPack-AVR-20131128/lib/gcc/avr/4.7.2/../../../../avr/lib/avr5/libc.a(fp_nan.o)
                0x00003236                __fp_nan
 .text.avr-libc.fplib
                0x0000323c       0x4a /usr/local/CrossPack-AVR-20131128/lib/gcc/avr/4.7.2/../../../../avr/lib/avr5/libc.a(fp_powser.o)
                0x0000323c                __fp_powser
 .text.avr-libc.fplib
                0x00003286        0xe /usr/local/CrossPack-AVR-20131128/lib/gcc/avr/4.7.2/../../../../avr/lib/avr5/libc.a(fp_pscA.o)
                0x00003286                __fp_pscA
 .text.avr-libc.fplib
                0x00003294        0xe /usr/local/CrossPack-AVR-20131128/lib/gcc/avr/4.7.2/../../../../avr/lib/avr5/libc.a(fp_pscB.o)
                0x00003294                __fp_pscB
 .text.avr-libc.fplib
                0x000032a2       0x22 /usr/local/CrossPack-AVR-20131128/lib/gcc/avr/4.7.2/../../../../avr/lib/avr5/libc.a(fp_round.o)
                0x000032a2                __fp_round
 .text.avr-libc.fplib
                0x000032c4       0x44 /usr/local/CrossPack-AVR-20131128/lib/gcc/avr/4.7.2/../../../../avr/lib/avr5/libc.a(fp_split3.o)
                0x000032c4                __fp_split3
                0x000032d4                __fp_splitA
 .text.avr-libc.fplib
                0x00003308        0xe /usr/local/CrossPack-AVR-20131128/lib/gcc/avr/4.7.2/../../../../avr/lib/avr5/libc.a(fp_zero.o)
                0x00003308                __fp_zero
                0x0000330a                __fp_szero
 .text.avr-libc.fplib
                0x00003316        0x8 /usr/local/CrossPack-AVR-20131128/lib/gcc/avr/4.7.2/../../../../avr/lib/avr5/libc.a(gesf2.o)
                0x00003316                __gtsf2
                0x00003316                __gesf2
 .text.avr-libc.fplib
                0x0000331e        0xe /usr/local/CrossPack-AVR-20131128/lib/gcc/avr/4.7.2/../../../../avr/lib/avr5/libc.a(inverse.o)
                0x0000331e                inverse
 .text.avr-libc.fplib
                0x0000332c       0x6c /usr/local/CrossPack-AVR-20131128/lib/gcc/avr/4.7.2/../../../../avr/lib/avr5/libc.a(ldexp.o)
                0x00003330                ldexp
 .text.avr-libc.fplib
                0x00003398       0x8a /usr/local/CrossPack-AVR-20131128/lib/gcc/avr/4.7.2/../../../../avr/lib/avr5/libc.a(log.o)
                0x000033a2                log
 .text.avr-libc.fplib
                0x00003422       0x66 /usr/local/CrossPack-AVR-20131128/lib/gcc/avr/4.7.2/../../../../avr/lib/avr5/libc.a(modf.o)
                0x00003422                modff
                0x00003422                modf
 .text.avr-libc.fplib
                0x00003488        0x4 /usr/local/CrossPack-AVR-20131128/lib/gcc/avr/4.7.2/../../../../avr/lib/avr5/libc.a(mulsf3.o)
                0x00003488                __mulsf3
 .text.avr-libc.fplib
                0x0000348c       0xc2 /usr/local/CrossPack-AVR-20131128/lib/gcc/avr/4.7.2/../../../../avr/lib/avr5/libc.a(mulsf3x.o)
                0x000034a0                __mulsf3x
                0x000034a4                __mulsf3_pse
 .text.avr-libc.fplib
                0x0000354e       0x1c /usr/local/CrossPack-AVR-20131128/lib/gcc/avr/4.7.2/../../../../avr/lib/avr5/libc.a(fp_mpack.o)
                0x0000354e                __fp_mpack
                0x00003552                __fp_mpack_finite
 .text.libgcc.mul
                0x0000356a       0x1e /usr/local/CrossPack-AVR-20131128/lib/gcc/avr/4.7.2/avr5/libgcc.a(_mulsi3.o)
                0x0000356a                __mulsi3
 .text.libgcc.div
                0x00003588       0x18 /usr/local/CrossPack-AVR-20131128/lib/gcc/avr/4.7.2/avr5/libgcc.a(_udivmodqi4.o)
                0x00003588                __udivmodqi4
 .text.libgcc.div
                0x000035a0       0x28 /usr/local/CrossPack-AVR-20131128/lib/gcc/avr/4.7.2/avr5/libgcc.a(_udivmodhi4.o)
                0x000035a0                __udivmodhi4
 .text.libgcc.div
                0x000035c8       0x26 /usr/local/CrossPack-AVR-20131128/lib/gcc/avr/4.7.2/avr5/libgcc.a(_divmodhi4.o)
                0x000035c8                __divmodhi4
                0x000035c8                _div
 .text.libgcc.div
                0x000035ee       0x44 /usr/local/CrossPack-AVR-20131128/lib/gcc/avr/4.7.2/avr5/libgcc.a(_udivmodsi4.o)
                0x000035ee                __udivmodsi4
 .text.libgcc.div
                0x00003632       0x36 /usr/local/CrossPack-AVR-20131128/lib/gcc/avr/4.7.2/avr5/libgcc.a(_divmodsi4.o)
                0x00003632                __divmodsi4
 .text.libgcc.mul
                0x00003668       0x14 /usr/local/CrossPack-AVR-20131128/lib/gcc/avr/4.7.2/avr5/libgcc.a(_muluhisi3.o)
                0x00003668                __muluhisi3
 .text.libgcc.mul
                0x0000367c        0xc /usr/local/CrossPack-AVR-20131128/lib/gcc/avr/4.7.2/avr5/libgcc.a(_mulshisi3.o)
                0x0000367c                __mulshisi3
                0x00003680                __mulohisi3
 .text.libgcc   0x00003688        0xc /usr/local/CrossPack-AVR-20131128/lib/gcc/avr/4.7.2/avr5/libgcc.a(_tablejump.o)
                0x00003688                __tablejump2__
                0x0000368c                __tablejump__
 .text.libgcc.mul
                0x00003694       0x18 /usr/local/CrossPack-AVR-20131128/lib/gcc/avr/4.7.2/avr5/libgcc.a(_umulhisi3.o)
                0x00003694                __umulhisi3
                0x000036ac                . = ALIGN (0x2)
 *(.fini9)
 .fini9         0x000036ac        0x0 /usr/local/CrossPack-AVR-20131128/lib/gcc/avr/4.7.2/avr5/libgcc.a(_exit.o)
                0x000036ac                _exit
 *(.fini9)
 *(.fini8)
 *(.fini8)
 *(.fini7)
 *(.fini7)
 *(.fini6)
 .fini6         0x000036ac       0x14 /usr/local/CrossPack-AVR-20131128/lib/gcc/avr/4.7.2/avr5/libgcc.a(_dtors.o)
                0x000036ac                __do_global_dtors
 *(.fini6)
 *(.fini5)
 *(.fini5)
 *(.fini4)
 *(.fini4)
 *(.fini3)
 *(.fini3)
 *(.fini2)
 *(.fini2)
 *(.fini1)
 *(.fini1)
 *(.fini0)
 .fini0         0x000036c0        0x4 /usr/local/CrossPack-AVR-20131128/lib/gcc/avr/4.7.2/avr5/libgcc.a(_exit.o)
 *(.fini0)
                0x000036c4                _etext = .

.data           0x00800100       0x90 load address 0x000036c4
                0x00800100                PROVIDE (__data_start, .)
 *(.data)
 .data          0x00800100        0x0 /usr/local/CrossPack-AVR-20131128/lib/gcc/avr/4.7.2/../../../../avr/lib/avr5/crtm328p.o
 .data          0x00800100        0x0 ./trinityRackCV.o
 .data          0x00800100        0x0 ./trinityRackCV_HW.o
 .data          0x00800100        0x0 /Users/dasvaclav/Documents/workspace/arduino-base/Release/libarduino-base.a(SPI.o)
 .data          0x00800100        0x0 /Users/dasvaclav/Documents/workspace/arduino-base/Release/libarduino-base.a(expADSR.o)
 .data          0x00800100        0x0 /Users/dasvaclav/Documents/workspace/arduino-base/Release/libarduino-base.a(interpolatingBuffer.o)
 .data          0x00800100        0x0 /Users/dasvaclav/Documents/workspace/arduino-base/Release/libarduino-base.a(lfoExtended.o)
 .data          0x00800100        0x0 /Users/dasvaclav/Documents/workspace/arduino-base/Release/libarduino-base.a(random.o)
 .data          0x00800100        0x0 /Users/dasvaclav/Documents/workspace/arduino-base/Release/libarduino-base.a(simpleSerialDecoder.o)
 .data          0x00800100        0x0 /Users/dasvaclav/Documents/workspace/arduino-base/Release/libarduino-base.a(simpleSerialProtocol.o)
 .data          0x00800100        0x0 /Users/dasvaclav/Documents/workspace/arduino-base/Release/libarduino-base.a(HardwareSerial.o)
 .data          0x00800100        0x0 /Users/dasvaclav/Documents/workspace/arduino-base/Release/libarduino-base.a(Print.o)
 .data          0x00800100        0x0 /Users/dasvaclav/Documents/workspace/arduino-base/Release/libarduino-base.a(WMath.o)
 .data          0x00800100        0x0 /Users/dasvaclav/Documents/workspace/arduino-base/Release/libarduino-base.a(WString.o)
 .data          0x00800100        0x0 /Users/dasvaclav/Documents/workspace/arduino-base/Release/libarduino-base.a(new.o)
 .data          0x00800100        0x0 /Users/dasvaclav/Documents/workspace/arduino-base/Release/libarduino-base.a(wiring.o)
 .data          0x00800100        0x0 /Users/dasvaclav/Documents/workspace/arduino-base/Release/libarduino-base.a(wiring_digital.o)
 .data          0x00800100        0x0 /Users/dasvaclav/Documents/workspace/arduino-base/Release/libarduino-base.a(malloc.o)
 .data          0x00800100        0x0 /Users/dasvaclav/Documents/workspace/arduino-base/Release/libarduino-base.a(realloc.o)
 .data          0x00800100        0x4 /usr/local/CrossPack-AVR-20131128/lib/gcc/avr/4.7.2/../../../../avr/lib/avr5/libc.a(random.o)
 .data          0x00800104        0x0 /usr/local/CrossPack-AVR-20131128/lib/gcc/avr/4.7.2/../../../../avr/lib/avr5/libc.a(atol.o)
 .data          0x00800104        0x0 /usr/local/CrossPack-AVR-20131128/lib/gcc/avr/4.7.2/../../../../avr/lib/avr5/libc.a(exit.o)
 .data          0x00800104        0x0 /usr/local/CrossPack-AVR-20131128/lib/gcc/avr/4.7.2/../../../../avr/lib/avr5/libc.a(isspace.o)
 .data          0x00800104        0x0 /usr/local/CrossPack-AVR-20131128/lib/gcc/avr/4.7.2/../../../../avr/lib/avr5/libc.a(tolower.o)
 .data          0x00800104        0x0 /usr/local/CrossPack-AVR-20131128/lib/gcc/avr/4.7.2/../../../../avr/lib/avr5/libc.a(toupper.o)
 .data          0x00800104        0x0 /usr/local/CrossPack-AVR-20131128/lib/gcc/avr/4.7.2/../../../../avr/lib/avr5/libc.a(memcpy.o)
 .data          0x00800104        0x0 /usr/local/CrossPack-AVR-20131128/lib/gcc/avr/4.7.2/../../../../avr/lib/avr5/libc.a(memmove.o)
 .data          0x00800104        0x0 /usr/local/CrossPack-AVR-20131128/lib/gcc/avr/4.7.2/../../../../avr/lib/avr5/libc.a(strchr.o)
 .data          0x00800104        0x0 /usr/local/CrossPack-AVR-20131128/lib/gcc/avr/4.7.2/../../../../avr/lib/avr5/libc.a(strcmp.o)
 .data          0x00800104        0x0 /usr/local/CrossPack-AVR-20131128/lib/gcc/avr/4.7.2/../../../../avr/lib/avr5/libc.a(strcpy.o)
 .data          0x00800104        0x0 /usr/local/CrossPack-AVR-20131128/lib/gcc/avr/4.7.2/../../../../avr/lib/avr5/libc.a(strncmp.o)
 .data          0x00800104        0x0 /usr/local/CrossPack-AVR-20131128/lib/gcc/avr/4.7.2/../../../../avr/lib/avr5/libc.a(strncpy.o)
 .data          0x00800104        0x0 /usr/local/CrossPack-AVR-20131128/lib/gcc/avr/4.7.2/../../../../avr/lib/avr5/libc.a(strrchr.o)
 .data          0x00800104        0x0 /usr/local/CrossPack-AVR-20131128/lib/gcc/avr/4.7.2/../../../../avr/lib/avr5/libc.a(strstr.o)
 .data          0x00800104        0x0 /usr/local/CrossPack-AVR-20131128/lib/gcc/avr/4.7.2/../../../../avr/lib/avr5/libc.a(itoa.o)
 .data          0x00800104        0x0 /usr/local/CrossPack-AVR-20131128/lib/gcc/avr/4.7.2/../../../../avr/lib/avr5/libc.a(ltoa.o)
 .data          0x00800104        0x0 /usr/local/CrossPack-AVR-20131128/lib/gcc/avr/4.7.2/../../../../avr/lib/avr5/libc.a(mulsi10.o)
 .data          0x00800104        0x0 /usr/local/CrossPack-AVR-20131128/lib/gcc/avr/4.7.2/../../../../avr/lib/avr5/libc.a(ultoa.o)
 .data          0x00800104        0x0 /usr/local/CrossPack-AVR-20131128/lib/gcc/avr/4.7.2/../../../../avr/lib/avr5/libc.a(utoa.o)
 .data          0x00800104        0x0 /usr/local/CrossPack-AVR-20131128/lib/gcc/avr/4.7.2/../../../../avr/lib/avr5/libc.a(addsf3.o)
 .data          0x00800104        0x0 /usr/local/CrossPack-AVR-20131128/lib/gcc/avr/4.7.2/../../../../avr/lib/avr5/libc.a(addsf3x.o)
 .data          0x00800104        0x0 /usr/local/CrossPack-AVR-20131128/lib/gcc/avr/4.7.2/../../../../avr/lib/avr5/libc.a(cmpsf2.o)
 .data          0x00800104        0x0 /usr/local/CrossPack-AVR-20131128/lib/gcc/avr/4.7.2/../../../../avr/lib/avr5/libc.a(divsf3.o)
 .data          0x00800104        0x0 /usr/local/CrossPack-AVR-20131128/lib/gcc/avr/4.7.2/../../../../avr/lib/avr5/libc.a(divsf3x.o)
 .data          0x00800104        0x0 /usr/local/CrossPack-AVR-20131128/lib/gcc/avr/4.7.2/../../../../avr/lib/avr5/libc.a(exp.o)
 .data          0x00800104        0x0 /usr/local/CrossPack-AVR-20131128/lib/gcc/avr/4.7.2/../../../../avr/lib/avr5/libc.a(fixsfsi.o)
 .data          0x00800104        0x0 /usr/local/CrossPack-AVR-20131128/lib/gcc/avr/4.7.2/../../../../avr/lib/avr5/libc.a(fixunssfsi.o)
 .data          0x00800104        0x0 /usr/local/CrossPack-AVR-20131128/lib/gcc/avr/4.7.2/../../../../avr/lib/avr5/libc.a(floatsisf.o)
 .data          0x00800104        0x0 /usr/local/CrossPack-AVR-20131128/lib/gcc/avr/4.7.2/../../../../avr/lib/avr5/libc.a(fp_cmp.o)
 .data          0x00800104        0x0 /usr/local/CrossPack-AVR-20131128/lib/gcc/avr/4.7.2/../../../../avr/lib/avr5/libc.a(fp_inf.o)
 .data          0x00800104        0x0 /usr/local/CrossPack-AVR-20131128/lib/gcc/avr/4.7.2/../../../../avr/lib/avr5/libc.a(fp_nan.o)
 .data          0x00800104        0x0 /usr/local/CrossPack-AVR-20131128/lib/gcc/avr/4.7.2/../../../../avr/lib/avr5/libc.a(fp_powser.o)
 .data          0x00800104        0x0 /usr/local/CrossPack-AVR-20131128/lib/gcc/avr/4.7.2/../../../../avr/lib/avr5/libc.a(fp_pscA.o)
 .data          0x00800104        0x0 /usr/local/CrossPack-AVR-20131128/lib/gcc/avr/4.7.2/../../../../avr/lib/avr5/libc.a(fp_pscB.o)
 .data          0x00800104        0x0 /usr/local/CrossPack-AVR-20131128/lib/gcc/avr/4.7.2/../../../../avr/lib/avr5/libc.a(fp_round.o)
 .data          0x00800104        0x0 /usr/local/CrossPack-AVR-20131128/lib/gcc/avr/4.7.2/../../../../avr/lib/avr5/libc.a(fp_split3.o)
 .data          0x00800104        0x0 /usr/local/CrossPack-AVR-20131128/lib/gcc/avr/4.7.2/../../../../avr/lib/avr5/libc.a(fp_zero.o)
 .data          0x00800104        0x0 /usr/local/CrossPack-AVR-20131128/lib/gcc/avr/4.7.2/../../../../avr/lib/avr5/libc.a(gesf2.o)
 .data          0x00800104        0x0 /usr/local/CrossPack-AVR-20131128/lib/gcc/avr/4.7.2/../../../../avr/lib/avr5/libc.a(inverse.o)
 .data          0x00800104        0x0 /usr/local/CrossPack-AVR-20131128/lib/gcc/avr/4.7.2/../../../../avr/lib/avr5/libc.a(ldexp.o)
 .data          0x00800104        0x0 /usr/local/CrossPack-AVR-20131128/lib/gcc/avr/4.7.2/../../../../avr/lib/avr5/libc.a(log.o)
 .data          0x00800104        0x0 /usr/local/CrossPack-AVR-20131128/lib/gcc/avr/4.7.2/../../../../avr/lib/avr5/libc.a(modf.o)
 .data          0x00800104        0x0 /usr/local/CrossPack-AVR-20131128/lib/gcc/avr/4.7.2/../../../../avr/lib/avr5/libc.a(mulsf3.o)
 .data          0x00800104        0x0 /usr/local/CrossPack-AVR-20131128/lib/gcc/avr/4.7.2/../../../../avr/lib/avr5/libc.a(mulsf3x.o)
 .data          0x00800104        0x0 /usr/local/CrossPack-AVR-20131128/lib/gcc/avr/4.7.2/../../../../avr/lib/avr5/libc.a(unordsf2.o)
 .data          0x00800104        0x0 /usr/local/CrossPack-AVR-20131128/lib/gcc/avr/4.7.2/../../../../avr/lib/avr5/libc.a(cty_isfalse.o)
 .data          0x00800104        0x0 /usr/local/CrossPack-AVR-20131128/lib/gcc/avr/4.7.2/../../../../avr/lib/avr5/libc.a(strrev.o)
 .data          0x00800104        0x0 /usr/local/CrossPack-AVR-20131128/lib/gcc/avr/4.7.2/../../../../avr/lib/avr5/libc.a(fp_mpack.o)
 .data          0x00800104        0x0 /usr/local/CrossPack-AVR-20131128/lib/gcc/avr/4.7.2/avr5/libgcc.a(_mulsi3.o)
 .data          0x00800104        0x0 /usr/local/CrossPack-AVR-20131128/lib/gcc/avr/4.7.2/avr5/libgcc.a(_udivmodqi4.o)
 .data          0x00800104        0x0 /usr/local/CrossPack-AVR-20131128/lib/gcc/avr/4.7.2/avr5/libgcc.a(_udivmodhi4.o)
 .data          0x00800104        0x0 /usr/local/CrossPack-AVR-20131128/lib/gcc/avr/4.7.2/avr5/libgcc.a(_divmodhi4.o)
 .data          0x00800104        0x0 /usr/local/CrossPack-AVR-20131128/lib/gcc/avr/4.7.2/avr5/libgcc.a(_udivmodsi4.o)
 .data          0x00800104        0x0 /usr/local/CrossPack-AVR-20131128/lib/gcc/avr/4.7.2/avr5/libgcc.a(_divmodsi4.o)
 .data          0x00800104        0x0 /usr/local/CrossPack-AVR-20131128/lib/gcc/avr/4.7.2/avr5/libgcc.a(_exit.o)
 .data          0x00800104        0x0 /usr/local/CrossPack-AVR-20131128/lib/gcc/avr/4.7.2/avr5/libgcc.a(_copy_data.o)
 .data          0x00800104        0x0 /usr/local/CrossPack-AVR-20131128/lib/gcc/avr/4.7.2/avr5/libgcc.a(_clear_bss.o)
 .data          0x00800104        0x0 /usr/local/CrossPack-AVR-20131128/lib/gcc/avr/4.7.2/avr5/libgcc.a(_ctors.o)
 .data          0x00800104        0x0 /usr/local/CrossPack-AVR-20131128/lib/gcc/avr/4.7.2/avr5/libgcc.a(_dtors.o)
 .data          0x00800104        0x0 /usr/local/CrossPack-AVR-20131128/lib/gcc/avr/4.7.2/avr5/libgcc.a(_muluhisi3.o)
 .data          0x00800104        0x0 /usr/local/CrossPack-AVR-20131128/lib/gcc/avr/4.7.2/avr5/libgcc.a(_mulshisi3.o)
 .data          0x00800104        0x0 /usr/local/CrossPack-AVR-20131128/lib/gcc/avr/4.7.2/avr5/libgcc.a(_tablejump.o)
 .data          0x00800104        0x0 /usr/local/CrossPack-AVR-20131128/lib/gcc/avr/4.7.2/avr5/libgcc.a(_umulhisi3.o)
 *(.data*)
 .data.ADSRMap  0x00800104       0x14 ./trinityRackCV.o
                0x00800104                ADSRMap
 .data.LFOMap   0x00800118       0x14 ./trinityRackCV.o
                0x00800118                LFOMap
 .data._ZZN11bastlRandom4byteEvE9rand_seed
                0x0080012c        0x2 /Users/dasvaclav/Documents/workspace/arduino-base/Release/libarduino-base.a(random.o)
 *(.rodata)
 *(.rodata*)
 .rodata._ZL13usefulLengths
                0x0080012e       0x20 ./trinityRackCV.o
 .rodata._ZTV16trinityRackCV_HW
                0x0080014e       0x24 ./trinityRackCV_HW.o
                0x0080014e                _ZTV16trinityRackCV_HW
 .rodata._ZL9analogPin
                0x00800172        0x6 ./trinityRackCV_HW.o
 .rodata._ZL9dacNumber
                0x00800178        0x8 ./trinityRackCV_HW.o
 .rodata._ZTV14HardwareSerial
                0x00800180       0x10 /Users/dasvaclav/Documents/workspace/arduino-base/Release/libarduino-base.a(HardwareSerial.o)
                0x00800180                _ZTV14HardwareSerial
 *(.gnu.linkonce.d*)
                0x00800190                . = ALIGN (0x2)
                0x00800190                _edata = .
                0x00800190                PROVIDE (__data_end, .)

.bss            0x00800190      0x5b1
                0x00800190                PROVIDE (__bss_start, .)
 *(.bss)
 *(.bss*)
 .bss.time      0x00800190        0x4 ./trinityRackCV.o
                0x00800190                time
 .bss.testTime  0x00800194        0x2 ./trinityRackCV.o
                0x00800194                testTime
 .bss.syncStepNumber
                0x00800196        0x2 ./trinityRackCV.o
                0x00800196                syncStepNumber
 .bss.channelRecord
                0x00800198        0x6 ./trinityRackCV.o
                0x00800198                channelRecord
 .bss.writeToStep
                0x0080019e        0x6 ./trinityRackCV.o
                0x0080019e                writeToStep
 .bss.randomLfo
                0x008001a4        0x6 ./trinityRackCV.o
                0x008001a4                randomLfo
 .bss.wshape    0x008001aa        0x1 ./trinityRackCV.o
                0x008001aa                wshape
 .bss.currentStepNumber
                0x008001ab        0x1 ./trinityRackCV.o
                0x008001ab                currentStepNumber
 .bss.lastTime  0x008001ac        0x4 ./trinityRackCV.o
                0x008001ac                lastTime
 .bss.clockInDuration
                0x008001b0        0x4 ./trinityRackCV.o
                0x008001b0                clockInDuration
 .bss.channelValue
                0x008001b4       0x18 ./trinityRackCV.o
                0x008001b4                channelValue
 .bss.channelMode
                0x008001cc        0x6 ./trinityRackCV.o
                0x008001cc                channelMode
 .bss.triggerTime
                0x008001d2       0x18 ./trinityRackCV.o
                0x008001d2                triggerTime
 .bss.gateOut   0x008001ea        0x6 ./trinityRackCV.o
                0x008001ea                gateOut
 .bss.syncFast  0x008001f0        0x6 ./trinityRackCV.o
                0x008001f0                syncFast
 .bss.syncFactor
                0x008001f6        0xc ./trinityRackCV.o
                0x008001f6                syncFactor
 .bss.channelSync
                0x00800202        0x6 ./trinityRackCV.o
                0x00800202                channelSync
 .bss.selectedChannel
                0x00800208        0x1 ./trinityRackCV.o
                0x00800208                selectedChannel
 .bss._time     0x00800209        0x4 ./trinityRackCV.o
                0x00800209                _time
 .bss.gate      0x0080020d        0x6 ./trinityRackCV.o
                0x0080020d                gate
 .bss.com       0x00800213       0x22 ./trinityRackCV.o
                0x00800213                com
 .bss.LFO       0x00800235       0x8a ./trinityRackCV.o
                0x00800235                LFO
 .bss.envelope  0x008002bf      0x180 ./trinityRackCV.o
                0x008002bf                envelope
 .bss.buffer    0x0080043f      0x1f2 ./trinityRackCV.o
                0x0080043f                buffer
 .bss.hardware  0x00800631       0x28 ./trinityRackCV_HW.o
                0x00800631                hardware
 .bss.linear    0x00800659       0x30 /Users/dasvaclav/Documents/workspace/arduino-base/Release/libarduino-base.a(interpolatingBuffer.o)
                0x00800659                linear
 .bss._ZZN11lfoExtended8getValueEjE13lastTimeStamp
                0x00800689        0x2 /Users/dasvaclav/Documents/workspace/arduino-base/Release/libarduino-base.a(lfoExtended.o)
 .bss._serial   0x0080068b        0x3 /Users/dasvaclav/Documents/workspace/arduino-base/Release/libarduino-base.a(simpleSerialDecoder.o)
                0x0080068b                _serial
 .bss.Serial    0x0080068e       0x22 /Users/dasvaclav/Documents/workspace/arduino-base/Release/libarduino-base.a(HardwareSerial.o)
                0x0080068e                Serial
 .bss.tx_buffer
                0x008006b0       0x44 /Users/dasvaclav/Documents/workspace/arduino-base/Release/libarduino-base.a(HardwareSerial.o)
                0x008006b0                tx_buffer
 .bss.rx_buffer
                0x008006f4       0x44 /Users/dasvaclav/Documents/workspace/arduino-base/Release/libarduino-base.a(HardwareSerial.o)
                0x008006f4                rx_buffer
 .bss.timer0_millis
                0x00800738        0x4 /Users/dasvaclav/Documents/workspace/arduino-base/Release/libarduino-base.a(wiring.o)
                0x00800738                timer0_millis
 .bss.timer0_overflow_count
                0x0080073c        0x4 /Users/dasvaclav/Documents/workspace/arduino-base/Release/libarduino-base.a(wiring.o)
                0x0080073c                timer0_overflow_count
 .bss.timer0_fract
                0x00800740        0x1 /Users/dasvaclav/Documents/workspace/arduino-base/Release/libarduino-base.a(wiring.o)
 *(COMMON)
                0x00800741                PROVIDE (__bss_end, .)
                0x000036c4                __data_load_start = LOADADDR (.data)
                0x00003754                __data_load_end = (__data_load_start + SIZEOF (.data))

.noinit         0x00800741        0x0
                0x00800741                PROVIDE (__noinit_start, .)
 *(.noinit*)
                0x00800741                PROVIDE (__noinit_end, .)
                0x00800741                _end = .
                0x00800741                PROVIDE (__heap_start, .)

.eeprom         0x00810000        0x0
 *(.eeprom*)
                0x00810000                __eeprom_end = .

.fuse
 *(.fuse)
 *(.lfuse)
 *(.hfuse)
 *(.efuse)

.lock
 *(.lock*)

.signature
 *(.signature*)

.user_signatures
 *(.user_signatures*)

.stab           0x00000000     0x3e88
 *(.stab)
 .stab          0x00000000      0x6cc /usr/local/CrossPack-AVR-20131128/lib/gcc/avr/4.7.2/../../../../avr/lib/avr5/crtm328p.o
 .stab          0x000006cc      0x1e0 /usr/local/CrossPack-AVR-20131128/lib/gcc/avr/4.7.2/../../../../avr/lib/avr5/libc.a(atol.o)
                                0x1ec (size before relaxing)
 .stab          0x000008ac       0x30 /usr/local/CrossPack-AVR-20131128/lib/gcc/avr/4.7.2/../../../../avr/lib/avr5/libc.a(exit.o)
                                 0x3c (size before relaxing)
 .stab          0x000008dc       0x18 /usr/local/CrossPack-AVR-20131128/lib/gcc/avr/4.7.2/../../../../avr/lib/avr5/libc.a(isspace.o)
                                 0xa8 (size before relaxing)
 .stab          0x000008f4       0x18 /usr/local/CrossPack-AVR-20131128/lib/gcc/avr/4.7.2/../../../../avr/lib/avr5/libc.a(tolower.o)
                                 0xa8 (size before relaxing)
 .stab          0x0000090c       0x18 /usr/local/CrossPack-AVR-20131128/lib/gcc/avr/4.7.2/../../../../avr/lib/avr5/libc.a(toupper.o)
                                 0xa8 (size before relaxing)
 .stab          0x00000924       0x84 /usr/local/CrossPack-AVR-20131128/lib/gcc/avr/4.7.2/../../../../avr/lib/avr5/libc.a(memcpy.o)
                                 0x90 (size before relaxing)
 .stab          0x000009a8       0xe4 /usr/local/CrossPack-AVR-20131128/lib/gcc/avr/4.7.2/../../../../avr/lib/avr5/libc.a(memmove.o)
                                 0xf0 (size before relaxing)
 .stab          0x00000a8c       0x9c /usr/local/CrossPack-AVR-20131128/lib/gcc/avr/4.7.2/../../../../avr/lib/avr5/libc.a(strchr.o)
                                 0xa8 (size before relaxing)
 .stab          0x00000b28       0x84 /usr/local/CrossPack-AVR-20131128/lib/gcc/avr/4.7.2/../../../../avr/lib/avr5/libc.a(strcmp.o)
                                 0x90 (size before relaxing)
 .stab          0x00000bac       0x6c /usr/local/CrossPack-AVR-20131128/lib/gcc/avr/4.7.2/../../../../avr/lib/avr5/libc.a(strcpy.o)
                                 0x78 (size before relaxing)
 .stab          0x00000c18       0xc0 /usr/local/CrossPack-AVR-20131128/lib/gcc/avr/4.7.2/../../../../avr/lib/avr5/libc.a(strncmp.o)
                                 0xcc (size before relaxing)
 .stab          0x00000cd8       0xcc /usr/local/CrossPack-AVR-20131128/lib/gcc/avr/4.7.2/../../../../avr/lib/avr5/libc.a(strncpy.o)
                                 0xd8 (size before relaxing)
 .stab          0x00000da4       0x9c /usr/local/CrossPack-AVR-20131128/lib/gcc/avr/4.7.2/../../../../avr/lib/avr5/libc.a(strrchr.o)
                                 0xa8 (size before relaxing)
 .stab          0x00000e40      0x150 /usr/local/CrossPack-AVR-20131128/lib/gcc/avr/4.7.2/../../../../avr/lib/avr5/libc.a(strstr.o)
                                0x15c (size before relaxing)
 .stab          0x00000f90       0x18 /usr/local/CrossPack-AVR-20131128/lib/gcc/avr/4.7.2/../../../../avr/lib/avr5/libc.a(itoa.o)
                                0x1bc (size before relaxing)
 .stab          0x00000fa8       0x18 /usr/local/CrossPack-AVR-20131128/lib/gcc/avr/4.7.2/../../../../avr/lib/avr5/libc.a(ltoa.o)
                                0x2a0 (size before relaxing)
 .stab          0x00000fc0      0x114 /usr/local/CrossPack-AVR-20131128/lib/gcc/avr/4.7.2/../../../../avr/lib/avr5/libc.a(mulsi10.o)
                                0x120 (size before relaxing)
 .stab          0x000010d4       0x18 /usr/local/CrossPack-AVR-20131128/lib/gcc/avr/4.7.2/../../../../avr/lib/avr5/libc.a(ultoa.o)
                                0x1ec (size before relaxing)
 .stab          0x000010ec       0x18 /usr/local/CrossPack-AVR-20131128/lib/gcc/avr/4.7.2/../../../../avr/lib/avr5/libc.a(utoa.o)
                                0x138 (size before relaxing)
 .stab          0x00001104       0x78 /usr/local/CrossPack-AVR-20131128/lib/gcc/avr/4.7.2/../../../../avr/lib/avr5/libc.a(addsf3.o)
                                 0x84 (size before relaxing)
 .stab          0x0000117c      0x4bc /usr/local/CrossPack-AVR-20131128/lib/gcc/avr/4.7.2/../../../../avr/lib/avr5/libc.a(addsf3x.o)
                                0x4c8 (size before relaxing)
 .stab          0x00001638       0x90 /usr/local/CrossPack-AVR-20131128/lib/gcc/avr/4.7.2/../../../../avr/lib/avr5/libc.a(cmpsf2.o)
                                 0x9c (size before relaxing)
 .stab          0x000016c8       0x48 /usr/local/CrossPack-AVR-20131128/lib/gcc/avr/4.7.2/../../../../avr/lib/avr5/libc.a(divsf3.o)
                                 0x54 (size before relaxing)
 .stab          0x00001710      0x510 /usr/local/CrossPack-AVR-20131128/lib/gcc/avr/4.7.2/../../../../avr/lib/avr5/libc.a(divsf3x.o)
                                0x51c (size before relaxing)
 .stab          0x00001c20      0x288 /usr/local/CrossPack-AVR-20131128/lib/gcc/avr/4.7.2/../../../../avr/lib/avr5/libc.a(exp.o)
                                0x294 (size before relaxing)
 .stab          0x00001ea8       0x6c /usr/local/CrossPack-AVR-20131128/lib/gcc/avr/4.7.2/../../../../avr/lib/avr5/libc.a(fixsfsi.o)
                                 0x78 (size before relaxing)
 .stab          0x00001f14      0x240 /usr/local/CrossPack-AVR-20131128/lib/gcc/avr/4.7.2/../../../../avr/lib/avr5/libc.a(fixunssfsi.o)
                                0x24c (size before relaxing)
 .stab          0x00002154      0x318 /usr/local/CrossPack-AVR-20131128/lib/gcc/avr/4.7.2/../../../../avr/lib/avr5/libc.a(floatsisf.o)
                                0x324 (size before relaxing)
 .stab          0x0000246c      0x1e0 /usr/local/CrossPack-AVR-20131128/lib/gcc/avr/4.7.2/../../../../avr/lib/avr5/libc.a(fp_cmp.o)
                                0x1ec (size before relaxing)
 .stab          0x0000264c       0x78 /usr/local/CrossPack-AVR-20131128/lib/gcc/avr/4.7.2/../../../../avr/lib/avr5/libc.a(fp_inf.o)
                                 0x84 (size before relaxing)
 .stab          0x000026c4       0x54 /usr/local/CrossPack-AVR-20131128/lib/gcc/avr/4.7.2/../../../../avr/lib/avr5/libc.a(fp_nan.o)
                                 0x60 (size before relaxing)
 .stab          0x00002718      0x1ec /usr/local/CrossPack-AVR-20131128/lib/gcc/avr/4.7.2/../../../../avr/lib/avr5/libc.a(fp_powser.o)
                                0x1f8 (size before relaxing)
 .stab          0x00002904       0x84 /usr/local/CrossPack-AVR-20131128/lib/gcc/avr/4.7.2/../../../../avr/lib/avr5/libc.a(fp_pscA.o)
                                 0x90 (size before relaxing)
 .stab          0x00002988       0x84 /usr/local/CrossPack-AVR-20131128/lib/gcc/avr/4.7.2/../../../../avr/lib/avr5/libc.a(fp_pscB.o)
                                 0x90 (size before relaxing)
 .stab          0x00002a0c       0xfc /usr/local/CrossPack-AVR-20131128/lib/gcc/avr/4.7.2/../../../../avr/lib/avr5/libc.a(fp_round.o)
                                0x108 (size before relaxing)
 .stab          0x00002b08      0x1d4 /usr/local/CrossPack-AVR-20131128/lib/gcc/avr/4.7.2/../../../../avr/lib/avr5/libc.a(fp_split3.o)
                                0x1e0 (size before relaxing)
 .stab          0x00002cdc       0x90 /usr/local/CrossPack-AVR-20131128/lib/gcc/avr/4.7.2/../../../../avr/lib/avr5/libc.a(fp_zero.o)
                                 0x9c (size before relaxing)
 .stab          0x00002d6c       0x6c /usr/local/CrossPack-AVR-20131128/lib/gcc/avr/4.7.2/../../../../avr/lib/avr5/libc.a(gesf2.o)
                                 0x78 (size before relaxing)
 .stab          0x00002dd8       0x84 /usr/local/CrossPack-AVR-20131128/lib/gcc/avr/4.7.2/../../../../avr/lib/avr5/libc.a(inverse.o)
                                 0x90 (size before relaxing)
 .stab          0x00002e5c      0x2c4 /usr/local/CrossPack-AVR-20131128/lib/gcc/avr/4.7.2/../../../../avr/lib/avr5/libc.a(ldexp.o)
                                0x2d0 (size before relaxing)
 .stab          0x00003120      0x378 /usr/local/CrossPack-AVR-20131128/lib/gcc/avr/4.7.2/../../../../avr/lib/avr5/libc.a(log.o)
                                0x384 (size before relaxing)
 .stab          0x00003498      0x2a0 /usr/local/CrossPack-AVR-20131128/lib/gcc/avr/4.7.2/../../../../avr/lib/avr5/libc.a(modf.o)
                                0x2ac (size before relaxing)
 .stab          0x00003738       0x48 /usr/local/CrossPack-AVR-20131128/lib/gcc/avr/4.7.2/../../../../avr/lib/avr5/libc.a(mulsf3.o)
                                 0x54 (size before relaxing)
 .stab          0x00003780      0x4d4 /usr/local/CrossPack-AVR-20131128/lib/gcc/avr/4.7.2/../../../../avr/lib/avr5/libc.a(mulsf3x.o)
                                0x4e0 (size before relaxing)
 .stab          0x00003c54       0x60 /usr/local/CrossPack-AVR-20131128/lib/gcc/avr/4.7.2/../../../../avr/lib/avr5/libc.a(unordsf2.o)
                                 0x6c (size before relaxing)
 .stab          0x00003cb4       0x18 /usr/local/CrossPack-AVR-20131128/lib/gcc/avr/4.7.2/../../../../avr/lib/avr5/libc.a(cty_isfalse.o)
                                 0x6c (size before relaxing)
 .stab          0x00003ccc       0xd8 /usr/local/CrossPack-AVR-20131128/lib/gcc/avr/4.7.2/../../../../avr/lib/avr5/libc.a(strrev.o)
                                 0xe4 (size before relaxing)
 .stab          0x00003da4       0xe4 /usr/local/CrossPack-AVR-20131128/lib/gcc/avr/4.7.2/../../../../avr/lib/avr5/libc.a(fp_mpack.o)
                                 0xf0 (size before relaxing)

.stabstr        0x00000000     0x1171
 *(.stabstr)
 .stabstr       0x00000000     0x1171 /usr/local/CrossPack-AVR-20131128/lib/gcc/avr/4.7.2/../../../../avr/lib/avr5/crtm328p.o

.stab.excl
 *(.stab.excl)

.stab.exclstr
 *(.stab.exclstr)

.stab.index
 *(.stab.index)

.stab.indexstr
 *(.stab.indexstr)

.comment        0x00000000       0x11
 *(.comment)
 .comment       0x00000000       0x11 ./trinityRackCV.o
                                 0x12 (size before relaxing)
 .comment       0x00000000       0x12 ./trinityRackCV_HW.o
 .comment       0x00000000       0x12 /Users/dasvaclav/Documents/workspace/arduino-base/Release/libarduino-base.a(SPI.o)
 .comment       0x00000000       0x12 /Users/dasvaclav/Documents/workspace/arduino-base/Release/libarduino-base.a(expADSR.o)
 .comment       0x00000000       0x12 /Users/dasvaclav/Documents/workspace/arduino-base/Release/libarduino-base.a(interpolatingBuffer.o)
 .comment       0x00000000       0x12 /Users/dasvaclav/Documents/workspace/arduino-base/Release/libarduino-base.a(lfoExtended.o)
 .comment       0x00000000       0x12 /Users/dasvaclav/Documents/workspace/arduino-base/Release/libarduino-base.a(random.o)
 .comment       0x00000000       0x12 /Users/dasvaclav/Documents/workspace/arduino-base/Release/libarduino-base.a(simpleSerialDecoder.o)
 .comment       0x00000000       0x12 /Users/dasvaclav/Documents/workspace/arduino-base/Release/libarduino-base.a(simpleSerialProtocol.o)
 .comment       0x00000000       0x12 /Users/dasvaclav/Documents/workspace/arduino-base/Release/libarduino-base.a(HardwareSerial.o)
 .comment       0x00000000       0x12 /Users/dasvaclav/Documents/workspace/arduino-base/Release/libarduino-base.a(Print.o)
 .comment       0x00000000       0x12 /Users/dasvaclav/Documents/workspace/arduino-base/Release/libarduino-base.a(WMath.o)
 .comment       0x00000000       0x12 /Users/dasvaclav/Documents/workspace/arduino-base/Release/libarduino-base.a(WString.o)
 .comment       0x00000000       0x12 /Users/dasvaclav/Documents/workspace/arduino-base/Release/libarduino-base.a(new.o)
 .comment       0x00000000       0x12 /Users/dasvaclav/Documents/workspace/arduino-base/Release/libarduino-base.a(wiring.o)
 .comment       0x00000000       0x12 /Users/dasvaclav/Documents/workspace/arduino-base/Release/libarduino-base.a(wiring_digital.o)
 .comment       0x00000000       0x12 /Users/dasvaclav/Documents/workspace/arduino-base/Release/libarduino-base.a(malloc.o)
 .comment       0x00000000       0x12 /Users/dasvaclav/Documents/workspace/arduino-base/Release/libarduino-base.a(realloc.o)
 .comment       0x00000000       0x12 /usr/local/CrossPack-AVR-20131128/lib/gcc/avr/4.7.2/../../../../avr/lib/avr5/libc.a(random.o)

.debug
 *(.debug)

.line
 *(.line)

.debug_srcinfo
 *(.debug_srcinfo)

.debug_sfnames
 *(.debug_sfnames)

.debug_aranges  0x00000000      0x218
 *(.debug_aranges)
 .debug_aranges
                0x00000000       0x38 /usr/local/CrossPack-AVR-20131128/lib/gcc/avr/4.7.2/../../../../avr/lib/avr5/libc.a(random.o)
 .debug_aranges
                0x00000038       0x20 /usr/local/CrossPack-AVR-20131128/lib/gcc/avr/4.7.2/avr5/libgcc.a(_mulsi3.o)
 .debug_aranges
                0x00000058       0x20 /usr/local/CrossPack-AVR-20131128/lib/gcc/avr/4.7.2/avr5/libgcc.a(_udivmodqi4.o)
 .debug_aranges
                0x00000078       0x20 /usr/local/CrossPack-AVR-20131128/lib/gcc/avr/4.7.2/avr5/libgcc.a(_udivmodhi4.o)
 .debug_aranges
                0x00000098       0x20 /usr/local/CrossPack-AVR-20131128/lib/gcc/avr/4.7.2/avr5/libgcc.a(_divmodhi4.o)
 .debug_aranges
                0x000000b8       0x20 /usr/local/CrossPack-AVR-20131128/lib/gcc/avr/4.7.2/avr5/libgcc.a(_udivmodsi4.o)
 .debug_aranges
                0x000000d8       0x20 /usr/local/CrossPack-AVR-20131128/lib/gcc/avr/4.7.2/avr5/libgcc.a(_divmodsi4.o)
 .debug_aranges
                0x000000f8       0x20 /usr/local/CrossPack-AVR-20131128/lib/gcc/avr/4.7.2/avr5/libgcc.a(_exit.o)
 .debug_aranges
                0x00000118       0x20 /usr/local/CrossPack-AVR-20131128/lib/gcc/avr/4.7.2/avr5/libgcc.a(_copy_data.o)
 .debug_aranges
                0x00000138       0x20 /usr/local/CrossPack-AVR-20131128/lib/gcc/avr/4.7.2/avr5/libgcc.a(_clear_bss.o)
 .debug_aranges
                0x00000158       0x20 /usr/local/CrossPack-AVR-20131128/lib/gcc/avr/4.7.2/avr5/libgcc.a(_ctors.o)
 .debug_aranges
                0x00000178       0x20 /usr/local/CrossPack-AVR-20131128/lib/gcc/avr/4.7.2/avr5/libgcc.a(_dtors.o)
 .debug_aranges
                0x00000198       0x20 /usr/local/CrossPack-AVR-20131128/lib/gcc/avr/4.7.2/avr5/libgcc.a(_muluhisi3.o)
 .debug_aranges
                0x000001b8       0x20 /usr/local/CrossPack-AVR-20131128/lib/gcc/avr/4.7.2/avr5/libgcc.a(_mulshisi3.o)
 .debug_aranges
                0x000001d8       0x20 /usr/local/CrossPack-AVR-20131128/lib/gcc/avr/4.7.2/avr5/libgcc.a(_tablejump.o)
 .debug_aranges
                0x000001f8       0x20 /usr/local/CrossPack-AVR-20131128/lib/gcc/avr/4.7.2/avr5/libgcc.a(_umulhisi3.o)

.debug_pubnames
 *(.debug_pubnames)

.debug_info     0x00000000      0xc83
 *(.debug_info)
 .debug_info    0x00000000      0x161 /usr/local/CrossPack-AVR-20131128/lib/gcc/avr/4.7.2/../../../../avr/lib/avr5/libc.a(random.o)
 .debug_info    0x00000161       0xbe /usr/local/CrossPack-AVR-20131128/lib/gcc/avr/4.7.2/avr5/libgcc.a(_mulsi3.o)
 .debug_info    0x0000021f       0xbe /usr/local/CrossPack-AVR-20131128/lib/gcc/avr/4.7.2/avr5/libgcc.a(_udivmodqi4.o)
 .debug_info    0x000002dd       0xbe /usr/local/CrossPack-AVR-20131128/lib/gcc/avr/4.7.2/avr5/libgcc.a(_udivmodhi4.o)
 .debug_info    0x0000039b       0xbe /usr/local/CrossPack-AVR-20131128/lib/gcc/avr/4.7.2/avr5/libgcc.a(_divmodhi4.o)
 .debug_info    0x00000459       0xbe /usr/local/CrossPack-AVR-20131128/lib/gcc/avr/4.7.2/avr5/libgcc.a(_udivmodsi4.o)
 .debug_info    0x00000517       0xbe /usr/local/CrossPack-AVR-20131128/lib/gcc/avr/4.7.2/avr5/libgcc.a(_divmodsi4.o)
 .debug_info    0x000005d5       0xbe /usr/local/CrossPack-AVR-20131128/lib/gcc/avr/4.7.2/avr5/libgcc.a(_exit.o)
 .debug_info    0x00000693       0xbe /usr/local/CrossPack-AVR-20131128/lib/gcc/avr/4.7.2/avr5/libgcc.a(_copy_data.o)
 .debug_info    0x00000751       0xbe /usr/local/CrossPack-AVR-20131128/lib/gcc/avr/4.7.2/avr5/libgcc.a(_clear_bss.o)
 .debug_info    0x0000080f       0xbe /usr/local/CrossPack-AVR-20131128/lib/gcc/avr/4.7.2/avr5/libgcc.a(_ctors.o)
 .debug_info    0x000008cd       0xbe /usr/local/CrossPack-AVR-20131128/lib/gcc/avr/4.7.2/avr5/libgcc.a(_dtors.o)
 .debug_info    0x0000098b       0xbe /usr/local/CrossPack-AVR-20131128/lib/gcc/avr/4.7.2/avr5/libgcc.a(_muluhisi3.o)
 .debug_info    0x00000a49       0xbe /usr/local/CrossPack-AVR-20131128/lib/gcc/avr/4.7.2/avr5/libgcc.a(_mulshisi3.o)
 .debug_info    0x00000b07       0xbe /usr/local/CrossPack-AVR-20131128/lib/gcc/avr/4.7.2/avr5/libgcc.a(_tablejump.o)
 .debug_info    0x00000bc5       0xbe /usr/local/CrossPack-AVR-20131128/lib/gcc/avr/4.7.2/avr5/libgcc.a(_umulhisi3.o)
 *(.gnu.linkonce.wi.*)

.debug_abbrev   0x00000000      0x204
 *(.debug_abbrev)
 .debug_abbrev  0x00000000       0xd8 /usr/local/CrossPack-AVR-20131128/lib/gcc/avr/4.7.2/../../../../avr/lib/avr5/libc.a(random.o)
 .debug_abbrev  0x000000d8       0x14 /usr/local/CrossPack-AVR-20131128/lib/gcc/avr/4.7.2/avr5/libgcc.a(_mulsi3.o)
 .debug_abbrev  0x000000ec       0x14 /usr/local/CrossPack-AVR-20131128/lib/gcc/avr/4.7.2/avr5/libgcc.a(_udivmodqi4.o)
 .debug_abbrev  0x00000100       0x14 /usr/local/CrossPack-AVR-20131128/lib/gcc/avr/4.7.2/avr5/libgcc.a(_udivmodhi4.o)
 .debug_abbrev  0x00000114       0x14 /usr/local/CrossPack-AVR-20131128/lib/gcc/avr/4.7.2/avr5/libgcc.a(_divmodhi4.o)
 .debug_abbrev  0x00000128       0x14 /usr/local/CrossPack-AVR-20131128/lib/gcc/avr/4.7.2/avr5/libgcc.a(_udivmodsi4.o)
 .debug_abbrev  0x0000013c       0x14 /usr/local/CrossPack-AVR-20131128/lib/gcc/avr/4.7.2/avr5/libgcc.a(_divmodsi4.o)
 .debug_abbrev  0x00000150       0x14 /usr/local/CrossPack-AVR-20131128/lib/gcc/avr/4.7.2/avr5/libgcc.a(_exit.o)
 .debug_abbrev  0x00000164       0x14 /usr/local/CrossPack-AVR-20131128/lib/gcc/avr/4.7.2/avr5/libgcc.a(_copy_data.o)
 .debug_abbrev  0x00000178       0x14 /usr/local/CrossPack-AVR-20131128/lib/gcc/avr/4.7.2/avr5/libgcc.a(_clear_bss.o)
 .debug_abbrev  0x0000018c       0x14 /usr/local/CrossPack-AVR-20131128/lib/gcc/avr/4.7.2/avr5/libgcc.a(_ctors.o)
 .debug_abbrev  0x000001a0       0x14 /usr/local/CrossPack-AVR-20131128/lib/gcc/avr/4.7.2/avr5/libgcc.a(_dtors.o)
 .debug_abbrev  0x000001b4       0x14 /usr/local/CrossPack-AVR-20131128/lib/gcc/avr/4.7.2/avr5/libgcc.a(_muluhisi3.o)
 .debug_abbrev  0x000001c8       0x14 /usr/local/CrossPack-AVR-20131128/lib/gcc/avr/4.7.2/avr5/libgcc.a(_mulshisi3.o)
 .debug_abbrev  0x000001dc       0x14 /usr/local/CrossPack-AVR-20131128/lib/gcc/avr/4.7.2/avr5/libgcc.a(_tablejump.o)
 .debug_abbrev  0x000001f0       0x14 /usr/local/CrossPack-AVR-20131128/lib/gcc/avr/4.7.2/avr5/libgcc.a(_umulhisi3.o)

.debug_line     0x00000000      0x631
 *(.debug_line)
 .debug_line    0x00000000       0x5d /usr/local/CrossPack-AVR-20131128/lib/gcc/avr/4.7.2/../../../../avr/lib/avr5/libc.a(random.o)
 .debug_line    0x0000005d       0x65 /usr/local/CrossPack-AVR-20131128/lib/gcc/avr/4.7.2/avr5/libgcc.a(_mulsi3.o)
 .debug_line    0x000000c2       0x62 /usr/local/CrossPack-AVR-20131128/lib/gcc/avr/4.7.2/avr5/libgcc.a(_udivmodqi4.o)
 .debug_line    0x00000124       0x6a /usr/local/CrossPack-AVR-20131128/lib/gcc/avr/4.7.2/avr5/libgcc.a(_udivmodhi4.o)
 .debug_line    0x0000018e       0x69 /usr/local/CrossPack-AVR-20131128/lib/gcc/avr/4.7.2/avr5/libgcc.a(_divmodhi4.o)
 .debug_line    0x000001f7       0x78 /usr/local/CrossPack-AVR-20131128/lib/gcc/avr/4.7.2/avr5/libgcc.a(_udivmodsi4.o)
 .debug_line    0x0000026f       0x71 /usr/local/CrossPack-AVR-20131128/lib/gcc/avr/4.7.2/avr5/libgcc.a(_divmodsi4.o)
 .debug_line    0x000002e0       0x58 /usr/local/CrossPack-AVR-20131128/lib/gcc/avr/4.7.2/avr5/libgcc.a(_exit.o)
 .debug_line    0x00000338       0x61 /usr/local/CrossPack-AVR-20131128/lib/gcc/avr/4.7.2/avr5/libgcc.a(_copy_data.o)
 .debug_line    0x00000399       0x5e /usr/local/CrossPack-AVR-20131128/lib/gcc/avr/4.7.2/avr5/libgcc.a(_clear_bss.o)
 .debug_line    0x000003f7       0x60 /usr/local/CrossPack-AVR-20131128/lib/gcc/avr/4.7.2/avr5/libgcc.a(_ctors.o)
 .debug_line    0x00000457       0x60 /usr/local/CrossPack-AVR-20131128/lib/gcc/avr/4.7.2/avr5/libgcc.a(_dtors.o)
 .debug_line    0x000004b7       0x60 /usr/local/CrossPack-AVR-20131128/lib/gcc/avr/4.7.2/avr5/libgcc.a(_muluhisi3.o)
 .debug_line    0x00000517       0x5c /usr/local/CrossPack-AVR-20131128/lib/gcc/avr/4.7.2/avr5/libgcc.a(_mulshisi3.o)
 .debug_line    0x00000573       0x5c /usr/local/CrossPack-AVR-20131128/lib/gcc/avr/4.7.2/avr5/libgcc.a(_tablejump.o)
 .debug_line    0x000005cf       0x62 /usr/local/CrossPack-AVR-20131128/lib/gcc/avr/4.7.2/avr5/libgcc.a(_umulhisi3.o)

.debug_frame    0x00000000       0x88
 *(.debug_frame)
 .debug_frame   0x00000000       0x88 /usr/local/CrossPack-AVR-20131128/lib/gcc/avr/4.7.2/../../../../avr/lib/avr5/libc.a(random.o)

.debug_str      0x00000000       0xc6
 *(.debug_str)
 .debug_str     0x00000000       0xc6 /usr/local/CrossPack-AVR-20131128/lib/gcc/avr/4.7.2/../../../../avr/lib/avr5/libc.a(random.o)
                                 0xda (size before relaxing)

.debug_loc      0x00000000      0x1e8
 *(.debug_loc)
 .debug_loc     0x00000000      0x1e8 /usr/local/CrossPack-AVR-20131128/lib/gcc/avr/4.7.2/../../../../avr/lib/avr5/libc.a(random.o)

.debug_macinfo
 *(.debug_macinfo)

.debug_pubtypes
 *(.debug_pubtypes)

.debug_ranges   0x00000000       0x28
 *(.debug_ranges)
 .debug_ranges  0x00000000       0x28 /usr/local/CrossPack-AVR-20131128/lib/gcc/avr/4.7.2/../../../../avr/lib/avr5/libc.a(random.o)

.debug_macro
 *(.debug_macro)
OUTPUT(TrinityRackCV.elf elf32-avr)
LOAD linker stubs

Cross Reference Table

Symbol                                            File
ADSR::ADSR()                                      /Users/dasvaclav/Documents/workspace/arduino-base/Release/libarduino-base.a(expADSR.o)
                                                  ./trinityRackCV.o
ADSR::ADSR()                                      /Users/dasvaclav/Documents/workspace/arduino-base/Release/libarduino-base.a(expADSR.o)
ADSR::calcCoef(float, float)                      /Users/dasvaclav/Documents/workspace/arduino-base/Release/libarduino-base.a(expADSR.o)
ADSR::setAttackRate(float)                        /Users/dasvaclav/Documents/workspace/arduino-base/Release/libarduino-base.a(expADSR.o)
                                                  ./trinityRackCV.o
ADSR::setDecayRate(float)                         /Users/dasvaclav/Documents/workspace/arduino-base/Release/libarduino-base.a(expADSR.o)
                                                  ./trinityRackCV.o
ADSR::setReleaseRate(float)                       /Users/dasvaclav/Documents/workspace/arduino-base/Release/libarduino-base.a(expADSR.o)
                                                  ./trinityRackCV.o
ADSR::setSustainLevel(float)                      /Users/dasvaclav/Documents/workspace/arduino-base/Release/libarduino-base.a(expADSR.o)
                                                  ./trinityRackCV.o
ADSR::setTargetRatioA(float)                      /Users/dasvaclav/Documents/workspace/arduino-base/Release/libarduino-base.a(expADSR.o)
                                                  ./trinityRackCV.o
ADSR::setTargetRatioDR(float)                     /Users/dasvaclav/Documents/workspace/arduino-base/Release/libarduino-base.a(expADSR.o)
                                                  ./trinityRackCV.o
ADSR::sync()                                      /Users/dasvaclav/Documents/workspace/arduino-base/Release/libarduino-base.a(expADSR.o)
                                                  ./trinityRackCV.o
ADSR::~ADSR()                                     /Users/dasvaclav/Documents/workspace/arduino-base/Release/libarduino-base.a(expADSR.o)
                                                  ./trinityRackCV.o
ADSR::~ADSR()                                     /Users/dasvaclav/Documents/workspace/arduino-base/Release/libarduino-base.a(expADSR.o)
ADSRMap                                           ./trinityRackCV.o
HardwareSerial::HardwareSerial(ring_buffer*, ring_buffer*, unsigned char volatile*, unsigned char volatile*, unsigned char volatile*, unsigned char volatile*, unsigned char volatile*, unsigned char volatile*, unsigned char, unsigned char, unsigned char, unsigned char, unsigned char) /Users/dasvaclav/Documents/workspace/arduino-base/Release/libarduino-base.a(HardwareSerial.o)
HardwareSerial::HardwareSerial(ring_buffer*, ring_buffer*, unsigned char volatile*, unsigned char volatile*, unsigned char volatile*, unsigned char volatile*, unsigned char volatile*, unsigned char volatile*, unsigned char, unsigned char, unsigned char, unsigned char, unsigned char) /Users/dasvaclav/Documents/workspace/arduino-base/Release/libarduino-base.a(HardwareSerial.o)
HardwareSerial::available()                       /Users/dasvaclav/Documents/workspace/arduino-base/Release/libarduino-base.a(HardwareSerial.o)
                                                  /Users/dasvaclav/Documents/workspace/arduino-base/Release/libarduino-base.a(simpleSerialProtocol.o)
HardwareSerial::begin(unsigned long)              /Users/dasvaclav/Documents/workspace/arduino-base/Release/libarduino-base.a(HardwareSerial.o)
                                                  /Users/dasvaclav/Documents/workspace/arduino-base/Release/libarduino-base.a(simpleSerialProtocol.o)
HardwareSerial::begin(unsigned long, unsigned char) /Users/dasvaclav/Documents/workspace/arduino-base/Release/libarduino-base.a(HardwareSerial.o)
HardwareSerial::end()                             /Users/dasvaclav/Documents/workspace/arduino-base/Release/libarduino-base.a(HardwareSerial.o)
HardwareSerial::flush()                           /Users/dasvaclav/Documents/workspace/arduino-base/Release/libarduino-base.a(HardwareSerial.o)
HardwareSerial::operator bool()                   /Users/dasvaclav/Documents/workspace/arduino-base/Release/libarduino-base.a(HardwareSerial.o)
HardwareSerial::peek()                            /Users/dasvaclav/Documents/workspace/arduino-base/Release/libarduino-base.a(HardwareSerial.o)
HardwareSerial::read()                            /Users/dasvaclav/Documents/workspace/arduino-base/Release/libarduino-base.a(HardwareSerial.o)
                                                  /Users/dasvaclav/Documents/workspace/arduino-base/Release/libarduino-base.a(simpleSerialProtocol.o)
HardwareSerial::write(unsigned char)              /Users/dasvaclav/Documents/workspace/arduino-base/Release/libarduino-base.a(HardwareSerial.o)
                                                  /Users/dasvaclav/Documents/workspace/arduino-base/Release/libarduino-base.a(simpleSerialProtocol.o)
LFO                                               ./trinityRackCV.o
LFOMap                                            ./trinityRackCV.o
Print::print(Printable const&)                    /Users/dasvaclav/Documents/workspace/arduino-base/Release/libarduino-base.a(Print.o)
Print::print(String const&)                       /Users/dasvaclav/Documents/workspace/arduino-base/Release/libarduino-base.a(Print.o)
Print::print(__FlashStringHelper const*)          /Users/dasvaclav/Documents/workspace/arduino-base/Release/libarduino-base.a(Print.o)
Print::print(char const*)                         /Users/dasvaclav/Documents/workspace/arduino-base/Release/libarduino-base.a(Print.o)
Print::print(char)                                /Users/dasvaclav/Documents/workspace/arduino-base/Release/libarduino-base.a(Print.o)
Print::print(double, int)                         /Users/dasvaclav/Documents/workspace/arduino-base/Release/libarduino-base.a(Print.o)
Print::print(int, int)                            /Users/dasvaclav/Documents/workspace/arduino-base/Release/libarduino-base.a(Print.o)
Print::print(long, int)                           /Users/dasvaclav/Documents/workspace/arduino-base/Release/libarduino-base.a(Print.o)
Print::print(unsigned char, int)                  /Users/dasvaclav/Documents/workspace/arduino-base/Release/libarduino-base.a(Print.o)
Print::print(unsigned int, int)                   /Users/dasvaclav/Documents/workspace/arduino-base/Release/libarduino-base.a(Print.o)
Print::print(unsigned long, int)                  /Users/dasvaclav/Documents/workspace/arduino-base/Release/libarduino-base.a(Print.o)
Print::printFloat(double, unsigned char)          /Users/dasvaclav/Documents/workspace/arduino-base/Release/libarduino-base.a(Print.o)
Print::printNumber(unsigned long, unsigned char)  /Users/dasvaclav/Documents/workspace/arduino-base/Release/libarduino-base.a(Print.o)
Print::println()                                  /Users/dasvaclav/Documents/workspace/arduino-base/Release/libarduino-base.a(Print.o)
Print::println(Printable const&)                  /Users/dasvaclav/Documents/workspace/arduino-base/Release/libarduino-base.a(Print.o)
Print::println(String const&)                     /Users/dasvaclav/Documents/workspace/arduino-base/Release/libarduino-base.a(Print.o)
Print::println(__FlashStringHelper const*)        /Users/dasvaclav/Documents/workspace/arduino-base/Release/libarduino-base.a(Print.o)
Print::println(char const*)                       /Users/dasvaclav/Documents/workspace/arduino-base/Release/libarduino-base.a(Print.o)
Print::println(char)                              /Users/dasvaclav/Documents/workspace/arduino-base/Release/libarduino-base.a(Print.o)
Print::println(double, int)                       /Users/dasvaclav/Documents/workspace/arduino-base/Release/libarduino-base.a(Print.o)
Print::println(int, int)                          /Users/dasvaclav/Documents/workspace/arduino-base/Release/libarduino-base.a(Print.o)
Print::println(long, int)                         /Users/dasvaclav/Documents/workspace/arduino-base/Release/libarduino-base.a(Print.o)
Print::println(unsigned char, int)                /Users/dasvaclav/Documents/workspace/arduino-base/Release/libarduino-base.a(Print.o)
Print::println(unsigned int, int)                 /Users/dasvaclav/Documents/workspace/arduino-base/Release/libarduino-base.a(Print.o)
Print::println(unsigned long, int)                /Users/dasvaclav/Documents/workspace/arduino-base/Release/libarduino-base.a(Print.o)
Print::write(char const*)                         /Users/dasvaclav/Documents/workspace/arduino-base/Release/libarduino-base.a(Print.o)
Print::write(unsigned char const*, unsigned int)  /Users/dasvaclav/Documents/workspace/arduino-base/Release/libarduino-base.a(Print.o)
                                                  /Users/dasvaclav/Documents/workspace/arduino-base/Release/libarduino-base.a(HardwareSerial.o)
SPI                                               /Users/dasvaclav/Documents/workspace/arduino-base/Release/libarduino-base.a(SPI.o)
SPIClass::begin()                                 /Users/dasvaclav/Documents/workspace/arduino-base/Release/libarduino-base.a(SPI.o)
                                                  ./trinityRackCV_HW.o
SPIClass::end()                                   /Users/dasvaclav/Documents/workspace/arduino-base/Release/libarduino-base.a(SPI.o)
SPIClass::setBitOrder(unsigned char)              /Users/dasvaclav/Documents/workspace/arduino-base/Release/libarduino-base.a(SPI.o)
                                                  ./trinityRackCV_HW.o
SPIClass::setClockDivider(unsigned char)          /Users/dasvaclav/Documents/workspace/arduino-base/Release/libarduino-base.a(SPI.o)
                                                  ./trinityRackCV_HW.o